#
# A fatal error has been detected by the Java Runtime Environment:
#
# java.lang.OutOfMemoryError: Cannot create worker GC thread. Out of system resources.
#
#  Internal Error (workgroup.cpp:73), pid=119285, tid=140495022774016
#  Error: Cannot create worker GC thread. Out of system resources.
#
# JRE version: 6.0_22-b04
# Java VM: Java HotSpot(TM) 64-Bit Server VM (17.1-b03 mixed mode linux-amd64 compressed oops)
# If you would like to submit a bug report, please visit:
#   http://java.sun.com/webapps/bugreport/crash.jsp
#

---------------  T H R E A D  ---------------

Current thread (0x00007fc784007800):  JavaThread "Unknown thread" [_thread_in_vm, id=119453, stack(0x00007fc78bdce000,0x00007fc78bece000)]

Stack: [0x00007fc78bdce000,0x00007fc78bece000],  sp=0x00007fc78becc9e0,  free space=3fa0000000000000018k
Native frames: (J=compiled Java code, j=interpreted, Vv=VM code, C=native code)
V  [libjvm.so+0x7306a0]
V  [libjvm.so+0x2f31e8]
V  [libjvm.so+0x744eba]
V  [libjvm.so+0x666647]
V  [libjvm.so+0x37a49c]
V  [libjvm.so+0x70a2fb]
V  [libjvm.so+0x709c7a]
V  [libjvm.so+0x3b5690]
V  [libjvm.so+0x6f1d5f]
V  [libjvm.so+0x420060]


---------------  P R O C E S S  ---------------

Java Threads: ( => current thread )

Other Threads:

=>0x00007fc784007800 (exited) JavaThread "Unknown thread" [_thread_in_vm, id=119453, stack(0x00007fc78bdce000,0x00007fc78bece000)]

VM state:not at safepoint (not fully initialized)

VM Mutex/Monitor currently owned by a thread: None

Dynamic libraries:
40000000-40009000 r-xp 00000000 fd:00 647108122                          /cao/Softs/mentor/ams/JRE/v1.6.0_22/aol/bin/java
40108000-4010a000 rwxp 00008000 fd:00 647108122                          /cao/Softs/mentor/ams/JRE/v1.6.0_22/aol/bin/java
40747000-40768000 rwxp 00000000 00:00 0                                  [heap]
7fc740000000-7fc740021000 rwxp 00000000 00:00 0 
7fc740021000-7fc744000000 ---p 00000000 00:00 0 
7fc748000000-7fc748021000 rwxp 00000000 00:00 0 
7fc748021000-7fc74c000000 ---p 00000000 00:00 0 
7fc74c000000-7fc74c021000 rwxp 00000000 00:00 0 
7fc74c021000-7fc750000000 ---p 00000000 00:00 0 
7fc750000000-7fc750021000 rwxp 00000000 00:00 0 
7fc750021000-7fc754000000 ---p 00000000 00:00 0 
7fc754000000-7fc754021000 rwxp 00000000 00:00 0 
7fc754021000-7fc758000000 ---p 00000000 00:00 0 
7fc758000000-7fc758021000 rwxp 00000000 00:00 0 
7fc758021000-7fc75c000000 ---p 00000000 00:00 0 
7fc75c000000-7fc75c021000 rwxp 00000000 00:00 0 
7fc75c021000-7fc760000000 ---p 00000000 00:00 0 
7fc760000000-7fc760021000 rwxp 00000000 00:00 0 
7fc760021000-7fc764000000 ---p 00000000 00:00 0 
7fc764000000-7fc764021000 rwxp 00000000 00:00 0 
7fc764021000-7fc768000000 ---p 00000000 00:00 0 
7fc768000000-7fc768021000 rwxp 00000000 00:00 0 
7fc768021000-7fc76c000000 ---p 00000000 00:00 0 
7fc76c000000-7fc76c021000 rwxp 00000000 00:00 0 
7fc76c021000-7fc770000000 ---p 00000000 00:00 0 
7fc770000000-7fc770021000 rwxp 00000000 00:00 0 
7fc770021000-7fc774000000 ---p 00000000 00:00 0 
7fc774000000-7fc774021000 rwxp 00000000 00:00 0 
7fc774021000-7fc778000000 ---p 00000000 00:00 0 
7fc77b2f3000-7fc77b2f4000 ---p 00000000 00:00 0 
7fc77b2f4000-7fc77b3f4000 rwxp 00000000 00:00 0 
7fc77b3f4000-7fc77b3f5000 ---p 00000000 00:00 0 
7fc77b3f5000-7fc77b4f5000 rwxp 00000000 00:00 0 
7fc77b4f5000-7fc77b4f6000 ---p 00000000 00:00 0 
7fc77b4f6000-7fc77b5f6000 rwxp 00000000 00:00 0 
7fc77b5f6000-7fc77b5f7000 ---p 00000000 00:00 0 
7fc77b5f7000-7fc77b6f7000 rwxp 00000000 00:00 0 
7fc77b6f7000-7fc77b6f8000 ---p 00000000 00:00 0 
7fc77b6f8000-7fc77b7f8000 rwxp 00000000 00:00 0 
7fc77b7f8000-7fc77b7f9000 ---p 00000000 00:00 0 
7fc77b7f9000-7fc77b8f9000 rwxp 00000000 00:00 0 
7fc77b8f9000-7fc77b8fa000 ---p 00000000 00:00 0 
7fc77b8fa000-7fc77b9fa000 rwxp 00000000 00:00 0 
7fc77b9fa000-7fc77b9fb000 ---p 00000000 00:00 0 
7fc77b9fb000-7fc77bafb000 rwxp 00000000 00:00 0 
7fc77bafb000-7fc77bafc000 ---p 00000000 00:00 0 
7fc77bafc000-7fc77bbfc000 rwxp 00000000 00:00 0 
7fc77bbfc000-7fc77bbfd000 ---p 00000000 00:00 0 
7fc77bbfd000-7fc77bcfd000 rwxp 00000000 00:00 0 
7fc77bcfd000-7fc77bcfe000 ---p 00000000 00:00 0 
7fc77bcfe000-7fc77bdfe000 rwxp 00000000 00:00 0 
7fc77bdfe000-7fc77bdff000 ---p 00000000 00:00 0 
7fc77bdff000-7fc77beff000 rwxp 00000000 00:00 0 
7fc77beff000-7fc77bf00000 ---p 00000000 00:00 0 
7fc77bf00000-7fc77c000000 rwxp 00000000 00:00 0 
7fc77c000000-7fc77c021000 rwxp 00000000 00:00 0 
7fc77c021000-7fc780000000 ---p 00000000 00:00 0 
7fc780000000-7fc780021000 rwxp 00000000 00:00 0 
7fc780021000-7fc784000000 ---p 00000000 00:00 0 
7fc784000000-7fc784035000 rwxp 00000000 00:00 0 
7fc784035000-7fc788000000 ---p 00000000 00:00 0 
7fc788038000-7fc788039000 ---p 00000000 00:00 0 
7fc788039000-7fc788139000 rwxp 00000000 00:00 0 
7fc788139000-7fc78813a000 ---p 00000000 00:00 0 
7fc78813a000-7fc78823a000 rwxp 00000000 00:00 0 
7fc78823a000-7fc78823b000 ---p 00000000 00:00 0 
7fc78823b000-7fc7885ab000 rwxp 00000000 00:00 0 
7fc7885ab000-7fc78b33b000 rwxp 00000000 00:00 0 
7fc78b33b000-7fc78b349000 r-xp 00000000 fd:00 87205417                   /cao/Softs/mentor/ams/JRE/v1.6.0_22/aol/lib/amd64/libzip.so
7fc78b349000-7fc78b44b000 ---p 0000e000 fd:00 87205417                   /cao/Softs/mentor/ams/JRE/v1.6.0_22/aol/lib/amd64/libzip.so
7fc78b44b000-7fc78b44e000 rwxp 00010000 fd:00 87205417                   /cao/Softs/mentor/ams/JRE/v1.6.0_22/aol/lib/amd64/libzip.so
7fc78b44e000-7fc78b44f000 rwxp 00000000 00:00 0 
7fc78b44f000-7fc78b45b000 r-xp 00000000 fd:00 268516897                  /usr/lib64/libnss_files-2.17.so
7fc78b45b000-7fc78b65a000 ---p 0000c000 fd:00 268516897                  /usr/lib64/libnss_files-2.17.so
7fc78b65a000-7fc78b65b000 r-xp 0000b000 fd:00 268516897                  /usr/lib64/libnss_files-2.17.so
7fc78b65b000-7fc78b65c000 rwxp 0000c000 fd:00 268516897                  /usr/lib64/libnss_files-2.17.so
7fc78b65c000-7fc78b662000 rwxp 00000000 00:00 0 
7fc78b662000-7fc78b669000 r-xp 00000000 fd:00 87205346                   /cao/Softs/mentor/ams/JRE/v1.6.0_22/aol/lib/amd64/native_threads/libhpi.so
7fc78b669000-7fc78b76a000 ---p 00007000 fd:00 87205346                   /cao/Softs/mentor/ams/JRE/v1.6.0_22/aol/lib/amd64/native_threads/libhpi.so
7fc78b76a000-7fc78b76c000 rwxp 00008000 fd:00 87205346                   /cao/Softs/mentor/ams/JRE/v1.6.0_22/aol/lib/amd64/native_threads/libhpi.so
7fc78b76c000-7fc78b76d000 rwxp 00000000 00:00 0 
7fc78b76d000-7fc78b784000 r-xp 00000000 fd:00 268516889                  /usr/lib64/libnsl-2.17.so
7fc78b784000-7fc78b983000 ---p 00017000 fd:00 268516889                  /usr/lib64/libnsl-2.17.so
7fc78b983000-7fc78b984000 r-xp 00016000 fd:00 268516889                  /usr/lib64/libnsl-2.17.so
7fc78b984000-7fc78b985000 rwxp 00017000 fd:00 268516889                  /usr/lib64/libnsl-2.17.so
7fc78b985000-7fc78b987000 rwxp 00000000 00:00 0 
7fc78b987000-7fc78b9af000 r-xp 00000000 fd:00 87205364                   /cao/Softs/mentor/ams/JRE/v1.6.0_22/aol/lib/amd64/libjava.so
7fc78b9af000-7fc78baaf000 ---p 00028000 fd:00 87205364                   /cao/Softs/mentor/ams/JRE/v1.6.0_22/aol/lib/amd64/libjava.so
7fc78baaf000-7fc78bab6000 rwxp 00028000 fd:00 87205364                   /cao/Softs/mentor/ams/JRE/v1.6.0_22/aol/lib/amd64/libjava.so
7fc78bab6000-7fc78bac3000 r-xp 00000000 fd:00 87205416                   /cao/Softs/mentor/ams/JRE/v1.6.0_22/aol/lib/amd64/libverify.so
7fc78bac3000-7fc78bbc2000 ---p 0000d000 fd:00 87205416                   /cao/Softs/mentor/ams/JRE/v1.6.0_22/aol/lib/amd64/libverify.so
7fc78bbc2000-7fc78bbc5000 rwxp 0000c000 fd:00 87205416                   /cao/Softs/mentor/ams/JRE/v1.6.0_22/aol/lib/amd64/libverify.so
7fc78bbc5000-7fc78bbcc000 r-xp 00000000 fd:00 268516909                  /usr/lib64/librt-2.17.so
7fc78bbcc000-7fc78bdcb000 ---p 00007000 fd:00 268516909                  /usr/lib64/librt-2.17.so
7fc78bdcb000-7fc78bdcc000 r-xp 00006000 fd:00 268516909                  /usr/lib64/librt-2.17.so
7fc78bdcc000-7fc78bdcd000 rwxp 00007000 fd:00 268516909                  /usr/lib64/librt-2.17.so
7fc78bdcd000-7fc78bdd1000 ---p 00000000 00:00 0 
7fc78bdd1000-7fc78bece000 rwxp 00000000 00:00 0 
7fc78bece000-7fc78bfcf000 r-xp 00000000 fd:00 268516887                  /usr/lib64/libm-2.17.so
7fc78bfcf000-7fc78c1ce000 ---p 00101000 fd:00 268516887                  /usr/lib64/libm-2.17.so
7fc78c1ce000-7fc78c1cf000 r-xp 00100000 fd:00 268516887                  /usr/lib64/libm-2.17.so
7fc78c1cf000-7fc78c1d0000 rwxp 00101000 fd:00 268516887                  /usr/lib64/libm-2.17.so
7fc78c1d0000-7fc78c9aa000 r-xp 00000000 fd:00 87205348                   /cao/Softs/mentor/ams/JRE/v1.6.0_22/aol/lib/amd64/server/libjvm.so
7fc78c9aa000-7fc78caac000 ---p 007da000 fd:00 87205348                   /cao/Softs/mentor/ams/JRE/v1.6.0_22/aol/lib/amd64/server/libjvm.so
7fc78caac000-7fc78cc3d000 rwxp 007dc000 fd:00 87205348                   /cao/Softs/mentor/ams/JRE/v1.6.0_22/aol/lib/amd64/server/libjvm.so
7fc78cc3d000-7fc78cc78000 rwxp 00000000 00:00 0 
7fc78cc78000-7fc78ce3b000 r-xp 00000000 fd:00 268516879                  /usr/lib64/libc-2.17.so
7fc78ce3b000-7fc78d03b000 ---p 001c3000 fd:00 268516879                  /usr/lib64/libc-2.17.so
7fc78d03b000-7fc78d03f000 r-xp 001c3000 fd:00 268516879                  /usr/lib64/libc-2.17.so
7fc78d03f000-7fc78d041000 rwxp 001c7000 fd:00 268516879                  /usr/lib64/libc-2.17.so
7fc78d041000-7fc78d046000 rwxp 00000000 00:00 0 
7fc78d046000-7fc78d048000 r-xp 00000000 fd:00 268516885                  /usr/lib64/libdl-2.17.so
7fc78d048000-7fc78d248000 ---p 00002000 fd:00 268516885                  /usr/lib64/libdl-2.17.so
7fc78d248000-7fc78d249000 r-xp 00002000 fd:00 268516885                  /usr/lib64/libdl-2.17.so
7fc78d249000-7fc78d24a000 rwxp 00003000 fd:00 268516885                  /usr/lib64/libdl-2.17.so
7fc78d24a000-7fc78d261000 r-xp 00000000 fd:00 268516905                  /usr/lib64/libpthread-2.17.so
7fc78d261000-7fc78d460000 ---p 00017000 fd:00 268516905                  /usr/lib64/libpthread-2.17.so
7fc78d460000-7fc78d461000 r-xp 00016000 fd:00 268516905                  /usr/lib64/libpthread-2.17.so
7fc78d461000-7fc78d462000 rwxp 00017000 fd:00 268516905                  /usr/lib64/libpthread-2.17.so
7fc78d462000-7fc78d466000 rwxp 00000000 00:00 0 
7fc78d466000-7fc78d488000 r-xp 00000000 fd:00 268516872                  /usr/lib64/ld-2.17.so
7fc78d4ad000-7fc78d4b7000 rwxp 00000000 00:00 0 
7fc78d4b7000-7fc78d56d000 rwxp 00000000 00:00 0 
7fc78d56d000-7fc78d575000 rwxs 00000000 fd:00 364971523                  /tmp/hsperfdata_filip/119285
7fc78d575000-7fc78d576000 rwxp 00000000 00:00 0 
7fc78d576000-7fc78d577000 r-xp 00000000 00:00 0 
7fc78d577000-7fc78d57b000 rwxp 00000000 00:00 0 
7fc78d57b000-7fc78d582000 r-xp 00000000 fd:00 352390253                  /cao/Softs/mentor/ams/JRE/v1.6.0_22/aol/lib/amd64/jli/libjli.so
7fc78d582000-7fc78d683000 ---p 00007000 fd:00 352390253                  /cao/Softs/mentor/ams/JRE/v1.6.0_22/aol/lib/amd64/jli/libjli.so
7fc78d683000-7fc78d685000 rwxp 00008000 fd:00 352390253                  /cao/Softs/mentor/ams/JRE/v1.6.0_22/aol/lib/amd64/jli/libjli.so
7fc78d685000-7fc78d687000 rwxp 00000000 00:00 0 
7fc78d687000-7fc78d688000 r-xp 00021000 fd:00 268516872                  /usr/lib64/ld-2.17.so
7fc78d688000-7fc78d689000 rwxp 00022000 fd:00 268516872                  /usr/lib64/ld-2.17.so
7fc78d689000-7fc78d68a000 rwxp 00000000 00:00 0 
7fff0f2ea000-7fff0f30e000 rwxp 00000000 00:00 0                          [stack]
7fff0f3cb000-7fff0f3cd000 r-xp 00000000 00:00 0                          [vdso]
ffffffffff600000-ffffffffff601000 r-xp 00000000 00:00 0                  [vsyscall]

VM Arguments:
jvm_args: -DMGC_TMPDIR=/tmp -DAMS_WDBSERVER_INFO=/home/filip/.ezwave/jwdbserver.info -DAMS_WDBSERVER_TIMEOUT=60 -DEZ_HOME=/home/filip -DMGC_AMS_HOME=/cao/Softs/mentor/ams -DAMS_VCO=aol -Djava.library.path=/cao/Softs/mentor/ams/aol/lib/lib -Xrs -Xms32000M -Xmx32000M -XX:MaxPermSize=512m -XX:+UseConcMarkSweepGC -XX:+UseParNewGC -XX:+CMSParallelRemarkEnabled -XX:CMSInitiatingOccupancyFraction=30 -XX:+UseCMSInitiatingOccupancyOnly -XX:-UseGCOverheadLimit -XX:+UseStringCache -XX:+OptimizeStringConcat -XX:+UseCompressedOops 
java_command: /cao/Softs/mentor/ams/aol/lib/wdbserver.jar
Launcher Type: SUN_STANDARD

Environment Variables:
PATH=/cao/Softs/mentor/ams/bin:/cao/Softs/mentor/ams/devenv_tools/x86_64/2.6.18.128.el5/bin:/cao/Softs/mentor/ams/modeltech/linux_x86_64:~/miniconda3/envs/mycondaenv/bin:/home/filip/.local/bin:/cao/DK/ST/HCMOS9A_10.9/PDK_STM_hcmos9lp_HV_M4_5V0/10.9-10/bin:/cao/DK/ST/HCMOS9A_10.9/UnicadKernel/5.0.a-00/bin:/home/filip/miniconda3/envs/mycondaenv/bin:/home/filip/miniconda3/envs/mycondaenv/bin:/home/filip/miniconda3/condabin:/home/filip/.local/bin:/usr/local/bin:/bin:/usr/bin:/usr/local/sbin:/usr/sbin:/cao/DK/ST/HCMOS9A_10.9/Addon_NVM_H9A@2018.4.1/bin:/cao/Softs/cadence/SPECTRE191/tools/bin:/cao/Softs/cadence/SPECTRE191/bin:/cao/Softs/cadence/INNOVUS162/bin:/cao/Softs/mentor/ams/bin:/cao/Softs/cadence/IC617/bin:/cao/Softs/cadence/IC617/tools/bin:/cao/Softs/cadence/IC617/tools/dfII/bin:/cad/cdspvs15_23_000/tools/bin:/cad/cdspvs15_23_000/bin:/cad/cdsext17_10_000/tools/bin:/cad/cdsext17_10_000/bin:/cao/Softs/mentor/calibre/aoj_cal_2019.1_37.21/bin:/cad/hspicevN2017_12_2/hspice/bin:/cad/starrcxt_vM2016_12_SP3/amd64_starrc/bin:/cao/Softs/cadence/INNOVUS162/bin:/cao/Softs/cadence/SPECTRE191/tools/bin
LD_LIBRARY_PATH=/cao/Softs/mentor/ams/JRE/v1.6.0_22/aol/lib/amd64/server:/cao/Softs/mentor/ams/JRE/v1.6.0_22/aol/lib/amd64:/cao/Softs/mentor/ams/JRE/v1.6.0_22/aol/../lib/amd64:/cao/Softs/mentor/ams/devenv_tools/x86_64/2.6.18.128.el5/lib64:/cao/Softs/mentor/ams/devenv_tools/x86_64/2.6.18.128.el5/lib64:/cao/Softs/mentor/ams/devenv_tools/x86_64/2.6.18.128.el5/lib:/cao/Softs/mentor/ams/devenv_tools/x86_64/2.6.18.128.el5/lib:/lib64:/cao/Softs/mentor/ams/modeltech/linux_x86_64:/cao/Softs/mentor/ams/aol/lib:/cao/Softs/cadence/IC617/tools/lib
SHELL=/bin/bash
DISPLAY=:2
HOSTTYPE=x86_64-linux
OSTYPE=linux
MACHTYPE=x86_64

Signal Handlers:
SIGSEGV: [libjvm.so+0x731250], sa_mask[0]=0x7ffbfeff, sa_flags=0x10000004
SIGBUS: [libjvm.so+0x731250], sa_mask[0]=0x7ffbfeff, sa_flags=0x10000004
SIGFPE: [libjvm.so+0x5f5e30], sa_mask[0]=0x7ffbfeff, sa_flags=0x10000004
SIGPIPE: [libjvm.so+0x5f5e30], sa_mask[0]=0x7ffbfeff, sa_flags=0x10000004
SIGXFSZ: [libjvm.so+0x5f5e30], sa_mask[0]=0x7ffbfeff, sa_flags=0x10000004
SIGILL: [libjvm.so+0x5f5e30], sa_mask[0]=0x7ffbfeff, sa_flags=0x10000004
SIGUSR1: SIG_DFL, sa_mask[0]=0x00000000, sa_flags=0x00000000
SIGUSR2: [libjvm.so+0x5f8650], sa_mask[0]=0x00000000, sa_flags=0x10000004
SIGHUP: SIG_DFL, sa_mask[0]=0x00000000, sa_flags=0x00000000
SIGINT: SIG_IGN, sa_mask[0]=0x00000000, sa_flags=0x00000000
SIGTERM: SIG_DFL, sa_mask[0]=0x00000000, sa_flags=0x00000000
SIGQUIT: SIG_DFL, sa_mask[0]=0x00000000, sa_flags=0x00000000


---------------  S Y S T E M  ---------------

OS:CentOS Linux release 7.8.2003 (Core)

uname:Linux 3.10.0-1127.19.1.el7.x86_64 #1 SMP Tue Aug 25 17:23:54 UTC 2020 x86_64
libc:glibc 2.17 NPTL 2.17 
rlimit: STACK 10240k, CORE 0k, NPROC 4096, NOFILE 4096, AS infinity
load average:18.51 9.63 8.21

CPU:total 72 (32 cores per cpu, 2 threads per core) family 6 model 85 stepping 7, cmov, cx8, fxsr, mmx, sse, sse2, sse3, ssse3, sse4.1, sse4.2, popcnt, ht

Memory: 4k page, physical 97402164k(337784k free), swap 4194300k(7244k free)

vm_info: Java HotSpot(TM) 64-Bit Server VM (17.1-b03) for linux-amd64 JRE (1.6.0_22-b04), built on Sep 15 2010 01:07:59 by "java_re" with gcc 3.2.2 (SuSE Linux)

time: Fri Aug 15 16:49:25 2025
elapsed time: 0 seconds

