#
# A fatal error has been detected by the Java Runtime Environment:
#
# java.lang.OutOfMemoryError: Cannot create worker GC thread. Out of system resources.
#
#  Internal Error (yieldingWorkgroup.cpp:53), pid=148195, tid=140517679568640
#  Error: Cannot create worker GC thread. Out of system resources.
#
# JRE version: 6.0_22-b04
# Java VM: Java HotSpot(TM) 64-Bit Server VM (17.1-b03 mixed mode linux-amd64 compressed oops)
# If you would like to submit a bug report, please visit:
#   http://java.sun.com/webapps/bugreport/crash.jsp
#

---------------  T H R E A D  ---------------

Current thread (0x00007fcccc007800):  JavaThread "Unknown thread" [_thread_in_vm, id=148297, stack(0x00007fccd2502000,0x00007fccd2602000)]

Stack: [0x00007fccd2502000,0x00007fccd2602000],  sp=0x00007fccd26007e0,  free space=3f90000000000000018k
Native frames: (J=compiled Java code, j=interpreted, Vv=VM code, C=native code)
V  [libjvm.so+0x7306a0]
V  [libjvm.so+0x2f31e8]
V  [libjvm.so+0x747e86]
V  [libjvm.so+0x2d0358]
V  [libjvm.so+0x37a9fa]
V  [libjvm.so+0x70a129]
V  [libjvm.so+0x709c7a]
V  [libjvm.so+0x3b5690]
V  [libjvm.so+0x6f1d5f]
V  [libjvm.so+0x420060]


---------------  P R O C E S S  ---------------

Java Threads: ( => current thread )

Other Threads:

=>0x00007fcccc007800 (exited) JavaThread "Unknown thread" [_thread_in_vm, id=148297, stack(0x00007fccd2502000,0x00007fccd2602000)]

VM state:not at safepoint (not fully initialized)

VM Mutex/Monitor currently owned by a thread: None

Dynamic libraries:
40000000-40009000 r-xp 00000000 fd:00 647108122                          /cao/Softs/mentor/ams/JRE/v1.6.0_22/aol/bin/java
40108000-4010a000 rwxp 00008000 fd:00 647108122                          /cao/Softs/mentor/ams/JRE/v1.6.0_22/aol/bin/java
407c3000-407e4000 rwxp 00000000 00:00 0                                  [heap]
7fc3eae7a000-7fc3eae7b000 ---p 00000000 00:00 0 
7fc3eae7b000-7fc413efa000 rwxp 00000000 00:00 0 
7fc413efa000-7fc413fef000 rwxp 00000000 00:00 0 
7fc413fef000-7fc413ff0000 rwxp 00000000 00:00 0 
7fc413ff0000-7fc414000000 ---p 00000000 00:00 0 
7fc414000000-7fcbe54c0000 rwxp 00000000 00:00 0 
7fcbe54c0000-7fcc04021000 rwxp 00000000 00:00 0 
7fcc04021000-7fcc08000000 ---p 00000000 00:00 0 
7fcc08000000-7fcc08021000 rwxp 00000000 00:00 0 
7fcc08021000-7fcc0c000000 ---p 00000000 00:00 0 
7fcc0c000000-7fcc0c021000 rwxp 00000000 00:00 0 
7fcc0c021000-7fcc10000000 ---p 00000000 00:00 0 
7fcc10000000-7fcc10021000 rwxp 00000000 00:00 0 
7fcc10021000-7fcc14000000 ---p 00000000 00:00 0 
7fcc14000000-7fcc14021000 rwxp 00000000 00:00 0 
7fcc14021000-7fcc18000000 ---p 00000000 00:00 0 
7fcc18000000-7fcc18021000 rwxp 00000000 00:00 0 
7fcc18021000-7fcc1c000000 ---p 00000000 00:00 0 
7fcc1c000000-7fcc1c021000 rwxp 00000000 00:00 0 
7fcc1c021000-7fcc20000000 ---p 00000000 00:00 0 
7fcc20016000-7fcc207d3000 rwxp 00000000 00:00 0 
7fcc207d3000-7fcc208c9000 rwxp 00000000 00:00 0 
7fcc208c9000-7fcc238f9000 rwxp 00000000 00:00 0 
7fcc238f9000-7fcc238fa000 ---p 00000000 00:00 0 
7fcc238fa000-7fcc239fa000 rwxp 00000000 00:00 0 
7fcc239fa000-7fcc239fb000 ---p 00000000 00:00 0 
7fcc239fb000-7fcc23afb000 rwxp 00000000 00:00 0 
7fcc23afb000-7fcc23afc000 ---p 00000000 00:00 0 
7fcc23afc000-7fcc23bfc000 rwxp 00000000 00:00 0 
7fcc23bfc000-7fcc23bfd000 ---p 00000000 00:00 0 
7fcc23bfd000-7fcc23cfd000 rwxp 00000000 00:00 0 
7fcc23cfd000-7fcc23cfe000 ---p 00000000 00:00 0 
7fcc23cfe000-7fcc23dfe000 rwxp 00000000 00:00 0 
7fcc23dfe000-7fcc23dff000 ---p 00000000 00:00 0 
7fcc23dff000-7fcc23eff000 rwxp 00000000 00:00 0 
7fcc23eff000-7fcc23f00000 ---p 00000000 00:00 0 
7fcc23f00000-7fcc24000000 rwxp 00000000 00:00 0 
7fcc24000000-7fcc24021000 rwxp 00000000 00:00 0 
7fcc24021000-7fcc28000000 ---p 00000000 00:00 0 
7fcc28000000-7fcc28021000 rwxp 00000000 00:00 0 
7fcc28021000-7fcc2c000000 ---p 00000000 00:00 0 
7fcc2c000000-7fcc2c021000 rwxp 00000000 00:00 0 
7fcc2c021000-7fcc30000000 ---p 00000000 00:00 0 
7fcc30000000-7fcc30021000 rwxp 00000000 00:00 0 
7fcc30021000-7fcc34000000 ---p 00000000 00:00 0 
7fcc34000000-7fcc34021000 rwxp 00000000 00:00 0 
7fcc34021000-7fcc38000000 ---p 00000000 00:00 0 
7fcc38000000-7fcc38021000 rwxp 00000000 00:00 0 
7fcc38021000-7fcc3c000000 ---p 00000000 00:00 0 
7fcc3c000000-7fcc3c021000 rwxp 00000000 00:00 0 
7fcc3c021000-7fcc40000000 ---p 00000000 00:00 0 
7fcc40000000-7fcc40021000 rwxp 00000000 00:00 0 
7fcc40021000-7fcc44000000 ---p 00000000 00:00 0 
7fcc44000000-7fcc44021000 rwxp 00000000 00:00 0 
7fcc44021000-7fcc48000000 ---p 00000000 00:00 0 
7fcc48000000-7fcc48021000 rwxp 00000000 00:00 0 
7fcc48021000-7fcc4c000000 ---p 00000000 00:00 0 
7fcc4c000000-7fcc4c021000 rwxp 00000000 00:00 0 
7fcc4c021000-7fcc50000000 ---p 00000000 00:00 0 
7fcc50000000-7fcc50021000 rwxp 00000000 00:00 0 
7fcc50021000-7fcc54000000 ---p 00000000 00:00 0 
7fcc54000000-7fcc54021000 rwxp 00000000 00:00 0 
7fcc54021000-7fcc58000000 ---p 00000000 00:00 0 
7fcc58000000-7fcc58021000 rwxp 00000000 00:00 0 
7fcc58021000-7fcc5c000000 ---p 00000000 00:00 0 
7fcc5c000000-7fcc5c021000 rwxp 00000000 00:00 0 
7fcc5c021000-7fcc60000000 ---p 00000000 00:00 0 
7fcc60000000-7fcc60021000 rwxp 00000000 00:00 0 
7fcc60021000-7fcc64000000 ---p 00000000 00:00 0 
7fcc64000000-7fcc64021000 rwxp 00000000 00:00 0 
7fcc64021000-7fcc68000000 ---p 00000000 00:00 0 
7fcc68000000-7fcc68021000 rwxp 00000000 00:00 0 
7fcc68021000-7fcc6c000000 ---p 00000000 00:00 0 
7fcc6c000000-7fcc6c021000 rwxp 00000000 00:00 0 
7fcc6c021000-7fcc70000000 ---p 00000000 00:00 0 
7fcc70000000-7fcc70021000 rwxp 00000000 00:00 0 
7fcc70021000-7fcc74000000 ---p 00000000 00:00 0 
7fcc74000000-7fcc74021000 rwxp 00000000 00:00 0 
7fcc74021000-7fcc78000000 ---p 00000000 00:00 0 
7fcc78000000-7fcc78021000 rwxp 00000000 00:00 0 
7fcc78021000-7fcc7c000000 ---p 00000000 00:00 0 
7fcc7c000000-7fcc7c021000 rwxp 00000000 00:00 0 
7fcc7c021000-7fcc80000000 ---p 00000000 00:00 0 
7fcc80000000-7fcc80021000 rwxp 00000000 00:00 0 
7fcc80021000-7fcc84000000 ---p 00000000 00:00 0 
7fcc84000000-7fcc84021000 rwxp 00000000 00:00 0 
7fcc84021000-7fcc88000000 ---p 00000000 00:00 0 
7fcc88000000-7fcc88021000 rwxp 00000000 00:00 0 
7fcc88021000-7fcc8c000000 ---p 00000000 00:00 0 
7fcc8c000000-7fcc8c021000 rwxp 00000000 00:00 0 
7fcc8c021000-7fcc90000000 ---p 00000000 00:00 0 
7fcc90000000-7fcc90021000 rwxp 00000000 00:00 0 
7fcc90021000-7fcc94000000 ---p 00000000 00:00 0 
7fcc94000000-7fcc94021000 rwxp 00000000 00:00 0 
7fcc94021000-7fcc98000000 ---p 00000000 00:00 0 
7fcc98000000-7fcc98021000 rwxp 00000000 00:00 0 
7fcc98021000-7fcc9c000000 ---p 00000000 00:00 0 
7fcc9c000000-7fcc9c021000 rwxp 00000000 00:00 0 
7fcc9c021000-7fcca0000000 ---p 00000000 00:00 0 
7fcca0000000-7fcca0021000 rwxp 00000000 00:00 0 
7fcca0021000-7fcca4000000 ---p 00000000 00:00 0 
7fcca4000000-7fcca4021000 rwxp 00000000 00:00 0 
7fcca4021000-7fcca8000000 ---p 00000000 00:00 0 
7fcca8000000-7fcca8021000 rwxp 00000000 00:00 0 
7fcca8021000-7fccac000000 ---p 00000000 00:00 0 
7fccac000000-7fccac021000 rwxp 00000000 00:00 0 
7fccac021000-7fccb0000000 ---p 00000000 00:00 0 
7fccb0000000-7fccb0021000 rwxp 00000000 00:00 0 
7fccb0021000-7fccb4000000 ---p 00000000 00:00 0 
7fccb4000000-7fccb4021000 rwxp 00000000 00:00 0 
7fccb4021000-7fccb8000000 ---p 00000000 00:00 0 
7fccb8000000-7fccb8021000 rwxp 00000000 00:00 0 
7fccb8021000-7fccbc000000 ---p 00000000 00:00 0 
7fccbc000000-7fccbc021000 rwxp 00000000 00:00 0 
7fccbc021000-7fccc0000000 ---p 00000000 00:00 0 
7fccc0000000-7fccc0021000 rwxp 00000000 00:00 0 
7fccc0021000-7fccc4000000 ---p 00000000 00:00 0 
7fccc4000000-7fccc4021000 rwxp 00000000 00:00 0 
7fccc4021000-7fccc8000000 ---p 00000000 00:00 0 
7fccc80f1000-7fccc80f2000 ---p 00000000 00:00 0 
7fccc80f2000-7fccc81f2000 rwxp 00000000 00:00 0 
7fccc81f2000-7fccc81f3000 ---p 00000000 00:00 0 
7fccc81f3000-7fccc82f3000 rwxp 00000000 00:00 0 
7fccc82f3000-7fccc82f4000 ---p 00000000 00:00 0 
7fccc82f4000-7fccc83f4000 rwxp 00000000 00:00 0 
7fccc83f4000-7fccc83f5000 ---p 00000000 00:00 0 
7fccc83f5000-7fccc84f5000 rwxp 00000000 00:00 0 
7fccc84f5000-7fccc84f6000 ---p 00000000 00:00 0 
7fccc84f6000-7fccc85f6000 rwxp 00000000 00:00 0 
7fccc85f6000-7fccc85f7000 ---p 00000000 00:00 0 
7fccc85f7000-7fccc86f7000 rwxp 00000000 00:00 0 
7fccc86f7000-7fccc86f8000 ---p 00000000 00:00 0 
7fccc86f8000-7fccc87f8000 rwxp 00000000 00:00 0 
7fccc87f8000-7fccc87f9000 ---p 00000000 00:00 0 
7fccc87f9000-7fccc88f9000 rwxp 00000000 00:00 0 
7fccc88f9000-7fccc88fa000 ---p 00000000 00:00 0 
7fccc88fa000-7fccc89fa000 rwxp 00000000 00:00 0 
7fccc89fa000-7fccc89fb000 ---p 00000000 00:00 0 
7fccc89fb000-7fccc8afb000 rwxp 00000000 00:00 0 
7fccc8afb000-7fccc8afc000 ---p 00000000 00:00 0 
7fccc8afc000-7fccc8bfc000 rwxp 00000000 00:00 0 
7fccc8bfc000-7fccc8bfd000 ---p 00000000 00:00 0 
7fccc8bfd000-7fccc8cfd000 rwxp 00000000 00:00 0 
7fccc8cfd000-7fccc8cfe000 ---p 00000000 00:00 0 
7fccc8cfe000-7fccc8dfe000 rwxp 00000000 00:00 0 
7fccc8dfe000-7fccc8dff000 ---p 00000000 00:00 0 
7fccc8dff000-7fccc8eff000 rwxp 00000000 00:00 0 
7fccc8eff000-7fccc8f00000 ---p 00000000 00:00 0 
7fccc8f00000-7fccc9270000 rwxp 00000000 00:00 0 
7fccc9270000-7fcccc529000 rwxp 00000000 00:00 0 
7fcccc529000-7fccd0000000 ---p 00000000 00:00 0 
7fccd0055000-7fccd0056000 ---p 00000000 00:00 0 
7fccd0056000-7fccd0156000 rwxp 00000000 00:00 0 
7fccd0156000-7fccd0157000 ---p 00000000 00:00 0 
7fccd0157000-7fccd0257000 rwxp 00000000 00:00 0 
7fccd0257000-7fccd0258000 ---p 00000000 00:00 0 
7fccd0258000-7fccd0358000 rwxp 00000000 00:00 0 
7fccd0358000-7fccd0359000 ---p 00000000 00:00 0 
7fccd0359000-7fccd0459000 rwxp 00000000 00:00 0 
7fccd0459000-7fccd045a000 ---p 00000000 00:00 0 
7fccd045a000-7fccd055a000 rwxp 00000000 00:00 0 
7fccd055a000-7fccd055b000 ---p 00000000 00:00 0 
7fccd055b000-7fccd065b000 rwxp 00000000 00:00 0 
7fccd065b000-7fccd065c000 ---p 00000000 00:00 0 
7fccd065c000-7fccd075c000 rwxp 00000000 00:00 0 
7fccd075c000-7fccd075d000 ---p 00000000 00:00 0 
7fccd075d000-7fccd085d000 rwxp 00000000 00:00 0 
7fccd085d000-7fccd085e000 ---p 00000000 00:00 0 
7fccd085e000-7fccd095e000 rwxp 00000000 00:00 0 
7fccd095e000-7fccd095f000 ---p 00000000 00:00 0 
7fccd095f000-7fccd0a5f000 rwxp 00000000 00:00 0 
7fccd0a5f000-7fccd0a60000 ---p 00000000 00:00 0 
7fccd0a60000-7fccd0b60000 rwxp 00000000 00:00 0 
7fccd0b60000-7fccd0b61000 ---p 00000000 00:00 0 
7fccd0b61000-7fccd0c61000 rwxp 00000000 00:00 0 
7fccd0c61000-7fccd0c62000 ---p 00000000 00:00 0 
7fccd0c62000-7fccd0d62000 rwxp 00000000 00:00 0 
7fccd0d62000-7fccd0d63000 ---p 00000000 00:00 0 
7fccd0d63000-7fccd0e63000 rwxp 00000000 00:00 0 
7fccd0e63000-7fccd0e64000 ---p 00000000 00:00 0 
7fccd0e64000-7fccd0f64000 rwxp 00000000 00:00 0 
7fccd0f64000-7fccd0f65000 ---p 00000000 00:00 0 
7fccd0f65000-7fccd1065000 rwxp 00000000 00:00 0 
7fccd1065000-7fccd1066000 ---p 00000000 00:00 0 
7fccd1066000-7fccd1166000 rwxp 00000000 00:00 0 
7fccd1166000-7fccd1167000 ---p 00000000 00:00 0 
7fccd1167000-7fccd1267000 rwxp 00000000 00:00 0 
7fccd1267000-7fccd1268000 ---p 00000000 00:00 0 
7fccd1268000-7fccd1368000 rwxp 00000000 00:00 0 
7fccd1368000-7fccd1369000 ---p 00000000 00:00 0 
7fccd1369000-7fccd1469000 rwxp 00000000 00:00 0 
7fccd1469000-7fccd146a000 ---p 00000000 00:00 0 
7fccd146a000-7fccd156a000 rwxp 00000000 00:00 0 
7fccd156a000-7fccd156b000 ---p 00000000 00:00 0 
7fccd156b000-7fccd166b000 rwxp 00000000 00:00 0 
7fccd166b000-7fccd166c000 ---p 00000000 00:00 0 
7fccd166c000-7fccd176c000 rwxp 00000000 00:00 0 
7fccd176c000-7fccd176d000 ---p 00000000 00:00 0 
7fccd176d000-7fccd186d000 rwxp 00000000 00:00 0 
7fccd186d000-7fccd186e000 ---p 00000000 00:00 0 
7fccd186e000-7fccd196e000 rwxp 00000000 00:00 0 
7fccd196e000-7fccd196f000 ---p 00000000 00:00 0 
7fccd196f000-7fccd1a6f000 rwxp 00000000 00:00 0 
7fccd1a6f000-7fccd1a7d000 r-xp 00000000 fd:00 87205417                   /cao/Softs/mentor/ams/JRE/v1.6.0_22/aol/lib/amd64/libzip.so
7fccd1a7d000-7fccd1b7f000 ---p 0000e000 fd:00 87205417                   /cao/Softs/mentor/ams/JRE/v1.6.0_22/aol/lib/amd64/libzip.so
7fccd1b7f000-7fccd1b82000 rwxp 00010000 fd:00 87205417                   /cao/Softs/mentor/ams/JRE/v1.6.0_22/aol/lib/amd64/libzip.so
7fccd1b82000-7fccd1b83000 rwxp 00000000 00:00 0 
7fccd1b83000-7fccd1b8f000 r-xp 00000000 fd:00 268516897                  /usr/lib64/libnss_files-2.17.so
7fccd1b8f000-7fccd1d8e000 ---p 0000c000 fd:00 268516897                  /usr/lib64/libnss_files-2.17.so
7fccd1d8e000-7fccd1d8f000 r-xp 0000b000 fd:00 268516897                  /usr/lib64/libnss_files-2.17.so
7fccd1d8f000-7fccd1d90000 rwxp 0000c000 fd:00 268516897                  /usr/lib64/libnss_files-2.17.so
7fccd1d90000-7fccd1d96000 rwxp 00000000 00:00 0 
7fccd1d96000-7fccd1d9d000 r-xp 00000000 fd:00 87205346                   /cao/Softs/mentor/ams/JRE/v1.6.0_22/aol/lib/amd64/native_threads/libhpi.so
7fccd1d9d000-7fccd1e9e000 ---p 00007000 fd:00 87205346                   /cao/Softs/mentor/ams/JRE/v1.6.0_22/aol/lib/amd64/native_threads/libhpi.so
7fccd1e9e000-7fccd1ea0000 rwxp 00008000 fd:00 87205346                   /cao/Softs/mentor/ams/JRE/v1.6.0_22/aol/lib/amd64/native_threads/libhpi.so
7fccd1ea0000-7fccd1ea1000 rwxp 00000000 00:00 0 
7fccd1ea1000-7fccd1eb8000 r-xp 00000000 fd:00 268516889                  /usr/lib64/libnsl-2.17.so
7fccd1eb8000-7fccd20b7000 ---p 00017000 fd:00 268516889                  /usr/lib64/libnsl-2.17.so
7fccd20b7000-7fccd20b8000 r-xp 00016000 fd:00 268516889                  /usr/lib64/libnsl-2.17.so
7fccd20b8000-7fccd20b9000 rwxp 00017000 fd:00 268516889                  /usr/lib64/libnsl-2.17.so
7fccd20b9000-7fccd20bb000 rwxp 00000000 00:00 0 
7fccd20bb000-7fccd20e3000 r-xp 00000000 fd:00 87205364                   /cao/Softs/mentor/ams/JRE/v1.6.0_22/aol/lib/amd64/libjava.so
7fccd20e3000-7fccd21e3000 ---p 00028000 fd:00 87205364                   /cao/Softs/mentor/ams/JRE/v1.6.0_22/aol/lib/amd64/libjava.so
7fccd21e3000-7fccd21ea000 rwxp 00028000 fd:00 87205364                   /cao/Softs/mentor/ams/JRE/v1.6.0_22/aol/lib/amd64/libjava.so
7fccd21ea000-7fccd21f7000 r-xp 00000000 fd:00 87205416                   /cao/Softs/mentor/ams/JRE/v1.6.0_22/aol/lib/amd64/libverify.so
7fccd21f7000-7fccd22f6000 ---p 0000d000 fd:00 87205416                   /cao/Softs/mentor/ams/JRE/v1.6.0_22/aol/lib/amd64/libverify.so
7fccd22f6000-7fccd22f9000 rwxp 0000c000 fd:00 87205416                   /cao/Softs/mentor/ams/JRE/v1.6.0_22/aol/lib/amd64/libverify.so
7fccd22f9000-7fccd2300000 r-xp 00000000 fd:00 268516909                  /usr/lib64/librt-2.17.so
7fccd2300000-7fccd24ff000 ---p 00007000 fd:00 268516909                  /usr/lib64/librt-2.17.so
7fccd24ff000-7fccd2500000 r-xp 00006000 fd:00 268516909                  /usr/lib64/librt-2.17.so
7fccd2500000-7fccd2501000 rwxp 00007000 fd:00 268516909                  /usr/lib64/librt-2.17.so
7fccd2501000-7fccd2505000 ---p 00000000 00:00 0 
7fccd2505000-7fccd2602000 rwxp 00000000 00:00 0 
7fccd2602000-7fccd2703000 r-xp 00000000 fd:00 268516887                  /usr/lib64/libm-2.17.so
7fccd2703000-7fccd2902000 ---p 00101000 fd:00 268516887                  /usr/lib64/libm-2.17.so
7fccd2902000-7fccd2903000 r-xp 00100000 fd:00 268516887                  /usr/lib64/libm-2.17.so
7fccd2903000-7fccd2904000 rwxp 00101000 fd:00 268516887                  /usr/lib64/libm-2.17.so
7fccd2904000-7fccd30de000 r-xp 00000000 fd:00 87205348                   /cao/Softs/mentor/ams/JRE/v1.6.0_22/aol/lib/amd64/server/libjvm.so
7fccd30de000-7fccd31e0000 ---p 007da000 fd:00 87205348                   /cao/Softs/mentor/ams/JRE/v1.6.0_22/aol/lib/amd64/server/libjvm.so
7fccd31e0000-7fccd3371000 rwxp 007dc000 fd:00 87205348                   /cao/Softs/mentor/ams/JRE/v1.6.0_22/aol/lib/amd64/server/libjvm.so
7fccd3371000-7fccd33ac000 rwxp 00000000 00:00 0 
7fccd33ac000-7fccd356f000 r-xp 00000000 fd:00 268516879                  /usr/lib64/libc-2.17.so
7fccd356f000-7fccd376f000 ---p 001c3000 fd:00 268516879                  /usr/lib64/libc-2.17.so
7fccd376f000-7fccd3773000 r-xp 001c3000 fd:00 268516879                  /usr/lib64/libc-2.17.so
7fccd3773000-7fccd3775000 rwxp 001c7000 fd:00 268516879                  /usr/lib64/libc-2.17.so
7fccd3775000-7fccd377a000 rwxp 00000000 00:00 0 
7fccd377a000-7fccd377c000 r-xp 00000000 fd:00 268516885                  /usr/lib64/libdl-2.17.so
7fccd377c000-7fccd397c000 ---p 00002000 fd:00 268516885                  /usr/lib64/libdl-2.17.so
7fccd397c000-7fccd397d000 r-xp 00002000 fd:00 268516885                  /usr/lib64/libdl-2.17.so
7fccd397d000-7fccd397e000 rwxp 00003000 fd:00 268516885                  /usr/lib64/libdl-2.17.so
7fccd397e000-7fccd3995000 r-xp 00000000 fd:00 268516905                  /usr/lib64/libpthread-2.17.so
7fccd3995000-7fccd3b94000 ---p 00017000 fd:00 268516905                  /usr/lib64/libpthread-2.17.so
7fccd3b94000-7fccd3b95000 r-xp 00016000 fd:00 268516905                  /usr/lib64/libpthread-2.17.so
7fccd3b95000-7fccd3b96000 rwxp 00017000 fd:00 268516905                  /usr/lib64/libpthread-2.17.so
7fccd3b96000-7fccd3b9a000 rwxp 00000000 00:00 0 
7fccd3b9a000-7fccd3bbc000 r-xp 00000000 fd:00 268516872                  /usr/lib64/ld-2.17.so
7fccd3be1000-7fccd3beb000 rwxp 00000000 00:00 0 
7fccd3beb000-7fccd3ca1000 rwxp 00000000 00:00 0 
7fccd3ca1000-7fccd3ca9000 rwxs 00000000 fd:00 364971556                  /tmp/hsperfdata_filip/148195
7fccd3ca9000-7fccd3caa000 rwxp 00000000 00:00 0 
7fccd3caa000-7fccd3cab000 r-xp 00000000 00:00 0 
7fccd3cab000-7fccd3caf000 rwxp 00000000 00:00 0 
7fccd3caf000-7fccd3cb6000 r-xp 00000000 fd:00 352390253                  /cao/Softs/mentor/ams/JRE/v1.6.0_22/aol/lib/amd64/jli/libjli.so
7fccd3cb6000-7fccd3db7000 ---p 00007000 fd:00 352390253                  /cao/Softs/mentor/ams/JRE/v1.6.0_22/aol/lib/amd64/jli/libjli.so
7fccd3db7000-7fccd3db9000 rwxp 00008000 fd:00 352390253                  /cao/Softs/mentor/ams/JRE/v1.6.0_22/aol/lib/amd64/jli/libjli.so
7fccd3db9000-7fccd3dbb000 rwxp 00000000 00:00 0 
7fccd3dbb000-7fccd3dbc000 r-xp 00021000 fd:00 268516872                  /usr/lib64/ld-2.17.so
7fccd3dbc000-7fccd3dbd000 rwxp 00022000 fd:00 268516872                  /usr/lib64/ld-2.17.so
7fccd3dbd000-7fccd3dbe000 rwxp 00000000 00:00 0 
7fff34ad3000-7fff34af9000 rwxp 00000000 00:00 0                          [stack]
7fff34bd6000-7fff34bd8000 r-xp 00000000 00:00 0                          [vdso]
ffffffffff600000-ffffffffff601000 r-xp 00000000 00:00 0                  [vsyscall]

VM Arguments:
jvm_args: -DMGC_TMPDIR=/tmp -DAMS_WDBSERVER_INFO=/home/filip/.ezwave/jwdbserver.info -DAMS_WDBSERVER_TIMEOUT=60 -DEZ_HOME=/home/filip -DMGC_AMS_HOME=/cao/Softs/mentor/ams -DAMS_VCO=aol -Djava.library.path=/cao/Softs/mentor/ams/aol/lib/lib -Xrs -Xms32000M -Xmx32000M -XX:MaxPermSize=512m -XX:+UseConcMarkSweepGC -XX:+UseParNewGC -XX:+CMSParallelRemarkEnabled -XX:CMSInitiatingOccupancyFraction=30 -XX:+UseCMSInitiatingOccupancyOnly -XX:-UseGCOverheadLimit -XX:+UseStringCache -XX:+OptimizeStringConcat -XX:+UseCompressedOops 
java_command: /cao/Softs/mentor/ams/aol/lib/wdbserver.jar
Launcher Type: SUN_STANDARD

Environment Variables:
LD_LIBRARY_PATH=/cao/Softs/mentor/ams/JRE/v1.6.0_22/aol/lib/amd64/server:/cao/Softs/mentor/ams/JRE/v1.6.0_22/aol/lib/amd64:/cao/Softs/mentor/ams/JRE/v1.6.0_22/aol/../lib/amd64:/cao/Softs/mentor/ams/devenv_tools/x86_64/2.6.18.128.el5/lib64:/cao/Softs/mentor/ams/devenv_tools/x86_64/2.6.18.128.el5/lib64:/cao/Softs/mentor/ams/devenv_tools/x86_64/2.6.18.128.el5/lib:/cao/Softs/mentor/ams/devenv_tools/x86_64/2.6.18.128.el5/lib:/lib64:/cao/Softs/mentor/ams/modeltech/linux_x86_64:/cao/Softs/mentor/ams/aol/lib:/cao/Softs/cadence/IC617/tools/lib
SHELL=/bin/bash
DISPLAY=:2
HOSTTYPE=x86_64-linux
OSTYPE=linux
MACHTYPE=x86_64

Signal Handlers:
SIGSEGV: [libjvm.so+0x731250], sa_mask[0]=0x7ffbfeff, sa_flags=0x10000004
SIGBUS: [libjvm.so+0x731250], sa_mask[0]=0x7ffbfeff, sa_flags=0x10000004
SIGFPE: [libjvm.so+0x5f5e30], sa_mask[0]=0x7ffbfeff, sa_flags=0x10000004
SIGPIPE: [libjvm.so+0x5f5e30], sa_mask[0]=0x7ffbfeff, sa_flags=0x10000004
SIGXFSZ: [libjvm.so+0x5f5e30], sa_mask[0]=0x7ffbfeff, sa_flags=0x10000004
SIGILL: [libjvm.so+0x5f5e30], sa_mask[0]=0x7ffbfeff, sa_flags=0x10000004
SIGUSR1: SIG_DFL, sa_mask[0]=0x00000000, sa_flags=0x00000000
SIGUSR2: [libjvm.so+0x5f8650], sa_mask[0]=0x00000000, sa_flags=0x10000004
SIGHUP: SIG_DFL, sa_mask[0]=0x00000000, sa_flags=0x00000000
SIGINT: SIG_IGN, sa_mask[0]=0x00000000, sa_flags=0x00000000
SIGTERM: SIG_DFL, sa_mask[0]=0x00000000, sa_flags=0x00000000
SIGQUIT: SIG_DFL, sa_mask[0]=0x00000000, sa_flags=0x00000000


---------------  S Y S T E M  ---------------

OS:CentOS Linux release 7.8.2003 (Core)

uname:Linux 3.10.0-1127.19.1.el7.x86_64 #1 SMP Tue Aug 25 17:23:54 UTC 2020 x86_64
libc:glibc 2.17 NPTL 2.17 
rlimit: STACK 10240k, CORE 0k, NPROC 4096, NOFILE 4096, AS infinity
load average:10.15 3.00 1.23

CPU:total 72 (32 cores per cpu, 2 threads per core) family 6 model 85 stepping 7, cmov, cx8, fxsr, mmx, sse, sse2, sse3, ssse3, sse4.1, sse4.2, popcnt, ht

Memory: 4k page, physical 97402164k(308904k free), swap 4194300k(4131324k free)

vm_info: Java HotSpot(TM) 64-Bit Server VM (17.1-b03) for linux-amd64 JRE (1.6.0_22-b04), built on Sep 15 2010 01:07:59 by "java_re" with gcc 3.2.2 (SuSE Linux)

time: Tue Aug  5 23:25:46 2025
elapsed time: 0 seconds

