#
# A fatal error has been detected by the Java Runtime Environment:
#
# java.lang.OutOfMemoryError: Cannot create worker GC thread. Out of system resources.
#
#  Internal Error (workgroup.cpp:73), pid=119432, tid=140592766084864
#  Error: Cannot create worker GC thread. Out of system resources.
#
# JRE version: 6.0_22-b04
# Java VM: Java HotSpot(TM) 64-Bit Server VM (17.1-b03 mixed mode linux-amd64 compressed oops)
# If you would like to submit a bug report, please visit:
#   http://java.sun.com/webapps/bugreport/crash.jsp
#

---------------  T H R E A D  ---------------

Current thread (0x00007fde48007800):  JavaThread "Unknown thread" [_thread_in_vm, id=119455, stack(0x00007fde4dd17000,0x00007fde4de17000)]

Stack: [0x00007fde4dd17000,0x00007fde4de17000],  sp=0x00007fde4de159e0,  free space=3fa0000000000000018k
Native frames: (J=compiled Java code, j=interpreted, Vv=VM code, C=native code)
V  [libjvm.so+0x7306a0]
V  [libjvm.so+0x2f31e8]
V  [libjvm.so+0x744eba]
V  [libjvm.so+0x666647]
V  [libjvm.so+0x37a49c]
V  [libjvm.so+0x70a2fb]
V  [libjvm.so+0x709c7a]
V  [libjvm.so+0x3b5690]
V  [libjvm.so+0x6f1d5f]
V  [libjvm.so+0x420060]


---------------  P R O C E S S  ---------------

Java Threads: ( => current thread )

Other Threads:

=>0x00007fde48007800 (exited) JavaThread "Unknown thread" [_thread_in_vm, id=119455, stack(0x00007fde4dd17000,0x00007fde4de17000)]

VM state:not at safepoint (not fully initialized)

VM Mutex/Monitor currently owned by a thread: None

Dynamic libraries:
40000000-40009000 r-xp 00000000 fd:00 647108122                          /cao/Softs/mentor/ams/JRE/v1.6.0_22/aol/bin/java
40108000-4010a000 rwxp 00008000 fd:00 647108122                          /cao/Softs/mentor/ams/JRE/v1.6.0_22/aol/bin/java
40c3b000-40c5c000 rwxp 00000000 00:00 0                                  [heap]
7fddf8000000-7fddf8021000 rwxp 00000000 00:00 0 
7fddf8021000-7fddfc000000 ---p 00000000 00:00 0 
7fddfc000000-7fddfc021000 rwxp 00000000 00:00 0 
7fddfc021000-7fde00000000 ---p 00000000 00:00 0 
7fde00000000-7fde00021000 rwxp 00000000 00:00 0 
7fde00021000-7fde04000000 ---p 00000000 00:00 0 
7fde04000000-7fde04021000 rwxp 00000000 00:00 0 
7fde04021000-7fde08000000 ---p 00000000 00:00 0 
7fde08000000-7fde08021000 rwxp 00000000 00:00 0 
7fde08021000-7fde0c000000 ---p 00000000 00:00 0 
7fde0c000000-7fde0c021000 rwxp 00000000 00:00 0 
7fde0c021000-7fde10000000 ---p 00000000 00:00 0 
7fde10000000-7fde10021000 rwxp 00000000 00:00 0 
7fde10021000-7fde14000000 ---p 00000000 00:00 0 
7fde14000000-7fde14021000 rwxp 00000000 00:00 0 
7fde14021000-7fde18000000 ---p 00000000 00:00 0 
7fde18000000-7fde18021000 rwxp 00000000 00:00 0 
7fde18021000-7fde1c000000 ---p 00000000 00:00 0 
7fde1c000000-7fde1c021000 rwxp 00000000 00:00 0 
7fde1c021000-7fde20000000 ---p 00000000 00:00 0 
7fde20000000-7fde20021000 rwxp 00000000 00:00 0 
7fde20021000-7fde24000000 ---p 00000000 00:00 0 
7fde24000000-7fde24021000 rwxp 00000000 00:00 0 
7fde24021000-7fde28000000 ---p 00000000 00:00 0 
7fde28000000-7fde28021000 rwxp 00000000 00:00 0 
7fde28021000-7fde2c000000 ---p 00000000 00:00 0 
7fde2c000000-7fde2c021000 rwxp 00000000 00:00 0 
7fde2c021000-7fde30000000 ---p 00000000 00:00 0 
7fde30000000-7fde30021000 rwxp 00000000 00:00 0 
7fde30021000-7fde34000000 ---p 00000000 00:00 0 
7fde34000000-7fde34021000 rwxp 00000000 00:00 0 
7fde34021000-7fde38000000 ---p 00000000 00:00 0 
7fde38000000-7fde38021000 rwxp 00000000 00:00 0 
7fde38021000-7fde3c000000 ---p 00000000 00:00 0 
7fde3c000000-7fde3c021000 rwxp 00000000 00:00 0 
7fde3c021000-7fde40000000 ---p 00000000 00:00 0 
7fde40000000-7fde40021000 rwxp 00000000 00:00 0 
7fde40021000-7fde44000000 ---p 00000000 00:00 0 
7fde44dfe000-7fde44dff000 ---p 00000000 00:00 0 
7fde44dff000-7fde44eff000 rwxp 00000000 00:00 0 
7fde44eff000-7fde44f00000 ---p 00000000 00:00 0 
7fde44f00000-7fde45270000 rwxp 00000000 00:00 0 
7fde45270000-7fde4803c000 rwxp 00000000 00:00 0 
7fde4803c000-7fde4c000000 ---p 00000000 00:00 0 
7fde4c072000-7fde4c073000 ---p 00000000 00:00 0 
7fde4c073000-7fde4c173000 rwxp 00000000 00:00 0 
7fde4c173000-7fde4c174000 ---p 00000000 00:00 0 
7fde4c174000-7fde4c274000 rwxp 00000000 00:00 0 
7fde4c274000-7fde4c275000 ---p 00000000 00:00 0 
7fde4c275000-7fde4c375000 rwxp 00000000 00:00 0 
7fde4c375000-7fde4c376000 ---p 00000000 00:00 0 
7fde4c376000-7fde4c476000 rwxp 00000000 00:00 0 
7fde4c476000-7fde4c477000 ---p 00000000 00:00 0 
7fde4c477000-7fde4c577000 rwxp 00000000 00:00 0 
7fde4c577000-7fde4c578000 ---p 00000000 00:00 0 
7fde4c578000-7fde4c678000 rwxp 00000000 00:00 0 
7fde4c678000-7fde4c679000 ---p 00000000 00:00 0 
7fde4c679000-7fde4c779000 rwxp 00000000 00:00 0 
7fde4c779000-7fde4c77a000 ---p 00000000 00:00 0 
7fde4c77a000-7fde4c87a000 rwxp 00000000 00:00 0 
7fde4c87a000-7fde4c87b000 ---p 00000000 00:00 0 
7fde4c87b000-7fde4c97b000 rwxp 00000000 00:00 0 
7fde4c97b000-7fde4c97c000 ---p 00000000 00:00 0 
7fde4c97c000-7fde4ca7c000 rwxp 00000000 00:00 0 
7fde4ca7c000-7fde4ca7d000 ---p 00000000 00:00 0 
7fde4ca7d000-7fde4cb7d000 rwxp 00000000 00:00 0 
7fde4cb7d000-7fde4cb7e000 ---p 00000000 00:00 0 
7fde4cb7e000-7fde4cc7e000 rwxp 00000000 00:00 0 
7fde4cc7e000-7fde4cc7f000 ---p 00000000 00:00 0 
7fde4cc7f000-7fde4cd7f000 rwxp 00000000 00:00 0 
7fde4cd7f000-7fde4cd80000 ---p 00000000 00:00 0 
7fde4cd80000-7fde4ce80000 rwxp 00000000 00:00 0 
7fde4ce80000-7fde4ce81000 ---p 00000000 00:00 0 
7fde4ce81000-7fde4cf81000 rwxp 00000000 00:00 0 
7fde4cf81000-7fde4cf82000 ---p 00000000 00:00 0 
7fde4cf82000-7fde4d082000 rwxp 00000000 00:00 0 
7fde4d082000-7fde4d083000 ---p 00000000 00:00 0 
7fde4d083000-7fde4d183000 rwxp 00000000 00:00 0 
7fde4d183000-7fde4d184000 ---p 00000000 00:00 0 
7fde4d184000-7fde4d284000 rwxp 00000000 00:00 0 
7fde4d284000-7fde4d292000 r-xp 00000000 fd:00 87205417                   /cao/Softs/mentor/ams/JRE/v1.6.0_22/aol/lib/amd64/libzip.so
7fde4d292000-7fde4d394000 ---p 0000e000 fd:00 87205417                   /cao/Softs/mentor/ams/JRE/v1.6.0_22/aol/lib/amd64/libzip.so
7fde4d394000-7fde4d397000 rwxp 00010000 fd:00 87205417                   /cao/Softs/mentor/ams/JRE/v1.6.0_22/aol/lib/amd64/libzip.so
7fde4d397000-7fde4d398000 rwxp 00000000 00:00 0 
7fde4d398000-7fde4d3a4000 r-xp 00000000 fd:00 268516897                  /usr/lib64/libnss_files-2.17.so
7fde4d3a4000-7fde4d5a3000 ---p 0000c000 fd:00 268516897                  /usr/lib64/libnss_files-2.17.so
7fde4d5a3000-7fde4d5a4000 r-xp 0000b000 fd:00 268516897                  /usr/lib64/libnss_files-2.17.so
7fde4d5a4000-7fde4d5a5000 rwxp 0000c000 fd:00 268516897                  /usr/lib64/libnss_files-2.17.so
7fde4d5a5000-7fde4d5ab000 rwxp 00000000 00:00 0 
7fde4d5ab000-7fde4d5b2000 r-xp 00000000 fd:00 87205346                   /cao/Softs/mentor/ams/JRE/v1.6.0_22/aol/lib/amd64/native_threads/libhpi.so
7fde4d5b2000-7fde4d6b3000 ---p 00007000 fd:00 87205346                   /cao/Softs/mentor/ams/JRE/v1.6.0_22/aol/lib/amd64/native_threads/libhpi.so
7fde4d6b3000-7fde4d6b5000 rwxp 00008000 fd:00 87205346                   /cao/Softs/mentor/ams/JRE/v1.6.0_22/aol/lib/amd64/native_threads/libhpi.so
7fde4d6b5000-7fde4d6b6000 rwxp 00000000 00:00 0 
7fde4d6b6000-7fde4d6cd000 r-xp 00000000 fd:00 268516889                  /usr/lib64/libnsl-2.17.so
7fde4d6cd000-7fde4d8cc000 ---p 00017000 fd:00 268516889                  /usr/lib64/libnsl-2.17.so
7fde4d8cc000-7fde4d8cd000 r-xp 00016000 fd:00 268516889                  /usr/lib64/libnsl-2.17.so
7fde4d8cd000-7fde4d8ce000 rwxp 00017000 fd:00 268516889                  /usr/lib64/libnsl-2.17.so
7fde4d8ce000-7fde4d8d0000 rwxp 00000000 00:00 0 
7fde4d8d0000-7fde4d8f8000 r-xp 00000000 fd:00 87205364                   /cao/Softs/mentor/ams/JRE/v1.6.0_22/aol/lib/amd64/libjava.so
7fde4d8f8000-7fde4d9f8000 ---p 00028000 fd:00 87205364                   /cao/Softs/mentor/ams/JRE/v1.6.0_22/aol/lib/amd64/libjava.so
7fde4d9f8000-7fde4d9ff000 rwxp 00028000 fd:00 87205364                   /cao/Softs/mentor/ams/JRE/v1.6.0_22/aol/lib/amd64/libjava.so
7fde4d9ff000-7fde4da0c000 r-xp 00000000 fd:00 87205416                   /cao/Softs/mentor/ams/JRE/v1.6.0_22/aol/lib/amd64/libverify.so
7fde4da0c000-7fde4db0b000 ---p 0000d000 fd:00 87205416                   /cao/Softs/mentor/ams/JRE/v1.6.0_22/aol/lib/amd64/libverify.so
7fde4db0b000-7fde4db0e000 rwxp 0000c000 fd:00 87205416                   /cao/Softs/mentor/ams/JRE/v1.6.0_22/aol/lib/amd64/libverify.so
7fde4db0e000-7fde4db15000 r-xp 00000000 fd:00 268516909                  /usr/lib64/librt-2.17.so
7fde4db15000-7fde4dd14000 ---p 00007000 fd:00 268516909                  /usr/lib64/librt-2.17.so
7fde4dd14000-7fde4dd15000 r-xp 00006000 fd:00 268516909                  /usr/lib64/librt-2.17.so
7fde4dd15000-7fde4dd16000 rwxp 00007000 fd:00 268516909                  /usr/lib64/librt-2.17.so
7fde4dd16000-7fde4dd1a000 ---p 00000000 00:00 0 
7fde4dd1a000-7fde4de17000 rwxp 00000000 00:00 0 
7fde4de17000-7fde4df18000 r-xp 00000000 fd:00 268516887                  /usr/lib64/libm-2.17.so
7fde4df18000-7fde4e117000 ---p 00101000 fd:00 268516887                  /usr/lib64/libm-2.17.so
7fde4e117000-7fde4e118000 r-xp 00100000 fd:00 268516887                  /usr/lib64/libm-2.17.so
7fde4e118000-7fde4e119000 rwxp 00101000 fd:00 268516887                  /usr/lib64/libm-2.17.so
7fde4e119000-7fde4e8f3000 r-xp 00000000 fd:00 87205348                   /cao/Softs/mentor/ams/JRE/v1.6.0_22/aol/lib/amd64/server/libjvm.so
7fde4e8f3000-7fde4e9f5000 ---p 007da000 fd:00 87205348                   /cao/Softs/mentor/ams/JRE/v1.6.0_22/aol/lib/amd64/server/libjvm.so
7fde4e9f5000-7fde4eb86000 rwxp 007dc000 fd:00 87205348                   /cao/Softs/mentor/ams/JRE/v1.6.0_22/aol/lib/amd64/server/libjvm.so
7fde4eb86000-7fde4ebc1000 rwxp 00000000 00:00 0 
7fde4ebc1000-7fde4ed84000 r-xp 00000000 fd:00 268516879                  /usr/lib64/libc-2.17.so
7fde4ed84000-7fde4ef84000 ---p 001c3000 fd:00 268516879                  /usr/lib64/libc-2.17.so
7fde4ef84000-7fde4ef88000 r-xp 001c3000 fd:00 268516879                  /usr/lib64/libc-2.17.so
7fde4ef88000-7fde4ef8a000 rwxp 001c7000 fd:00 268516879                  /usr/lib64/libc-2.17.so
7fde4ef8a000-7fde4ef8f000 rwxp 00000000 00:00 0 
7fde4ef8f000-7fde4ef91000 r-xp 00000000 fd:00 268516885                  /usr/lib64/libdl-2.17.so
7fde4ef91000-7fde4f191000 ---p 00002000 fd:00 268516885                  /usr/lib64/libdl-2.17.so
7fde4f191000-7fde4f192000 r-xp 00002000 fd:00 268516885                  /usr/lib64/libdl-2.17.so
7fde4f192000-7fde4f193000 rwxp 00003000 fd:00 268516885                  /usr/lib64/libdl-2.17.so
7fde4f193000-7fde4f1aa000 r-xp 00000000 fd:00 268516905                  /usr/lib64/libpthread-2.17.so
7fde4f1aa000-7fde4f3a9000 ---p 00017000 fd:00 268516905                  /usr/lib64/libpthread-2.17.so
7fde4f3a9000-7fde4f3aa000 r-xp 00016000 fd:00 268516905                  /usr/lib64/libpthread-2.17.so
7fde4f3aa000-7fde4f3ab000 rwxp 00017000 fd:00 268516905                  /usr/lib64/libpthread-2.17.so
7fde4f3ab000-7fde4f3af000 rwxp 00000000 00:00 0 
7fde4f3af000-7fde4f3d1000 r-xp 00000000 fd:00 268516872                  /usr/lib64/ld-2.17.so
7fde4f3f6000-7fde4f400000 rwxp 00000000 00:00 0 
7fde4f400000-7fde4f4b6000 rwxp 00000000 00:00 0 
7fde4f4b6000-7fde4f4be000 rwxs 00000000 fd:00 364971521                  /tmp/hsperfdata_filip/119432
7fde4f4be000-7fde4f4bf000 rwxp 00000000 00:00 0 
7fde4f4bf000-7fde4f4c0000 r-xp 00000000 00:00 0 
7fde4f4c0000-7fde4f4c4000 rwxp 00000000 00:00 0 
7fde4f4c4000-7fde4f4cb000 r-xp 00000000 fd:00 352390253                  /cao/Softs/mentor/ams/JRE/v1.6.0_22/aol/lib/amd64/jli/libjli.so
7fde4f4cb000-7fde4f5cc000 ---p 00007000 fd:00 352390253                  /cao/Softs/mentor/ams/JRE/v1.6.0_22/aol/lib/amd64/jli/libjli.so
7fde4f5cc000-7fde4f5ce000 rwxp 00008000 fd:00 352390253                  /cao/Softs/mentor/ams/JRE/v1.6.0_22/aol/lib/amd64/jli/libjli.so
7fde4f5ce000-7fde4f5d0000 rwxp 00000000 00:00 0 
7fde4f5d0000-7fde4f5d1000 r-xp 00021000 fd:00 268516872                  /usr/lib64/ld-2.17.so
7fde4f5d1000-7fde4f5d2000 rwxp 00022000 fd:00 268516872                  /usr/lib64/ld-2.17.so
7fde4f5d2000-7fde4f5d3000 rwxp 00000000 00:00 0 
7ffee7506000-7ffee752a000 rwxp 00000000 00:00 0                          [stack]
7ffee75fd000-7ffee75ff000 r-xp 00000000 00:00 0                          [vdso]
ffffffffff600000-ffffffffff601000 r-xp 00000000 00:00 0                  [vsyscall]

VM Arguments:
jvm_args: -DMGC_TMPDIR=/tmp -DAMS_WDBSERVER_INFO=/home/filip/.ezwave/jwdbserver.info -DAMS_WDBSERVER_TIMEOUT=60 -DEZ_HOME=/home/filip -DMGC_AMS_HOME=/cao/Softs/mentor/ams -DAMS_VCO=aol -Djava.library.path=/cao/Softs/mentor/ams/aol/lib/lib -Xrs -Xms32000M -Xmx32000M -XX:MaxPermSize=512m -XX:+UseConcMarkSweepGC -XX:+UseParNewGC -XX:+CMSParallelRemarkEnabled -XX:CMSInitiatingOccupancyFraction=30 -XX:+UseCMSInitiatingOccupancyOnly -XX:-UseGCOverheadLimit -XX:+UseStringCache -XX:+OptimizeStringConcat -XX:+UseCompressedOops 
java_command: /cao/Softs/mentor/ams/aol/lib/wdbserver.jar
Launcher Type: SUN_STANDARD

Environment Variables:
PATH=/cao/Softs/mentor/ams/bin:/cao/Softs/mentor/ams/devenv_tools/x86_64/2.6.18.128.el5/bin:/cao/Softs/mentor/ams/modeltech/linux_x86_64:~/miniconda3/envs/mycondaenv/bin:/home/filip/.local/bin:/cao/DK/ST/HCMOS9A_10.9/PDK_STM_hcmos9lp_HV_M4_5V0/10.9-10/bin:/cao/DK/ST/HCMOS9A_10.9/UnicadKernel/5.0.a-00/bin:/home/filip/miniconda3/envs/mycondaenv/bin:/home/filip/miniconda3/envs/mycondaenv/bin:/home/filip/miniconda3/condabin:/home/filip/.local/bin:/usr/local/bin:/bin:/usr/bin:/usr/local/sbin:/usr/sbin:/cao/DK/ST/HCMOS9A_10.9/Addon_NVM_H9A@2018.4.1/bin:/cao/Softs/cadence/SPECTRE191/tools/bin:/cao/Softs/cadence/SPECTRE191/bin:/cao/Softs/cadence/INNOVUS162/bin:/cao/Softs/mentor/ams/bin:/cao/Softs/cadence/IC617/bin:/cao/Softs/cadence/IC617/tools/bin:/cao/Softs/cadence/IC617/tools/dfII/bin:/cad/cdspvs15_23_000/tools/bin:/cad/cdspvs15_23_000/bin:/cad/cdsext17_10_000/tools/bin:/cad/cdsext17_10_000/bin:/cao/Softs/mentor/calibre/aoj_cal_2019.1_37.21/bin:/cad/hspicevN2017_12_2/hspice/bin:/cad/starrcxt_vM2016_12_SP3/amd64_starrc/bin:/cao/Softs/cadence/INNOVUS162/bin:/cao/Softs/cadence/SPECTRE191/tools/bin
LD_LIBRARY_PATH=/cao/Softs/mentor/ams/JRE/v1.6.0_22/aol/lib/amd64/server:/cao/Softs/mentor/ams/JRE/v1.6.0_22/aol/lib/amd64:/cao/Softs/mentor/ams/JRE/v1.6.0_22/aol/../lib/amd64:/cao/Softs/mentor/ams/devenv_tools/x86_64/2.6.18.128.el5/lib64:/cao/Softs/mentor/ams/devenv_tools/x86_64/2.6.18.128.el5/lib64:/cao/Softs/mentor/ams/devenv_tools/x86_64/2.6.18.128.el5/lib:/cao/Softs/mentor/ams/devenv_tools/x86_64/2.6.18.128.el5/lib:/lib64:/cao/Softs/mentor/ams/modeltech/linux_x86_64:/cao/Softs/mentor/ams/aol/lib:/cao/Softs/cadence/IC617/tools/lib
SHELL=/bin/bash
DISPLAY=:2
HOSTTYPE=x86_64-linux
OSTYPE=linux
MACHTYPE=x86_64

Signal Handlers:
SIGSEGV: [libjvm.so+0x731250], sa_mask[0]=0x7ffbfeff, sa_flags=0x10000004
SIGBUS: [libjvm.so+0x731250], sa_mask[0]=0x7ffbfeff, sa_flags=0x10000004
SIGFPE: [libjvm.so+0x5f5e30], sa_mask[0]=0x7ffbfeff, sa_flags=0x10000004
SIGPIPE: [libjvm.so+0x5f5e30], sa_mask[0]=0x7ffbfeff, sa_flags=0x10000004
SIGXFSZ: [libjvm.so+0x5f5e30], sa_mask[0]=0x7ffbfeff, sa_flags=0x10000004
SIGILL: [libjvm.so+0x5f5e30], sa_mask[0]=0x7ffbfeff, sa_flags=0x10000004
SIGUSR1: SIG_DFL, sa_mask[0]=0x00000000, sa_flags=0x00000000
SIGUSR2: [libjvm.so+0x5f8650], sa_mask[0]=0x00000000, sa_flags=0x10000004
SIGHUP: SIG_DFL, sa_mask[0]=0x00000000, sa_flags=0x00000000
SIGINT: SIG_IGN, sa_mask[0]=0x00000000, sa_flags=0x00000000
SIGTERM: SIG_DFL, sa_mask[0]=0x00000000, sa_flags=0x00000000
SIGQUIT: SIG_DFL, sa_mask[0]=0x00000000, sa_flags=0x00000000


---------------  S Y S T E M  ---------------

OS:CentOS Linux release 7.8.2003 (Core)

uname:Linux 3.10.0-1127.19.1.el7.x86_64 #1 SMP Tue Aug 25 17:23:54 UTC 2020 x86_64
libc:glibc 2.17 NPTL 2.17 
rlimit: STACK 10240k, CORE 0k, NPROC 4096, NOFILE 4096, AS infinity
load average:18.51 9.63 8.21

CPU:total 72 (32 cores per cpu, 2 threads per core) family 6 model 85 stepping 7, cmov, cx8, fxsr, mmx, sse, sse2, sse3, ssse3, sse4.1, sse4.2, popcnt, ht

Memory: 4k page, physical 97402164k(337692k free), swap 4194300k(7244k free)

vm_info: Java HotSpot(TM) 64-Bit Server VM (17.1-b03) for linux-amd64 JRE (1.6.0_22-b04), built on Sep 15 2010 01:07:59 by "java_re" with gcc 3.2.2 (SuSE Linux)

time: Fri Aug 15 16:49:25 2025
elapsed time: 0 seconds

