#
# A fatal error has been detected by the Java Runtime Environment:
#
# java.lang.OutOfMemoryError: Cannot create worker GC thread. Out of system resources.
#
#  Internal Error (workgroup.cpp:73), pid=119328, tid=139977016952576
#  Error: Cannot create worker GC thread. Out of system resources.
#
# JRE version: 6.0_22-b04
# Java VM: Java HotSpot(TM) 64-Bit Server VM (17.1-b03 mixed mode linux-amd64 compressed oops)
# If you would like to submit a bug report, please visit:
#   http://java.sun.com/webapps/bugreport/crash.jsp
#

---------------  T H R E A D  ---------------

Current thread (0x00007f4eec007800):  JavaThread "Unknown thread" [_thread_in_vm, id=119454, stack(0x00007f4ef04f5000,0x00007f4ef05f5000)]

Stack: [0x00007f4ef04f5000,0x00007f4ef05f5000],  sp=0x00007f4ef05f39e0,  free space=3fa0000000000000018k
Native frames: (J=compiled Java code, j=interpreted, Vv=VM code, C=native code)
V  [libjvm.so+0x7306a0]
V  [libjvm.so+0x2f31e8]
V  [libjvm.so+0x744eba]
V  [libjvm.so+0x666647]
V  [libjvm.so+0x37a49c]
V  [libjvm.so+0x70a2fb]
V  [libjvm.so+0x709c7a]
V  [libjvm.so+0x3b5690]
V  [libjvm.so+0x6f1d5f]
V  [libjvm.so+0x420060]


---------------  P R O C E S S  ---------------

Java Threads: ( => current thread )

Other Threads:

=>0x00007f4eec007800 (exited) JavaThread "Unknown thread" [_thread_in_vm, id=119454, stack(0x00007f4ef04f5000,0x00007f4ef05f5000)]

VM state:not at safepoint (not fully initialized)

VM Mutex/Monitor currently owned by a thread: None

Dynamic libraries:
40000000-40009000 r-xp 00000000 fd:00 647108122                          /cao/Softs/mentor/ams/JRE/v1.6.0_22/aol/bin/java
40108000-4010a000 rwxp 00008000 fd:00 647108122                          /cao/Softs/mentor/ams/JRE/v1.6.0_22/aol/bin/java
41957000-41978000 rwxp 00000000 00:00 0                                  [heap]
7f4ea4000000-7f4ea4021000 rwxp 00000000 00:00 0 
7f4ea4021000-7f4ea8000000 ---p 00000000 00:00 0 
7f4ea8000000-7f4ea8021000 rwxp 00000000 00:00 0 
7f4ea8021000-7f4eac000000 ---p 00000000 00:00 0 
7f4eac000000-7f4eac021000 rwxp 00000000 00:00 0 
7f4eac021000-7f4eb0000000 ---p 00000000 00:00 0 
7f4eb0000000-7f4eb0021000 rwxp 00000000 00:00 0 
7f4eb0021000-7f4eb4000000 ---p 00000000 00:00 0 
7f4eb4000000-7f4eb4021000 rwxp 00000000 00:00 0 
7f4eb4021000-7f4eb8000000 ---p 00000000 00:00 0 
7f4eb8000000-7f4eb8021000 rwxp 00000000 00:00 0 
7f4eb8021000-7f4ebc000000 ---p 00000000 00:00 0 
7f4ebc000000-7f4ebc021000 rwxp 00000000 00:00 0 
7f4ebc021000-7f4ec0000000 ---p 00000000 00:00 0 
7f4ec37f8000-7f4ec37f9000 ---p 00000000 00:00 0 
7f4ec37f9000-7f4ec38f9000 rwxp 00000000 00:00 0 
7f4ec38f9000-7f4ec38fa000 ---p 00000000 00:00 0 
7f4ec38fa000-7f4ec39fa000 rwxp 00000000 00:00 0 
7f4ec39fa000-7f4ec39fb000 ---p 00000000 00:00 0 
7f4ec39fb000-7f4ec3afb000 rwxp 00000000 00:00 0 
7f4ec3afb000-7f4ec3afc000 ---p 00000000 00:00 0 
7f4ec3afc000-7f4ec3bfc000 rwxp 00000000 00:00 0 
7f4ec3bfc000-7f4ec3bfd000 ---p 00000000 00:00 0 
7f4ec3bfd000-7f4ec3cfd000 rwxp 00000000 00:00 0 
7f4ec3cfd000-7f4ec3cfe000 ---p 00000000 00:00 0 
7f4ec3cfe000-7f4ec3dfe000 rwxp 00000000 00:00 0 
7f4ec3dfe000-7f4ec3dff000 ---p 00000000 00:00 0 
7f4ec3dff000-7f4ec3eff000 rwxp 00000000 00:00 0 
7f4ec3eff000-7f4ec3f00000 ---p 00000000 00:00 0 
7f4ec3f00000-7f4ec4000000 rwxp 00000000 00:00 0 
7f4ec4000000-7f4ec4021000 rwxp 00000000 00:00 0 
7f4ec4021000-7f4ec8000000 ---p 00000000 00:00 0 
7f4ec8000000-7f4ec8021000 rwxp 00000000 00:00 0 
7f4ec8021000-7f4ecc000000 ---p 00000000 00:00 0 
7f4ecc000000-7f4ecc021000 rwxp 00000000 00:00 0 
7f4ecc021000-7f4ed0000000 ---p 00000000 00:00 0 
7f4ed0000000-7f4ed0021000 rwxp 00000000 00:00 0 
7f4ed0021000-7f4ed4000000 ---p 00000000 00:00 0 
7f4ed4000000-7f4ed4021000 rwxp 00000000 00:00 0 
7f4ed4021000-7f4ed8000000 ---p 00000000 00:00 0 
7f4ed8000000-7f4ed8021000 rwxp 00000000 00:00 0 
7f4ed8021000-7f4edc000000 ---p 00000000 00:00 0 
7f4edc000000-7f4edc021000 rwxp 00000000 00:00 0 
7f4edc021000-7f4ee0000000 ---p 00000000 00:00 0 
7f4ee0000000-7f4ee0021000 rwxp 00000000 00:00 0 
7f4ee0021000-7f4ee4000000 ---p 00000000 00:00 0 
7f4ee4000000-7f4ee4021000 rwxp 00000000 00:00 0 
7f4ee4021000-7f4ee8000000 ---p 00000000 00:00 0 
7f4ee80ab000-7f4ee80ac000 ---p 00000000 00:00 0 
7f4ee80ac000-7f4ee81ac000 rwxp 00000000 00:00 0 
7f4ee81ac000-7f4ee81ad000 ---p 00000000 00:00 0 
7f4ee81ad000-7f4ee82ad000 rwxp 00000000 00:00 0 
7f4ee82ad000-7f4ee82ae000 ---p 00000000 00:00 0 
7f4ee82ae000-7f4ee83ae000 rwxp 00000000 00:00 0 
7f4ee83ae000-7f4ee83af000 ---p 00000000 00:00 0 
7f4ee83af000-7f4ee84af000 rwxp 00000000 00:00 0 
7f4ee84af000-7f4ee84b0000 ---p 00000000 00:00 0 
7f4ee84b0000-7f4ee85b0000 rwxp 00000000 00:00 0 
7f4ee85b0000-7f4ee85b1000 ---p 00000000 00:00 0 
7f4ee85b1000-7f4ee86b1000 rwxp 00000000 00:00 0 
7f4ee86b1000-7f4ee86b2000 ---p 00000000 00:00 0 
7f4ee86b2000-7f4ee87b2000 rwxp 00000000 00:00 0 
7f4ee87b2000-7f4ee87b3000 ---p 00000000 00:00 0 
7f4ee87b3000-7f4ee88b3000 rwxp 00000000 00:00 0 
7f4ee88b3000-7f4ee88b4000 ---p 00000000 00:00 0 
7f4ee88b4000-7f4ee8c24000 rwxp 00000000 00:00 0 
7f4ee8c24000-7f4eeb9b4000 rwxp 00000000 00:00 0 
7f4eeb9b4000-7f4eeb9c2000 r-xp 00000000 fd:00 87205417                   /cao/Softs/mentor/ams/JRE/v1.6.0_22/aol/lib/amd64/libzip.so
7f4eeb9c2000-7f4eebac4000 ---p 0000e000 fd:00 87205417                   /cao/Softs/mentor/ams/JRE/v1.6.0_22/aol/lib/amd64/libzip.so
7f4eebac4000-7f4eebac7000 rwxp 00010000 fd:00 87205417                   /cao/Softs/mentor/ams/JRE/v1.6.0_22/aol/lib/amd64/libzip.so
7f4eebac7000-7f4eebac8000 rwxp 00000000 00:00 0 
7f4eebac8000-7f4eebad4000 r-xp 00000000 fd:00 268516897                  /usr/lib64/libnss_files-2.17.so
7f4eebad4000-7f4eebcd3000 ---p 0000c000 fd:00 268516897                  /usr/lib64/libnss_files-2.17.so
7f4eebcd3000-7f4eebcd4000 r-xp 0000b000 fd:00 268516897                  /usr/lib64/libnss_files-2.17.so
7f4eebcd4000-7f4eebcd5000 rwxp 0000c000 fd:00 268516897                  /usr/lib64/libnss_files-2.17.so
7f4eebcd5000-7f4eebcdb000 rwxp 00000000 00:00 0 
7f4eebcdb000-7f4eebce2000 r-xp 00000000 fd:00 87205346                   /cao/Softs/mentor/ams/JRE/v1.6.0_22/aol/lib/amd64/native_threads/libhpi.so
7f4eebce2000-7f4eebde3000 ---p 00007000 fd:00 87205346                   /cao/Softs/mentor/ams/JRE/v1.6.0_22/aol/lib/amd64/native_threads/libhpi.so
7f4eebde3000-7f4eebde5000 rwxp 00008000 fd:00 87205346                   /cao/Softs/mentor/ams/JRE/v1.6.0_22/aol/lib/amd64/native_threads/libhpi.so
7f4eebde5000-7f4eebde6000 rwxp 00000000 00:00 0 
7f4eebde6000-7f4eebdfd000 r-xp 00000000 fd:00 268516889                  /usr/lib64/libnsl-2.17.so
7f4eebdfd000-7f4eebffc000 ---p 00017000 fd:00 268516889                  /usr/lib64/libnsl-2.17.so
7f4eebffc000-7f4eebffd000 r-xp 00016000 fd:00 268516889                  /usr/lib64/libnsl-2.17.so
7f4eebffd000-7f4eebffe000 rwxp 00017000 fd:00 268516889                  /usr/lib64/libnsl-2.17.so
7f4eebffe000-7f4eec000000 rwxp 00000000 00:00 0 
7f4eec000000-7f4eec037000 rwxp 00000000 00:00 0 
7f4eec037000-7f4ef0000000 ---p 00000000 00:00 0 
7f4ef00ae000-7f4ef00d6000 r-xp 00000000 fd:00 87205364                   /cao/Softs/mentor/ams/JRE/v1.6.0_22/aol/lib/amd64/libjava.so
7f4ef00d6000-7f4ef01d6000 ---p 00028000 fd:00 87205364                   /cao/Softs/mentor/ams/JRE/v1.6.0_22/aol/lib/amd64/libjava.so
7f4ef01d6000-7f4ef01dd000 rwxp 00028000 fd:00 87205364                   /cao/Softs/mentor/ams/JRE/v1.6.0_22/aol/lib/amd64/libjava.so
7f4ef01dd000-7f4ef01ea000 r-xp 00000000 fd:00 87205416                   /cao/Softs/mentor/ams/JRE/v1.6.0_22/aol/lib/amd64/libverify.so
7f4ef01ea000-7f4ef02e9000 ---p 0000d000 fd:00 87205416                   /cao/Softs/mentor/ams/JRE/v1.6.0_22/aol/lib/amd64/libverify.so
7f4ef02e9000-7f4ef02ec000 rwxp 0000c000 fd:00 87205416                   /cao/Softs/mentor/ams/JRE/v1.6.0_22/aol/lib/amd64/libverify.so
7f4ef02ec000-7f4ef02f3000 r-xp 00000000 fd:00 268516909                  /usr/lib64/librt-2.17.so
7f4ef02f3000-7f4ef04f2000 ---p 00007000 fd:00 268516909                  /usr/lib64/librt-2.17.so
7f4ef04f2000-7f4ef04f3000 r-xp 00006000 fd:00 268516909                  /usr/lib64/librt-2.17.so
7f4ef04f3000-7f4ef04f4000 rwxp 00007000 fd:00 268516909                  /usr/lib64/librt-2.17.so
7f4ef04f4000-7f4ef04f8000 ---p 00000000 00:00 0 
7f4ef04f8000-7f4ef05f5000 rwxp 00000000 00:00 0 
7f4ef05f5000-7f4ef06f6000 r-xp 00000000 fd:00 268516887                  /usr/lib64/libm-2.17.so
7f4ef06f6000-7f4ef08f5000 ---p 00101000 fd:00 268516887                  /usr/lib64/libm-2.17.so
7f4ef08f5000-7f4ef08f6000 r-xp 00100000 fd:00 268516887                  /usr/lib64/libm-2.17.so
7f4ef08f6000-7f4ef08f7000 rwxp 00101000 fd:00 268516887                  /usr/lib64/libm-2.17.so
7f4ef08f7000-7f4ef10d1000 r-xp 00000000 fd:00 87205348                   /cao/Softs/mentor/ams/JRE/v1.6.0_22/aol/lib/amd64/server/libjvm.so
7f4ef10d1000-7f4ef11d3000 ---p 007da000 fd:00 87205348                   /cao/Softs/mentor/ams/JRE/v1.6.0_22/aol/lib/amd64/server/libjvm.so
7f4ef11d3000-7f4ef1364000 rwxp 007dc000 fd:00 87205348                   /cao/Softs/mentor/ams/JRE/v1.6.0_22/aol/lib/amd64/server/libjvm.so
7f4ef1364000-7f4ef139f000 rwxp 00000000 00:00 0 
7f4ef139f000-7f4ef1562000 r-xp 00000000 fd:00 268516879                  /usr/lib64/libc-2.17.so
7f4ef1562000-7f4ef1762000 ---p 001c3000 fd:00 268516879                  /usr/lib64/libc-2.17.so
7f4ef1762000-7f4ef1766000 r-xp 001c3000 fd:00 268516879                  /usr/lib64/libc-2.17.so
7f4ef1766000-7f4ef1768000 rwxp 001c7000 fd:00 268516879                  /usr/lib64/libc-2.17.so
7f4ef1768000-7f4ef176d000 rwxp 00000000 00:00 0 
7f4ef176d000-7f4ef176f000 r-xp 00000000 fd:00 268516885                  /usr/lib64/libdl-2.17.so
7f4ef176f000-7f4ef196f000 ---p 00002000 fd:00 268516885                  /usr/lib64/libdl-2.17.so
7f4ef196f000-7f4ef1970000 r-xp 00002000 fd:00 268516885                  /usr/lib64/libdl-2.17.so
7f4ef1970000-7f4ef1971000 rwxp 00003000 fd:00 268516885                  /usr/lib64/libdl-2.17.so
7f4ef1971000-7f4ef1988000 r-xp 00000000 fd:00 268516905                  /usr/lib64/libpthread-2.17.so
7f4ef1988000-7f4ef1b87000 ---p 00017000 fd:00 268516905                  /usr/lib64/libpthread-2.17.so
7f4ef1b87000-7f4ef1b88000 r-xp 00016000 fd:00 268516905                  /usr/lib64/libpthread-2.17.so
7f4ef1b88000-7f4ef1b89000 rwxp 00017000 fd:00 268516905                  /usr/lib64/libpthread-2.17.so
7f4ef1b89000-7f4ef1b8d000 rwxp 00000000 00:00 0 
7f4ef1b8d000-7f4ef1baf000 r-xp 00000000 fd:00 268516872                  /usr/lib64/ld-2.17.so
7f4ef1bd4000-7f4ef1bde000 rwxp 00000000 00:00 0 
7f4ef1bde000-7f4ef1c94000 rwxp 00000000 00:00 0 
7f4ef1c94000-7f4ef1c9c000 rwxs 00000000 fd:00 364971522                  /tmp/hsperfdata_filip/119328
7f4ef1c9c000-7f4ef1c9d000 rwxp 00000000 00:00 0 
7f4ef1c9d000-7f4ef1c9e000 r-xp 00000000 00:00 0 
7f4ef1c9e000-7f4ef1ca2000 rwxp 00000000 00:00 0 
7f4ef1ca2000-7f4ef1ca9000 r-xp 00000000 fd:00 352390253                  /cao/Softs/mentor/ams/JRE/v1.6.0_22/aol/lib/amd64/jli/libjli.so
7f4ef1ca9000-7f4ef1daa000 ---p 00007000 fd:00 352390253                  /cao/Softs/mentor/ams/JRE/v1.6.0_22/aol/lib/amd64/jli/libjli.so
7f4ef1daa000-7f4ef1dac000 rwxp 00008000 fd:00 352390253                  /cao/Softs/mentor/ams/JRE/v1.6.0_22/aol/lib/amd64/jli/libjli.so
7f4ef1dac000-7f4ef1dae000 rwxp 00000000 00:00 0 
7f4ef1dae000-7f4ef1daf000 r-xp 00021000 fd:00 268516872                  /usr/lib64/ld-2.17.so
7f4ef1daf000-7f4ef1db0000 rwxp 00022000 fd:00 268516872                  /usr/lib64/ld-2.17.so
7f4ef1db0000-7f4ef1db1000 rwxp 00000000 00:00 0 
7ffe61f03000-7ffe61f27000 rwxp 00000000 00:00 0                          [stack]
7ffe61fb6000-7ffe61fb8000 r-xp 00000000 00:00 0                          [vdso]
ffffffffff600000-ffffffffff601000 r-xp 00000000 00:00 0                  [vsyscall]

VM Arguments:
jvm_args: -DMGC_TMPDIR=/tmp -DAMS_WDBSERVER_INFO=/home/filip/.ezwave/jwdbserver.info -DAMS_WDBSERVER_TIMEOUT=60 -DEZ_HOME=/home/filip -DMGC_AMS_HOME=/cao/Softs/mentor/ams -DAMS_VCO=aol -Djava.library.path=/cao/Softs/mentor/ams/aol/lib/lib -Xrs -Xms32000M -Xmx32000M -XX:MaxPermSize=512m -XX:+UseConcMarkSweepGC -XX:+UseParNewGC -XX:+CMSParallelRemarkEnabled -XX:CMSInitiatingOccupancyFraction=30 -XX:+UseCMSInitiatingOccupancyOnly -XX:-UseGCOverheadLimit -XX:+UseStringCache -XX:+OptimizeStringConcat -XX:+UseCompressedOops 
java_command: /cao/Softs/mentor/ams/aol/lib/wdbserver.jar
Launcher Type: SUN_STANDARD

Environment Variables:
PATH=/cao/Softs/mentor/ams/bin:/cao/Softs/mentor/ams/devenv_tools/x86_64/2.6.18.128.el5/bin:/cao/Softs/mentor/ams/modeltech/linux_x86_64:~/miniconda3/envs/mycondaenv/bin:/home/filip/.local/bin:/cao/DK/ST/HCMOS9A_10.9/PDK_STM_hcmos9lp_HV_M4_5V0/10.9-10/bin:/cao/DK/ST/HCMOS9A_10.9/UnicadKernel/5.0.a-00/bin:/home/filip/miniconda3/envs/mycondaenv/bin:/home/filip/miniconda3/envs/mycondaenv/bin:/home/filip/miniconda3/condabin:/home/filip/.local/bin:/usr/local/bin:/bin:/usr/bin:/usr/local/sbin:/usr/sbin:/cao/DK/ST/HCMOS9A_10.9/Addon_NVM_H9A@2018.4.1/bin:/cao/Softs/cadence/SPECTRE191/tools/bin:/cao/Softs/cadence/SPECTRE191/bin:/cao/Softs/cadence/INNOVUS162/bin:/cao/Softs/mentor/ams/bin:/cao/Softs/cadence/IC617/bin:/cao/Softs/cadence/IC617/tools/bin:/cao/Softs/cadence/IC617/tools/dfII/bin:/cad/cdspvs15_23_000/tools/bin:/cad/cdspvs15_23_000/bin:/cad/cdsext17_10_000/tools/bin:/cad/cdsext17_10_000/bin:/cao/Softs/mentor/calibre/aoj_cal_2019.1_37.21/bin:/cad/hspicevN2017_12_2/hspice/bin:/cad/starrcxt_vM2016_12_SP3/amd64_starrc/bin:/cao/Softs/cadence/INNOVUS162/bin:/cao/Softs/cadence/SPECTRE191/tools/bin
LD_LIBRARY_PATH=/cao/Softs/mentor/ams/JRE/v1.6.0_22/aol/lib/amd64/server:/cao/Softs/mentor/ams/JRE/v1.6.0_22/aol/lib/amd64:/cao/Softs/mentor/ams/JRE/v1.6.0_22/aol/../lib/amd64:/cao/Softs/mentor/ams/devenv_tools/x86_64/2.6.18.128.el5/lib64:/cao/Softs/mentor/ams/devenv_tools/x86_64/2.6.18.128.el5/lib64:/cao/Softs/mentor/ams/devenv_tools/x86_64/2.6.18.128.el5/lib:/cao/Softs/mentor/ams/devenv_tools/x86_64/2.6.18.128.el5/lib:/lib64:/cao/Softs/mentor/ams/modeltech/linux_x86_64:/cao/Softs/mentor/ams/aol/lib:/cao/Softs/cadence/IC617/tools/lib
SHELL=/bin/bash
DISPLAY=:2
HOSTTYPE=x86_64-linux
OSTYPE=linux
MACHTYPE=x86_64

Signal Handlers:
SIGSEGV: [libjvm.so+0x731250], sa_mask[0]=0x7ffbfeff, sa_flags=0x10000004
SIGBUS: [libjvm.so+0x731250], sa_mask[0]=0x7ffbfeff, sa_flags=0x10000004
SIGFPE: [libjvm.so+0x5f5e30], sa_mask[0]=0x7ffbfeff, sa_flags=0x10000004
SIGPIPE: [libjvm.so+0x5f5e30], sa_mask[0]=0x7ffbfeff, sa_flags=0x10000004
SIGXFSZ: [libjvm.so+0x5f5e30], sa_mask[0]=0x7ffbfeff, sa_flags=0x10000004
SIGILL: [libjvm.so+0x5f5e30], sa_mask[0]=0x7ffbfeff, sa_flags=0x10000004
SIGUSR1: SIG_DFL, sa_mask[0]=0x00000000, sa_flags=0x00000000
SIGUSR2: [libjvm.so+0x5f8650], sa_mask[0]=0x00000000, sa_flags=0x10000004
SIGHUP: SIG_DFL, sa_mask[0]=0x00000000, sa_flags=0x00000000
SIGINT: SIG_IGN, sa_mask[0]=0x00000000, sa_flags=0x00000000
SIGTERM: SIG_DFL, sa_mask[0]=0x00000000, sa_flags=0x00000000
SIGQUIT: SIG_DFL, sa_mask[0]=0x00000000, sa_flags=0x00000000


---------------  S Y S T E M  ---------------

OS:CentOS Linux release 7.8.2003 (Core)

uname:Linux 3.10.0-1127.19.1.el7.x86_64 #1 SMP Tue Aug 25 17:23:54 UTC 2020 x86_64
libc:glibc 2.17 NPTL 2.17 
rlimit: STACK 10240k, CORE 0k, NPROC 4096, NOFILE 4096, AS infinity
load average:18.51 9.63 8.21

CPU:total 72 (32 cores per cpu, 2 threads per core) family 6 model 85 stepping 7, cmov, cx8, fxsr, mmx, sse, sse2, sse3, ssse3, sse4.1, sse4.2, popcnt, ht

Memory: 4k page, physical 97402164k(337784k free), swap 4194300k(7244k free)

vm_info: Java HotSpot(TM) 64-Bit Server VM (17.1-b03) for linux-amd64 JRE (1.6.0_22-b04), built on Sep 15 2010 01:07:59 by "java_re" with gcc 3.2.2 (SuSE Linux)

time: Fri Aug 15 16:49:25 2025
elapsed time: 0 seconds

