#
# A fatal error has been detected by the Java Runtime Environment:
#
# java.lang.OutOfMemoryError: Cannot create worker GC thread. Out of system resources.
#
#  Internal Error (workgroup.cpp:73), pid=7596, tid=139684579051264
#  Error: Cannot create worker GC thread. Out of system resources.
#
# JRE version: 6.0_22-b04
# Java VM: Java HotSpot(TM) 64-Bit Server VM (17.1-b03 mixed mode linux-amd64 compressed oops)
# If you would like to submit a bug report, please visit:
#   http://java.sun.com/webapps/bugreport/crash.jsp
#

---------------  T H R E A D  ---------------

Current thread (0x00007f0ad4007800):  JavaThread "Unknown thread" [_thread_in_vm, id=7598, stack(0x00007f0ad9a71000,0x00007f0ad9b71000)]

Stack: [0x00007f0ad9a71000,0x00007f0ad9b71000],  sp=0x00007f0ad9b6f9e0,  free space=3fa0000000000000018k
Native frames: (J=compiled Java code, j=interpreted, Vv=VM code, C=native code)
V  [libjvm.so+0x7306a0]
V  [libjvm.so+0x2f31e8]
V  [libjvm.so+0x744eba]
V  [libjvm.so+0x666647]
V  [libjvm.so+0x37a49c]
V  [libjvm.so+0x70a2fb]
V  [libjvm.so+0x709c7a]
V  [libjvm.so+0x3b5690]
V  [libjvm.so+0x6f1d5f]
V  [libjvm.so+0x420060]


---------------  P R O C E S S  ---------------

Java Threads: ( => current thread )

Other Threads:

=>0x00007f0ad4007800 (exited) JavaThread "Unknown thread" [_thread_in_vm, id=7598, stack(0x00007f0ad9a71000,0x00007f0ad9b71000)]

VM state:not at safepoint (not fully initialized)

VM Mutex/Monitor currently owned by a thread: None

Dynamic libraries:
40000000-40009000 r-xp 00000000 fd:00 647108122                          /cao/Softs/mentor/ams/JRE/v1.6.0_22/aol/bin/java
40108000-4010a000 rwxp 00008000 fd:00 647108122                          /cao/Softs/mentor/ams/JRE/v1.6.0_22/aol/bin/java
42003000-42024000 rwxp 00000000 00:00 0                                  [heap]
7f0a74000000-7f0a74021000 rwxp 00000000 00:00 0 
7f0a74021000-7f0a78000000 ---p 00000000 00:00 0 
7f0a78000000-7f0a78021000 rwxp 00000000 00:00 0 
7f0a78021000-7f0a7c000000 ---p 00000000 00:00 0 
7f0a7c000000-7f0a7c021000 rwxp 00000000 00:00 0 
7f0a7c021000-7f0a80000000 ---p 00000000 00:00 0 
7f0a80000000-7f0a80021000 rwxp 00000000 00:00 0 
7f0a80021000-7f0a84000000 ---p 00000000 00:00 0 
7f0a84000000-7f0a84021000 rwxp 00000000 00:00 0 
7f0a84021000-7f0a88000000 ---p 00000000 00:00 0 
7f0a88000000-7f0a88021000 rwxp 00000000 00:00 0 
7f0a88021000-7f0a8c000000 ---p 00000000 00:00 0 
7f0a8c000000-7f0a8c021000 rwxp 00000000 00:00 0 
7f0a8c021000-7f0a90000000 ---p 00000000 00:00 0 
7f0a90000000-7f0a90021000 rwxp 00000000 00:00 0 
7f0a90021000-7f0a94000000 ---p 00000000 00:00 0 
7f0a94000000-7f0a94021000 rwxp 00000000 00:00 0 
7f0a94021000-7f0a98000000 ---p 00000000 00:00 0 
7f0a98000000-7f0a98021000 rwxp 00000000 00:00 0 
7f0a98021000-7f0a9c000000 ---p 00000000 00:00 0 
7f0a9c000000-7f0a9c021000 rwxp 00000000 00:00 0 
7f0a9c021000-7f0aa0000000 ---p 00000000 00:00 0 
7f0aa0000000-7f0aa0021000 rwxp 00000000 00:00 0 
7f0aa0021000-7f0aa4000000 ---p 00000000 00:00 0 
7f0aa4000000-7f0aa4021000 rwxp 00000000 00:00 0 
7f0aa4021000-7f0aa8000000 ---p 00000000 00:00 0 
7f0aa8000000-7f0aa8021000 rwxp 00000000 00:00 0 
7f0aa8021000-7f0aac000000 ---p 00000000 00:00 0 
7f0aac000000-7f0aac021000 rwxp 00000000 00:00 0 
7f0aac021000-7f0ab0000000 ---p 00000000 00:00 0 
7f0ab0000000-7f0ab0021000 rwxp 00000000 00:00 0 
7f0ab0021000-7f0ab4000000 ---p 00000000 00:00 0 
7f0ab4000000-7f0ab4021000 rwxp 00000000 00:00 0 
7f0ab4021000-7f0ab8000000 ---p 00000000 00:00 0 
7f0ab8000000-7f0ab8021000 rwxp 00000000 00:00 0 
7f0ab8021000-7f0abc000000 ---p 00000000 00:00 0 
7f0abc000000-7f0abc021000 rwxp 00000000 00:00 0 
7f0abc021000-7f0ac0000000 ---p 00000000 00:00 0 
7f0ac0000000-7f0ac0021000 rwxp 00000000 00:00 0 
7f0ac0021000-7f0ac4000000 ---p 00000000 00:00 0 
7f0ac4000000-7f0ac4021000 rwxp 00000000 00:00 0 
7f0ac4021000-7f0ac8000000 ---p 00000000 00:00 0 
7f0ac8000000-7f0ac8021000 rwxp 00000000 00:00 0 
7f0ac8021000-7f0acc000000 ---p 00000000 00:00 0 
7f0acc000000-7f0acc021000 rwxp 00000000 00:00 0 
7f0acc021000-7f0ad0000000 ---p 00000000 00:00 0 
7f0ad06f7000-7f0ad06f8000 ---p 00000000 00:00 0 
7f0ad06f8000-7f0ad07f8000 rwxp 00000000 00:00 0 
7f0ad07f8000-7f0ad07f9000 ---p 00000000 00:00 0 
7f0ad07f9000-7f0ad08f9000 rwxp 00000000 00:00 0 
7f0ad08f9000-7f0ad08fa000 ---p 00000000 00:00 0 
7f0ad08fa000-7f0ad09fa000 rwxp 00000000 00:00 0 
7f0ad09fa000-7f0ad09fb000 ---p 00000000 00:00 0 
7f0ad09fb000-7f0ad0afb000 rwxp 00000000 00:00 0 
7f0ad0afb000-7f0ad0afc000 ---p 00000000 00:00 0 
7f0ad0afc000-7f0ad0bfc000 rwxp 00000000 00:00 0 
7f0ad0bfc000-7f0ad0bfd000 ---p 00000000 00:00 0 
7f0ad0bfd000-7f0ad0cfd000 rwxp 00000000 00:00 0 
7f0ad0cfd000-7f0ad0cfe000 ---p 00000000 00:00 0 
7f0ad0cfe000-7f0ad0dfe000 rwxp 00000000 00:00 0 
7f0ad0dfe000-7f0ad0dff000 ---p 00000000 00:00 0 
7f0ad0dff000-7f0ad0eff000 rwxp 00000000 00:00 0 
7f0ad0eff000-7f0ad0f00000 ---p 00000000 00:00 0 
7f0ad0f00000-7f0ad1270000 rwxp 00000000 00:00 0 
7f0ad1270000-7f0ad4044000 rwxp 00000000 00:00 0 
7f0ad4044000-7f0ad8000000 ---p 00000000 00:00 0 
7f0ad80cf000-7f0ad80d0000 ---p 00000000 00:00 0 
7f0ad80d0000-7f0ad81d0000 rwxp 00000000 00:00 0 
7f0ad81d0000-7f0ad81d1000 ---p 00000000 00:00 0 
7f0ad81d1000-7f0ad82d1000 rwxp 00000000 00:00 0 
7f0ad82d1000-7f0ad82d2000 ---p 00000000 00:00 0 
7f0ad82d2000-7f0ad83d2000 rwxp 00000000 00:00 0 
7f0ad83d2000-7f0ad83d3000 ---p 00000000 00:00 0 
7f0ad83d3000-7f0ad84d3000 rwxp 00000000 00:00 0 
7f0ad84d3000-7f0ad84d4000 ---p 00000000 00:00 0 
7f0ad84d4000-7f0ad85d4000 rwxp 00000000 00:00 0 
7f0ad85d4000-7f0ad85d5000 ---p 00000000 00:00 0 
7f0ad85d5000-7f0ad86d5000 rwxp 00000000 00:00 0 
7f0ad86d5000-7f0ad86d6000 ---p 00000000 00:00 0 
7f0ad86d6000-7f0ad87d6000 rwxp 00000000 00:00 0 
7f0ad87d6000-7f0ad87d7000 ---p 00000000 00:00 0 
7f0ad87d7000-7f0ad88d7000 rwxp 00000000 00:00 0 
7f0ad88d7000-7f0ad88d8000 ---p 00000000 00:00 0 
7f0ad88d8000-7f0ad89d8000 rwxp 00000000 00:00 0 
7f0ad89d8000-7f0ad89d9000 ---p 00000000 00:00 0 
7f0ad89d9000-7f0ad8ad9000 rwxp 00000000 00:00 0 
7f0ad8ad9000-7f0ad8ada000 ---p 00000000 00:00 0 
7f0ad8ada000-7f0ad8bda000 rwxp 00000000 00:00 0 
7f0ad8bda000-7f0ad8bdb000 ---p 00000000 00:00 0 
7f0ad8bdb000-7f0ad8cdb000 rwxp 00000000 00:00 0 
7f0ad8cdb000-7f0ad8cdc000 ---p 00000000 00:00 0 
7f0ad8cdc000-7f0ad8ddc000 rwxp 00000000 00:00 0 
7f0ad8ddc000-7f0ad8ddd000 ---p 00000000 00:00 0 
7f0ad8ddd000-7f0ad8edd000 rwxp 00000000 00:00 0 
7f0ad8edd000-7f0ad8ede000 ---p 00000000 00:00 0 
7f0ad8ede000-7f0ad8fde000 rwxp 00000000 00:00 0 
7f0ad8fde000-7f0ad8fec000 r-xp 00000000 fd:00 87205417                   /cao/Softs/mentor/ams/JRE/v1.6.0_22/aol/lib/amd64/libzip.so
7f0ad8fec000-7f0ad90ee000 ---p 0000e000 fd:00 87205417                   /cao/Softs/mentor/ams/JRE/v1.6.0_22/aol/lib/amd64/libzip.so
7f0ad90ee000-7f0ad90f1000 rwxp 00010000 fd:00 87205417                   /cao/Softs/mentor/ams/JRE/v1.6.0_22/aol/lib/amd64/libzip.so
7f0ad90f1000-7f0ad90f2000 rwxp 00000000 00:00 0 
7f0ad90f2000-7f0ad90fe000 r-xp 00000000 fd:00 268516897                  /usr/lib64/libnss_files-2.17.so
7f0ad90fe000-7f0ad92fd000 ---p 0000c000 fd:00 268516897                  /usr/lib64/libnss_files-2.17.so
7f0ad92fd000-7f0ad92fe000 r-xp 0000b000 fd:00 268516897                  /usr/lib64/libnss_files-2.17.so
7f0ad92fe000-7f0ad92ff000 rwxp 0000c000 fd:00 268516897                  /usr/lib64/libnss_files-2.17.so
7f0ad92ff000-7f0ad9305000 rwxp 00000000 00:00 0 
7f0ad9305000-7f0ad930c000 r-xp 00000000 fd:00 87205346                   /cao/Softs/mentor/ams/JRE/v1.6.0_22/aol/lib/amd64/native_threads/libhpi.so
7f0ad930c000-7f0ad940d000 ---p 00007000 fd:00 87205346                   /cao/Softs/mentor/ams/JRE/v1.6.0_22/aol/lib/amd64/native_threads/libhpi.so
7f0ad940d000-7f0ad940f000 rwxp 00008000 fd:00 87205346                   /cao/Softs/mentor/ams/JRE/v1.6.0_22/aol/lib/amd64/native_threads/libhpi.so
7f0ad940f000-7f0ad9410000 rwxp 00000000 00:00 0 
7f0ad9410000-7f0ad9427000 r-xp 00000000 fd:00 268516889                  /usr/lib64/libnsl-2.17.so
7f0ad9427000-7f0ad9626000 ---p 00017000 fd:00 268516889                  /usr/lib64/libnsl-2.17.so
7f0ad9626000-7f0ad9627000 r-xp 00016000 fd:00 268516889                  /usr/lib64/libnsl-2.17.so
7f0ad9627000-7f0ad9628000 rwxp 00017000 fd:00 268516889                  /usr/lib64/libnsl-2.17.so
7f0ad9628000-7f0ad962a000 rwxp 00000000 00:00 0 
7f0ad962a000-7f0ad9652000 r-xp 00000000 fd:00 87205364                   /cao/Softs/mentor/ams/JRE/v1.6.0_22/aol/lib/amd64/libjava.so
7f0ad9652000-7f0ad9752000 ---p 00028000 fd:00 87205364                   /cao/Softs/mentor/ams/JRE/v1.6.0_22/aol/lib/amd64/libjava.so
7f0ad9752000-7f0ad9759000 rwxp 00028000 fd:00 87205364                   /cao/Softs/mentor/ams/JRE/v1.6.0_22/aol/lib/amd64/libjava.so
7f0ad9759000-7f0ad9766000 r-xp 00000000 fd:00 87205416                   /cao/Softs/mentor/ams/JRE/v1.6.0_22/aol/lib/amd64/libverify.so
7f0ad9766000-7f0ad9865000 ---p 0000d000 fd:00 87205416                   /cao/Softs/mentor/ams/JRE/v1.6.0_22/aol/lib/amd64/libverify.so
7f0ad9865000-7f0ad9868000 rwxp 0000c000 fd:00 87205416                   /cao/Softs/mentor/ams/JRE/v1.6.0_22/aol/lib/amd64/libverify.so
7f0ad9868000-7f0ad986f000 r-xp 00000000 fd:00 268516909                  /usr/lib64/librt-2.17.so
7f0ad986f000-7f0ad9a6e000 ---p 00007000 fd:00 268516909                  /usr/lib64/librt-2.17.so
7f0ad9a6e000-7f0ad9a6f000 r-xp 00006000 fd:00 268516909                  /usr/lib64/librt-2.17.so
7f0ad9a6f000-7f0ad9a70000 rwxp 00007000 fd:00 268516909                  /usr/lib64/librt-2.17.so
7f0ad9a70000-7f0ad9a74000 ---p 00000000 00:00 0 
7f0ad9a74000-7f0ad9b71000 rwxp 00000000 00:00 0 
7f0ad9b71000-7f0ad9c72000 r-xp 00000000 fd:00 268516887                  /usr/lib64/libm-2.17.so
7f0ad9c72000-7f0ad9e71000 ---p 00101000 fd:00 268516887                  /usr/lib64/libm-2.17.so
7f0ad9e71000-7f0ad9e72000 r-xp 00100000 fd:00 268516887                  /usr/lib64/libm-2.17.so
7f0ad9e72000-7f0ad9e73000 rwxp 00101000 fd:00 268516887                  /usr/lib64/libm-2.17.so
7f0ad9e73000-7f0ada64d000 r-xp 00000000 fd:00 87205348                   /cao/Softs/mentor/ams/JRE/v1.6.0_22/aol/lib/amd64/server/libjvm.so
7f0ada64d000-7f0ada74f000 ---p 007da000 fd:00 87205348                   /cao/Softs/mentor/ams/JRE/v1.6.0_22/aol/lib/amd64/server/libjvm.so
7f0ada74f000-7f0ada8e0000 rwxp 007dc000 fd:00 87205348                   /cao/Softs/mentor/ams/JRE/v1.6.0_22/aol/lib/amd64/server/libjvm.so
7f0ada8e0000-7f0ada91b000 rwxp 00000000 00:00 0 
7f0ada91b000-7f0adaade000 r-xp 00000000 fd:00 268516879                  /usr/lib64/libc-2.17.so
7f0adaade000-7f0adacde000 ---p 001c3000 fd:00 268516879                  /usr/lib64/libc-2.17.so
7f0adacde000-7f0adace2000 r-xp 001c3000 fd:00 268516879                  /usr/lib64/libc-2.17.so
7f0adace2000-7f0adace4000 rwxp 001c7000 fd:00 268516879                  /usr/lib64/libc-2.17.so
7f0adace4000-7f0adace9000 rwxp 00000000 00:00 0 
7f0adace9000-7f0adaceb000 r-xp 00000000 fd:00 268516885                  /usr/lib64/libdl-2.17.so
7f0adaceb000-7f0adaeeb000 ---p 00002000 fd:00 268516885                  /usr/lib64/libdl-2.17.so
7f0adaeeb000-7f0adaeec000 r-xp 00002000 fd:00 268516885                  /usr/lib64/libdl-2.17.so
7f0adaeec000-7f0adaeed000 rwxp 00003000 fd:00 268516885                  /usr/lib64/libdl-2.17.so
7f0adaeed000-7f0adaf04000 r-xp 00000000 fd:00 268516905                  /usr/lib64/libpthread-2.17.so
7f0adaf04000-7f0adb103000 ---p 00017000 fd:00 268516905                  /usr/lib64/libpthread-2.17.so
7f0adb103000-7f0adb104000 r-xp 00016000 fd:00 268516905                  /usr/lib64/libpthread-2.17.so
7f0adb104000-7f0adb105000 rwxp 00017000 fd:00 268516905                  /usr/lib64/libpthread-2.17.so
7f0adb105000-7f0adb109000 rwxp 00000000 00:00 0 
7f0adb109000-7f0adb12b000 r-xp 00000000 fd:00 268516872                  /usr/lib64/ld-2.17.so
7f0adb150000-7f0adb15a000 rwxp 00000000 00:00 0 
7f0adb15a000-7f0adb210000 rwxp 00000000 00:00 0 
7f0adb210000-7f0adb218000 rwxs 00000000 fd:00 364968128                  /tmp/hsperfdata_filip/7596
7f0adb218000-7f0adb219000 rwxp 00000000 00:00 0 
7f0adb219000-7f0adb21a000 r-xp 00000000 00:00 0 
7f0adb21a000-7f0adb21e000 rwxp 00000000 00:00 0 
7f0adb21e000-7f0adb225000 r-xp 00000000 fd:00 352390253                  /cao/Softs/mentor/ams/JRE/v1.6.0_22/aol/lib/amd64/jli/libjli.so
7f0adb225000-7f0adb326000 ---p 00007000 fd:00 352390253                  /cao/Softs/mentor/ams/JRE/v1.6.0_22/aol/lib/amd64/jli/libjli.so
7f0adb326000-7f0adb328000 rwxp 00008000 fd:00 352390253                  /cao/Softs/mentor/ams/JRE/v1.6.0_22/aol/lib/amd64/jli/libjli.so
7f0adb328000-7f0adb32a000 rwxp 00000000 00:00 0 
7f0adb32a000-7f0adb32b000 r-xp 00021000 fd:00 268516872                  /usr/lib64/ld-2.17.so
7f0adb32b000-7f0adb32c000 rwxp 00022000 fd:00 268516872                  /usr/lib64/ld-2.17.so
7f0adb32c000-7f0adb32d000 rwxp 00000000 00:00 0 
7fff14851000-7fff14877000 rwxp 00000000 00:00 0                          [stack]
7fff1492b000-7fff1492d000 r-xp 00000000 00:00 0                          [vdso]
ffffffffff600000-ffffffffff601000 r-xp 00000000 00:00 0                  [vsyscall]

VM Arguments:
jvm_args: -DMGC_TMPDIR=/tmp -DAMS_WDBSERVER_INFO=/home/filip/.ezwave/jwdbserver.info -DAMS_WDBSERVER_TIMEOUT=60 -DEZ_HOME=/home/filip -DMGC_AMS_HOME=/cao/Softs/mentor/ams -DAMS_VCO=aol -Djava.library.path=/cao/Softs/mentor/ams/aol/lib/lib -Xrs -Xms32000M -Xmx32000M -XX:MaxPermSize=512m -XX:+UseConcMarkSweepGC -XX:+UseParNewGC -XX:+CMSParallelRemarkEnabled -XX:CMSInitiatingOccupancyFraction=30 -XX:+UseCMSInitiatingOccupancyOnly -XX:-UseGCOverheadLimit -XX:+UseStringCache -XX:+OptimizeStringConcat -XX:+UseCompressedOops 
java_command: /cao/Softs/mentor/ams/aol/lib/wdbserver.jar
Launcher Type: SUN_STANDARD

Environment Variables:
LD_LIBRARY_PATH=/cao/Softs/mentor/ams/JRE/v1.6.0_22/aol/lib/amd64/server:/cao/Softs/mentor/ams/JRE/v1.6.0_22/aol/lib/amd64:/cao/Softs/mentor/ams/JRE/v1.6.0_22/aol/../lib/amd64:/cao/Softs/mentor/ams/devenv_tools/x86_64/2.6.18.128.el5/lib64:/cao/Softs/mentor/ams/devenv_tools/x86_64/2.6.18.128.el5/lib64:/cao/Softs/mentor/ams/devenv_tools/x86_64/2.6.18.128.el5/lib:/cao/Softs/mentor/ams/devenv_tools/x86_64/2.6.18.128.el5/lib:/lib64:/cao/Softs/mentor/ams/modeltech/linux_x86_64:/cao/Softs/mentor/ams/aol/lib:/cao/Softs/cadence/IC617/tools/lib
SHELL=/bin/bash
DISPLAY=:2
HOSTTYPE=x86_64-linux
OSTYPE=linux
MACHTYPE=x86_64

Signal Handlers:
SIGSEGV: [libjvm.so+0x731250], sa_mask[0]=0x7ffbfeff, sa_flags=0x10000004
SIGBUS: [libjvm.so+0x731250], sa_mask[0]=0x7ffbfeff, sa_flags=0x10000004
SIGFPE: [libjvm.so+0x5f5e30], sa_mask[0]=0x7ffbfeff, sa_flags=0x10000004
SIGPIPE: [libjvm.so+0x5f5e30], sa_mask[0]=0x7ffbfeff, sa_flags=0x10000004
SIGXFSZ: [libjvm.so+0x5f5e30], sa_mask[0]=0x7ffbfeff, sa_flags=0x10000004
SIGILL: [libjvm.so+0x5f5e30], sa_mask[0]=0x7ffbfeff, sa_flags=0x10000004
SIGUSR1: SIG_DFL, sa_mask[0]=0x00000000, sa_flags=0x00000000
SIGUSR2: [libjvm.so+0x5f8650], sa_mask[0]=0x00000000, sa_flags=0x10000004
SIGHUP: SIG_DFL, sa_mask[0]=0x00000000, sa_flags=0x00000000
SIGINT: SIG_IGN, sa_mask[0]=0x00000000, sa_flags=0x00000000
SIGTERM: SIG_DFL, sa_mask[0]=0x00000000, sa_flags=0x00000000
SIGQUIT: SIG_DFL, sa_mask[0]=0x00000000, sa_flags=0x00000000


---------------  S Y S T E M  ---------------

OS:CentOS Linux release 7.8.2003 (Core)

uname:Linux 3.10.0-1127.19.1.el7.x86_64 #1 SMP Tue Aug 25 17:23:54 UTC 2020 x86_64
libc:glibc 2.17 NPTL 2.17 
rlimit: STACK 10240k, CORE 0k, NPROC 4096, NOFILE 4096, AS infinity
load average:0.84 0.45 0.31

CPU:total 72 (32 cores per cpu, 2 threads per core) family 6 model 85 stepping 7, cmov, cx8, fxsr, mmx, sse, sse2, sse3, ssse3, sse4.1, sse4.2, popcnt, ht

Memory: 4k page, physical 97402164k(1042068k free), swap 4194300k(4194300k free)

vm_info: Java HotSpot(TM) 64-Bit Server VM (17.1-b03) for linux-amd64 JRE (1.6.0_22-b04), built on Sep 15 2010 01:07:59 by "java_re" with gcc 3.2.2 (SuSE Linux)

time: Tue Jan 28 18:40:31 2025
elapsed time: 0 seconds

