#
# A fatal error has been detected by the Java Runtime Environment:
#
# java.lang.OutOfMemoryError: Cannot create worker GC thread. Out of system resources.
#
#  Internal Error (yieldingWorkgroup.cpp:53), pid=148106, tid=140045183076096
#  Error: Cannot create worker GC thread. Out of system resources.
#
# JRE version: 6.0_22-b04
# Java VM: Java HotSpot(TM) 64-Bit Server VM (17.1-b03 mixed mode linux-amd64 compressed oops)
# If you would like to submit a bug report, please visit:
#   http://java.sun.com/webapps/bugreport/crash.jsp
#

---------------  T H R E A D  ---------------

Current thread (0x00007f5ec8007800):  JavaThread "Unknown thread" [_thread_in_vm, id=148144, stack(0x00007f5ecf53d000,0x00007f5ecf63d000)]

Stack: [0x00007f5ecf53d000,0x00007f5ecf63d000],  sp=0x00007f5ecf63b7e0,  free space=3f90000000000000018k
Native frames: (J=compiled Java code, j=interpreted, Vv=VM code, C=native code)
V  [libjvm.so+0x7306a0]
V  [libjvm.so+0x2f31e8]
V  [libjvm.so+0x747e86]
V  [libjvm.so+0x2d0358]
V  [libjvm.so+0x37a9fa]
V  [libjvm.so+0x70a129]
V  [libjvm.so+0x709c7a]
V  [libjvm.so+0x3b5690]
V  [libjvm.so+0x6f1d5f]
V  [libjvm.so+0x420060]


---------------  P R O C E S S  ---------------

Java Threads: ( => current thread )

Other Threads:

=>0x00007f5ec8007800 (exited) JavaThread "Unknown thread" [_thread_in_vm, id=148144, stack(0x00007f5ecf53d000,0x00007f5ecf63d000)]

VM state:not at safepoint (not fully initialized)

VM Mutex/Monitor currently owned by a thread: None

Dynamic libraries:
40000000-40009000 r-xp 00000000 fd:00 647108122                          /cao/Softs/mentor/ams/JRE/v1.6.0_22/aol/bin/java
40108000-4010a000 rwxp 00008000 fd:00 647108122                          /cao/Softs/mentor/ams/JRE/v1.6.0_22/aol/bin/java
41c3f000-41c60000 rwxp 00000000 00:00 0                                  [heap]
7f55d0000000-7f55d0021000 rwxp 00000000 00:00 0 
7f55d0021000-7f55d4000000 ---p 00000000 00:00 0 
7f55d4000000-7f55d4021000 rwxp 00000000 00:00 0 
7f55d4021000-7f55d8000000 ---p 00000000 00:00 0 
7f55d8000000-7f55d8021000 rwxp 00000000 00:00 0 
7f55d8021000-7f55dc000000 ---p 00000000 00:00 0 
7f55dc000000-7f55dc021000 rwxp 00000000 00:00 0 
7f55dc021000-7f55e0000000 ---p 00000000 00:00 0 
7f55e0000000-7f55e0021000 rwxp 00000000 00:00 0 
7f55e0021000-7f55e4000000 ---p 00000000 00:00 0 
7f55e791c000-7f55e791d000 ---p 00000000 00:00 0 
7f55e791d000-7f55e7a1d000 rwxp 00000000 00:00 0 
7f55e7a1d000-7f55e7a1e000 ---p 00000000 00:00 0 
7f55e7a1e000-7f55e7b1e000 rwxp 00000000 00:00 0 
7f55e7b1e000-7f55e7b1f000 ---p 00000000 00:00 0 
7f55e7b1f000-7f55e7c1f000 rwxp 00000000 00:00 0 
7f55e7c1f000-7f55e7c20000 ---p 00000000 00:00 0 
7f55e7c20000-7f55e7d20000 rwxp 00000000 00:00 0 
7f55e7d20000-7f55e7d21000 ---p 00000000 00:00 0 
7f55e7d21000-7f55e7e21000 rwxp 00000000 00:00 0 
7f55e7e21000-7f55e7e22000 ---p 00000000 00:00 0 
7f55e7e22000-7f5609b46000 rwxp 00000000 00:00 0 
7f5609b46000-7f5609c3c000 rwxp 00000000 00:00 0 
7f5609c3c000-7f560fff0000 rwxp 00000000 00:00 0 
7f560fff0000-7f5610000000 ---p 00000000 00:00 0 
7f5610000000-7f5de14c0000 rwxp 00000000 00:00 0 
7f5de14c0000-7f5e00021000 rwxp 00000000 00:00 0 
7f5e00021000-7f5e04000000 ---p 00000000 00:00 0 
7f5e0407f000-7f5e07f0a000 rwxp 00000000 00:00 0 
7f5e07f0a000-7f5e07fff000 rwxp 00000000 00:00 0 
7f5e07fff000-7f5e08000000 rwxp 00000000 00:00 0 
7f5e08000000-7f5e08021000 rwxp 00000000 00:00 0 
7f5e08021000-7f5e0c000000 ---p 00000000 00:00 0 
7f5e0c000000-7f5e0c021000 rwxp 00000000 00:00 0 
7f5e0c021000-7f5e10000000 ---p 00000000 00:00 0 
7f5e10000000-7f5e10021000 rwxp 00000000 00:00 0 
7f5e10021000-7f5e14000000 ---p 00000000 00:00 0 
7f5e14000000-7f5e14021000 rwxp 00000000 00:00 0 
7f5e14021000-7f5e18000000 ---p 00000000 00:00 0 
7f5e18000000-7f5e18021000 rwxp 00000000 00:00 0 
7f5e18021000-7f5e1c000000 ---p 00000000 00:00 0 
7f5e1c000000-7f5e1c021000 rwxp 00000000 00:00 0 
7f5e1c021000-7f5e20000000 ---p 00000000 00:00 0 
7f5e20000000-7f5e20021000 rwxp 00000000 00:00 0 
7f5e20021000-7f5e24000000 ---p 00000000 00:00 0 
7f5e24000000-7f5e24021000 rwxp 00000000 00:00 0 
7f5e24021000-7f5e28000000 ---p 00000000 00:00 0 
7f5e28000000-7f5e28021000 rwxp 00000000 00:00 0 
7f5e28021000-7f5e2c000000 ---p 00000000 00:00 0 
7f5e2c000000-7f5e2c021000 rwxp 00000000 00:00 0 
7f5e2c021000-7f5e30000000 ---p 00000000 00:00 0 
7f5e30000000-7f5e30021000 rwxp 00000000 00:00 0 
7f5e30021000-7f5e34000000 ---p 00000000 00:00 0 
7f5e34000000-7f5e34021000 rwxp 00000000 00:00 0 
7f5e34021000-7f5e38000000 ---p 00000000 00:00 0 
7f5e38000000-7f5e38021000 rwxp 00000000 00:00 0 
7f5e38021000-7f5e3c000000 ---p 00000000 00:00 0 
7f5e3c000000-7f5e3c021000 rwxp 00000000 00:00 0 
7f5e3c021000-7f5e40000000 ---p 00000000 00:00 0 
7f5e40000000-7f5e40021000 rwxp 00000000 00:00 0 
7f5e40021000-7f5e44000000 ---p 00000000 00:00 0 
7f5e44000000-7f5e44021000 rwxp 00000000 00:00 0 
7f5e44021000-7f5e48000000 ---p 00000000 00:00 0 
7f5e48000000-7f5e48021000 rwxp 00000000 00:00 0 
7f5e48021000-7f5e4c000000 ---p 00000000 00:00 0 
7f5e4c000000-7f5e4c021000 rwxp 00000000 00:00 0 
7f5e4c021000-7f5e50000000 ---p 00000000 00:00 0 
7f5e50000000-7f5e50021000 rwxp 00000000 00:00 0 
7f5e50021000-7f5e54000000 ---p 00000000 00:00 0 
7f5e54000000-7f5e54021000 rwxp 00000000 00:00 0 
7f5e54021000-7f5e58000000 ---p 00000000 00:00 0 
7f5e58000000-7f5e58021000 rwxp 00000000 00:00 0 
7f5e58021000-7f5e5c000000 ---p 00000000 00:00 0 
7f5e5c000000-7f5e5c021000 rwxp 00000000 00:00 0 
7f5e5c021000-7f5e60000000 ---p 00000000 00:00 0 
7f5e60000000-7f5e60021000 rwxp 00000000 00:00 0 
7f5e60021000-7f5e64000000 ---p 00000000 00:00 0 
7f5e64000000-7f5e64021000 rwxp 00000000 00:00 0 
7f5e64021000-7f5e68000000 ---p 00000000 00:00 0 
7f5e68000000-7f5e68021000 rwxp 00000000 00:00 0 
7f5e68021000-7f5e6c000000 ---p 00000000 00:00 0 
7f5e6c000000-7f5e6c021000 rwxp 00000000 00:00 0 
7f5e6c021000-7f5e70000000 ---p 00000000 00:00 0 
7f5e70000000-7f5e70021000 rwxp 00000000 00:00 0 
7f5e70021000-7f5e74000000 ---p 00000000 00:00 0 
7f5e74000000-7f5e74021000 rwxp 00000000 00:00 0 
7f5e74021000-7f5e78000000 ---p 00000000 00:00 0 
7f5e78000000-7f5e78021000 rwxp 00000000 00:00 0 
7f5e78021000-7f5e7c000000 ---p 00000000 00:00 0 
7f5e7c000000-7f5e7c021000 rwxp 00000000 00:00 0 
7f5e7c021000-7f5e80000000 ---p 00000000 00:00 0 
7f5e80000000-7f5e80021000 rwxp 00000000 00:00 0 
7f5e80021000-7f5e84000000 ---p 00000000 00:00 0 
7f5e84000000-7f5e84021000 rwxp 00000000 00:00 0 
7f5e84021000-7f5e88000000 ---p 00000000 00:00 0 
7f5e88000000-7f5e88021000 rwxp 00000000 00:00 0 
7f5e88021000-7f5e8c000000 ---p 00000000 00:00 0 
7f5e8c000000-7f5e8c021000 rwxp 00000000 00:00 0 
7f5e8c021000-7f5e90000000 ---p 00000000 00:00 0 
7f5e90000000-7f5e90021000 rwxp 00000000 00:00 0 
7f5e90021000-7f5e94000000 ---p 00000000 00:00 0 
7f5e94000000-7f5e94021000 rwxp 00000000 00:00 0 
7f5e94021000-7f5e98000000 ---p 00000000 00:00 0 
7f5e98000000-7f5e98021000 rwxp 00000000 00:00 0 
7f5e98021000-7f5e9c000000 ---p 00000000 00:00 0 
7f5e9c000000-7f5e9c021000 rwxp 00000000 00:00 0 
7f5e9c021000-7f5ea0000000 ---p 00000000 00:00 0 
7f5ea0000000-7f5ea0021000 rwxp 00000000 00:00 0 
7f5ea0021000-7f5ea4000000 ---p 00000000 00:00 0 
7f5ea4000000-7f5ea4021000 rwxp 00000000 00:00 0 
7f5ea4021000-7f5ea8000000 ---p 00000000 00:00 0 
7f5ea8000000-7f5ea8021000 rwxp 00000000 00:00 0 
7f5ea8021000-7f5eac000000 ---p 00000000 00:00 0 
7f5eac000000-7f5eac021000 rwxp 00000000 00:00 0 
7f5eac021000-7f5eb0000000 ---p 00000000 00:00 0 
7f5eb0000000-7f5eb0021000 rwxp 00000000 00:00 0 
7f5eb0021000-7f5eb4000000 ---p 00000000 00:00 0 
7f5eb4000000-7f5eb4021000 rwxp 00000000 00:00 0 
7f5eb4021000-7f5eb8000000 ---p 00000000 00:00 0 
7f5eb8000000-7f5eb8021000 rwxp 00000000 00:00 0 
7f5eb8021000-7f5ebc000000 ---p 00000000 00:00 0 
7f5ebc000000-7f5ebc021000 rwxp 00000000 00:00 0 
7f5ebc021000-7f5ec0000000 ---p 00000000 00:00 0 
7f5ec0000000-7f5ec0021000 rwxp 00000000 00:00 0 
7f5ec0021000-7f5ec4000000 ---p 00000000 00:00 0 
7f5ec40f1000-7f5ec49fa000 rwxp 00000000 00:00 0 
7f5ec49fa000-7f5ec49fb000 ---p 00000000 00:00 0 
7f5ec49fb000-7f5ec4afb000 rwxp 00000000 00:00 0 
7f5ec4afb000-7f5ec4afc000 ---p 00000000 00:00 0 
7f5ec4afc000-7f5ec4bfc000 rwxp 00000000 00:00 0 
7f5ec4bfc000-7f5ec4bfd000 ---p 00000000 00:00 0 
7f5ec4bfd000-7f5ec4cfd000 rwxp 00000000 00:00 0 
7f5ec4cfd000-7f5ec4cfe000 ---p 00000000 00:00 0 
7f5ec4cfe000-7f5ec4dfe000 rwxp 00000000 00:00 0 
7f5ec4dfe000-7f5ec4dff000 ---p 00000000 00:00 0 
7f5ec4dff000-7f5ec4eff000 rwxp 00000000 00:00 0 
7f5ec4eff000-7f5ec4f00000 ---p 00000000 00:00 0 
7f5ec4f00000-7f5ec5270000 rwxp 00000000 00:00 0 
7f5ec5270000-7f5ec8532000 rwxp 00000000 00:00 0 
7f5ec8532000-7f5ecc000000 ---p 00000000 00:00 0 
7f5ecc080000-7f5ecc081000 ---p 00000000 00:00 0 
7f5ecc081000-7f5ecc181000 rwxp 00000000 00:00 0 
7f5ecc181000-7f5ecc182000 ---p 00000000 00:00 0 
7f5ecc182000-7f5ecc282000 rwxp 00000000 00:00 0 
7f5ecc282000-7f5ecc283000 ---p 00000000 00:00 0 
7f5ecc283000-7f5ecc383000 rwxp 00000000 00:00 0 
7f5ecc383000-7f5ecc384000 ---p 00000000 00:00 0 
7f5ecc384000-7f5ecc484000 rwxp 00000000 00:00 0 
7f5ecc484000-7f5ecc485000 ---p 00000000 00:00 0 
7f5ecc485000-7f5ecc585000 rwxp 00000000 00:00 0 
7f5ecc585000-7f5ecc586000 ---p 00000000 00:00 0 
7f5ecc586000-7f5ecc686000 rwxp 00000000 00:00 0 
7f5ecc686000-7f5ecc687000 ---p 00000000 00:00 0 
7f5ecc687000-7f5ecc787000 rwxp 00000000 00:00 0 
7f5ecc787000-7f5ecc788000 ---p 00000000 00:00 0 
7f5ecc788000-7f5ecc888000 rwxp 00000000 00:00 0 
7f5ecc888000-7f5ecc889000 ---p 00000000 00:00 0 
7f5ecc889000-7f5ecc989000 rwxp 00000000 00:00 0 
7f5ecc989000-7f5ecc98a000 ---p 00000000 00:00 0 
7f5ecc98a000-7f5ecca8a000 rwxp 00000000 00:00 0 
7f5ecca8a000-7f5ecca8b000 ---p 00000000 00:00 0 
7f5ecca8b000-7f5eccb8b000 rwxp 00000000 00:00 0 
7f5eccb8b000-7f5eccb8c000 ---p 00000000 00:00 0 
7f5eccb8c000-7f5eccc8c000 rwxp 00000000 00:00 0 
7f5eccc8c000-7f5eccc8d000 ---p 00000000 00:00 0 
7f5eccc8d000-7f5eccd8d000 rwxp 00000000 00:00 0 
7f5eccd8d000-7f5eccd8e000 ---p 00000000 00:00 0 
7f5eccd8e000-7f5ecce8e000 rwxp 00000000 00:00 0 
7f5ecce8e000-7f5ecce8f000 ---p 00000000 00:00 0 
7f5ecce8f000-7f5eccf8f000 rwxp 00000000 00:00 0 
7f5eccf8f000-7f5eccf90000 ---p 00000000 00:00 0 
7f5eccf90000-7f5ecd090000 rwxp 00000000 00:00 0 
7f5ecd090000-7f5ecd091000 ---p 00000000 00:00 0 
7f5ecd091000-7f5ecd191000 rwxp 00000000 00:00 0 
7f5ecd191000-7f5ecd192000 ---p 00000000 00:00 0 
7f5ecd192000-7f5ecd292000 rwxp 00000000 00:00 0 
7f5ecd292000-7f5ecd293000 ---p 00000000 00:00 0 
7f5ecd293000-7f5ecd393000 rwxp 00000000 00:00 0 
7f5ecd393000-7f5ecd394000 ---p 00000000 00:00 0 
7f5ecd394000-7f5ecd494000 rwxp 00000000 00:00 0 
7f5ecd494000-7f5ecd495000 ---p 00000000 00:00 0 
7f5ecd495000-7f5ecd595000 rwxp 00000000 00:00 0 
7f5ecd595000-7f5ecd596000 ---p 00000000 00:00 0 
7f5ecd596000-7f5ecd696000 rwxp 00000000 00:00 0 
7f5ecd696000-7f5ecd697000 ---p 00000000 00:00 0 
7f5ecd697000-7f5ecd797000 rwxp 00000000 00:00 0 
7f5ecd797000-7f5ecd798000 ---p 00000000 00:00 0 
7f5ecd798000-7f5ecd898000 rwxp 00000000 00:00 0 
7f5ecd898000-7f5ecd899000 ---p 00000000 00:00 0 
7f5ecd899000-7f5ecd999000 rwxp 00000000 00:00 0 
7f5ecd999000-7f5ecd99a000 ---p 00000000 00:00 0 
7f5ecd99a000-7f5ecda9a000 rwxp 00000000 00:00 0 
7f5ecda9a000-7f5ecda9b000 ---p 00000000 00:00 0 
7f5ecda9b000-7f5ecdb9b000 rwxp 00000000 00:00 0 
7f5ecdb9b000-7f5ecdb9c000 ---p 00000000 00:00 0 
7f5ecdb9c000-7f5ecdc9c000 rwxp 00000000 00:00 0 
7f5ecdc9c000-7f5ecdc9d000 ---p 00000000 00:00 0 
7f5ecdc9d000-7f5ecdd9d000 rwxp 00000000 00:00 0 
7f5ecdd9d000-7f5ecdd9e000 ---p 00000000 00:00 0 
7f5ecdd9e000-7f5ecde9e000 rwxp 00000000 00:00 0 
7f5ecde9e000-7f5ecde9f000 ---p 00000000 00:00 0 
7f5ecde9f000-7f5ecdf9f000 rwxp 00000000 00:00 0 
7f5ecdf9f000-7f5ecdfa0000 ---p 00000000 00:00 0 
7f5ecdfa0000-7f5ece0a0000 rwxp 00000000 00:00 0 
7f5ece0a0000-7f5ece0a1000 ---p 00000000 00:00 0 
7f5ece0a1000-7f5ece1a1000 rwxp 00000000 00:00 0 
7f5ece1a1000-7f5ece1a2000 ---p 00000000 00:00 0 
7f5ece1a2000-7f5ece2a2000 rwxp 00000000 00:00 0 
7f5ece2a2000-7f5ece2a3000 ---p 00000000 00:00 0 
7f5ece2a3000-7f5ece3a3000 rwxp 00000000 00:00 0 
7f5ece3a3000-7f5ece3a4000 ---p 00000000 00:00 0 
7f5ece3a4000-7f5ece4a4000 rwxp 00000000 00:00 0 
7f5ece4a4000-7f5ece4a5000 ---p 00000000 00:00 0 
7f5ece4a5000-7f5ece5a5000 rwxp 00000000 00:00 0 
7f5ece5a5000-7f5ece5a6000 ---p 00000000 00:00 0 
7f5ece5a6000-7f5ece6a6000 rwxp 00000000 00:00 0 
7f5ece6a6000-7f5ece6a7000 ---p 00000000 00:00 0 
7f5ece6a7000-7f5ece7a7000 rwxp 00000000 00:00 0 
7f5ece7a7000-7f5ece7a8000 ---p 00000000 00:00 0 
7f5ece7a8000-7f5ece8a8000 rwxp 00000000 00:00 0 
7f5ece8a8000-7f5ece8a9000 ---p 00000000 00:00 0 
7f5ece8a9000-7f5ece9a9000 rwxp 00000000 00:00 0 
7f5ece9a9000-7f5ece9aa000 ---p 00000000 00:00 0 
7f5ece9aa000-7f5eceaaa000 rwxp 00000000 00:00 0 
7f5eceaaa000-7f5eceab8000 r-xp 00000000 fd:00 87205417                   /cao/Softs/mentor/ams/JRE/v1.6.0_22/aol/lib/amd64/libzip.so
7f5eceab8000-7f5ecebba000 ---p 0000e000 fd:00 87205417                   /cao/Softs/mentor/ams/JRE/v1.6.0_22/aol/lib/amd64/libzip.so
7f5ecebba000-7f5ecebbd000 rwxp 00010000 fd:00 87205417                   /cao/Softs/mentor/ams/JRE/v1.6.0_22/aol/lib/amd64/libzip.so
7f5ecebbd000-7f5ecebbe000 rwxp 00000000 00:00 0 
7f5ecebbe000-7f5ecebca000 r-xp 00000000 fd:00 268516897                  /usr/lib64/libnss_files-2.17.so
7f5ecebca000-7f5ecedc9000 ---p 0000c000 fd:00 268516897                  /usr/lib64/libnss_files-2.17.so
7f5ecedc9000-7f5ecedca000 r-xp 0000b000 fd:00 268516897                  /usr/lib64/libnss_files-2.17.so
7f5ecedca000-7f5ecedcb000 rwxp 0000c000 fd:00 268516897                  /usr/lib64/libnss_files-2.17.so
7f5ecedcb000-7f5ecedd1000 rwxp 00000000 00:00 0 
7f5ecedd1000-7f5ecedd8000 r-xp 00000000 fd:00 87205346                   /cao/Softs/mentor/ams/JRE/v1.6.0_22/aol/lib/amd64/native_threads/libhpi.so
7f5ecedd8000-7f5eceed9000 ---p 00007000 fd:00 87205346                   /cao/Softs/mentor/ams/JRE/v1.6.0_22/aol/lib/amd64/native_threads/libhpi.so
7f5eceed9000-7f5eceedb000 rwxp 00008000 fd:00 87205346                   /cao/Softs/mentor/ams/JRE/v1.6.0_22/aol/lib/amd64/native_threads/libhpi.so
7f5eceedb000-7f5eceedc000 rwxp 00000000 00:00 0 
7f5eceedc000-7f5eceef3000 r-xp 00000000 fd:00 268516889                  /usr/lib64/libnsl-2.17.so
7f5eceef3000-7f5ecf0f2000 ---p 00017000 fd:00 268516889                  /usr/lib64/libnsl-2.17.so
7f5ecf0f2000-7f5ecf0f3000 r-xp 00016000 fd:00 268516889                  /usr/lib64/libnsl-2.17.so
7f5ecf0f3000-7f5ecf0f4000 rwxp 00017000 fd:00 268516889                  /usr/lib64/libnsl-2.17.so
7f5ecf0f4000-7f5ecf0f6000 rwxp 00000000 00:00 0 
7f5ecf0f6000-7f5ecf11e000 r-xp 00000000 fd:00 87205364                   /cao/Softs/mentor/ams/JRE/v1.6.0_22/aol/lib/amd64/libjava.so
7f5ecf11e000-7f5ecf21e000 ---p 00028000 fd:00 87205364                   /cao/Softs/mentor/ams/JRE/v1.6.0_22/aol/lib/amd64/libjava.so
7f5ecf21e000-7f5ecf225000 rwxp 00028000 fd:00 87205364                   /cao/Softs/mentor/ams/JRE/v1.6.0_22/aol/lib/amd64/libjava.so
7f5ecf225000-7f5ecf232000 r-xp 00000000 fd:00 87205416                   /cao/Softs/mentor/ams/JRE/v1.6.0_22/aol/lib/amd64/libverify.so
7f5ecf232000-7f5ecf331000 ---p 0000d000 fd:00 87205416                   /cao/Softs/mentor/ams/JRE/v1.6.0_22/aol/lib/amd64/libverify.so
7f5ecf331000-7f5ecf334000 rwxp 0000c000 fd:00 87205416                   /cao/Softs/mentor/ams/JRE/v1.6.0_22/aol/lib/amd64/libverify.so
7f5ecf334000-7f5ecf33b000 r-xp 00000000 fd:00 268516909                  /usr/lib64/librt-2.17.so
7f5ecf33b000-7f5ecf53a000 ---p 00007000 fd:00 268516909                  /usr/lib64/librt-2.17.so
7f5ecf53a000-7f5ecf53b000 r-xp 00006000 fd:00 268516909                  /usr/lib64/librt-2.17.so
7f5ecf53b000-7f5ecf53c000 rwxp 00007000 fd:00 268516909                  /usr/lib64/librt-2.17.so
7f5ecf53c000-7f5ecf540000 ---p 00000000 00:00 0 
7f5ecf540000-7f5ecf63d000 rwxp 00000000 00:00 0 
7f5ecf63d000-7f5ecf73e000 r-xp 00000000 fd:00 268516887                  /usr/lib64/libm-2.17.so
7f5ecf73e000-7f5ecf93d000 ---p 00101000 fd:00 268516887                  /usr/lib64/libm-2.17.so
7f5ecf93d000-7f5ecf93e000 r-xp 00100000 fd:00 268516887                  /usr/lib64/libm-2.17.so
7f5ecf93e000-7f5ecf93f000 rwxp 00101000 fd:00 268516887                  /usr/lib64/libm-2.17.so
7f5ecf93f000-7f5ed0119000 r-xp 00000000 fd:00 87205348                   /cao/Softs/mentor/ams/JRE/v1.6.0_22/aol/lib/amd64/server/libjvm.so
7f5ed0119000-7f5ed021b000 ---p 007da000 fd:00 87205348                   /cao/Softs/mentor/ams/JRE/v1.6.0_22/aol/lib/amd64/server/libjvm.so
7f5ed021b000-7f5ed03ac000 rwxp 007dc000 fd:00 87205348                   /cao/Softs/mentor/ams/JRE/v1.6.0_22/aol/lib/amd64/server/libjvm.so
7f5ed03ac000-7f5ed03e7000 rwxp 00000000 00:00 0 
7f5ed03e7000-7f5ed05aa000 r-xp 00000000 fd:00 268516879                  /usr/lib64/libc-2.17.so
7f5ed05aa000-7f5ed07aa000 ---p 001c3000 fd:00 268516879                  /usr/lib64/libc-2.17.so
7f5ed07aa000-7f5ed07ae000 r-xp 001c3000 fd:00 268516879                  /usr/lib64/libc-2.17.so
7f5ed07ae000-7f5ed07b0000 rwxp 001c7000 fd:00 268516879                  /usr/lib64/libc-2.17.so
7f5ed07b0000-7f5ed07b5000 rwxp 00000000 00:00 0 
7f5ed07b5000-7f5ed07b7000 r-xp 00000000 fd:00 268516885                  /usr/lib64/libdl-2.17.so
7f5ed07b7000-7f5ed09b7000 ---p 00002000 fd:00 268516885                  /usr/lib64/libdl-2.17.so
7f5ed09b7000-7f5ed09b8000 r-xp 00002000 fd:00 268516885                  /usr/lib64/libdl-2.17.so
7f5ed09b8000-7f5ed09b9000 rwxp 00003000 fd:00 268516885                  /usr/lib64/libdl-2.17.so
7f5ed09b9000-7f5ed09d0000 r-xp 00000000 fd:00 268516905                  /usr/lib64/libpthread-2.17.so
7f5ed09d0000-7f5ed0bcf000 ---p 00017000 fd:00 268516905                  /usr/lib64/libpthread-2.17.so
7f5ed0bcf000-7f5ed0bd0000 r-xp 00016000 fd:00 268516905                  /usr/lib64/libpthread-2.17.so
7f5ed0bd0000-7f5ed0bd1000 rwxp 00017000 fd:00 268516905                  /usr/lib64/libpthread-2.17.so
7f5ed0bd1000-7f5ed0bd5000 rwxp 00000000 00:00 0 
7f5ed0bd5000-7f5ed0bf7000 r-xp 00000000 fd:00 268516872                  /usr/lib64/ld-2.17.so
7f5ed0c1c000-7f5ed0c26000 rwxp 00000000 00:00 0 
7f5ed0c26000-7f5ed0cdc000 rwxp 00000000 00:00 0 
7f5ed0cdc000-7f5ed0ce4000 rwxs 00000000 fd:00 364971554                  /tmp/hsperfdata_filip/148106
7f5ed0ce4000-7f5ed0ce5000 rwxp 00000000 00:00 0 
7f5ed0ce5000-7f5ed0ce6000 r-xp 00000000 00:00 0 
7f5ed0ce6000-7f5ed0cea000 rwxp 00000000 00:00 0 
7f5ed0cea000-7f5ed0cf1000 r-xp 00000000 fd:00 352390253                  /cao/Softs/mentor/ams/JRE/v1.6.0_22/aol/lib/amd64/jli/libjli.so
7f5ed0cf1000-7f5ed0df2000 ---p 00007000 fd:00 352390253                  /cao/Softs/mentor/ams/JRE/v1.6.0_22/aol/lib/amd64/jli/libjli.so
7f5ed0df2000-7f5ed0df4000 rwxp 00008000 fd:00 352390253                  /cao/Softs/mentor/ams/JRE/v1.6.0_22/aol/lib/amd64/jli/libjli.so
7f5ed0df4000-7f5ed0df6000 rwxp 00000000 00:00 0 
7f5ed0df6000-7f5ed0df7000 r-xp 00021000 fd:00 268516872                  /usr/lib64/ld-2.17.so
7f5ed0df7000-7f5ed0df8000 rwxp 00022000 fd:00 268516872                  /usr/lib64/ld-2.17.so
7f5ed0df8000-7f5ed0df9000 rwxp 00000000 00:00 0 
7ffe57afd000-7ffe57b23000 rwxp 00000000 00:00 0                          [stack]
7ffe57b25000-7ffe57b27000 r-xp 00000000 00:00 0                          [vdso]
ffffffffff600000-ffffffffff601000 r-xp 00000000 00:00 0                  [vsyscall]

VM Arguments:
jvm_args: -DMGC_TMPDIR=/tmp -DAMS_WDBSERVER_INFO=/home/filip/.ezwave/jwdbserver.info -DAMS_WDBSERVER_TIMEOUT=60 -DEZ_HOME=/home/filip -DMGC_AMS_HOME=/cao/Softs/mentor/ams -DAMS_VCO=aol -Djava.library.path=/cao/Softs/mentor/ams/aol/lib/lib -Xrs -Xms32000M -Xmx32000M -XX:MaxPermSize=512m -XX:+UseConcMarkSweepGC -XX:+UseParNewGC -XX:+CMSParallelRemarkEnabled -XX:CMSInitiatingOccupancyFraction=30 -XX:+UseCMSInitiatingOccupancyOnly -XX:-UseGCOverheadLimit -XX:+UseStringCache -XX:+OptimizeStringConcat -XX:+UseCompressedOops 
java_command: /cao/Softs/mentor/ams/aol/lib/wdbserver.jar
Launcher Type: SUN_STANDARD

Environment Variables:
LD_LIBRARY_PATH=/cao/Softs/mentor/ams/JRE/v1.6.0_22/aol/lib/amd64/server:/cao/Softs/mentor/ams/JRE/v1.6.0_22/aol/lib/amd64:/cao/Softs/mentor/ams/JRE/v1.6.0_22/aol/../lib/amd64:/cao/Softs/mentor/ams/devenv_tools/x86_64/2.6.18.128.el5/lib64:/cao/Softs/mentor/ams/devenv_tools/x86_64/2.6.18.128.el5/lib64:/cao/Softs/mentor/ams/devenv_tools/x86_64/2.6.18.128.el5/lib:/cao/Softs/mentor/ams/devenv_tools/x86_64/2.6.18.128.el5/lib:/lib64:/cao/Softs/mentor/ams/modeltech/linux_x86_64:/cao/Softs/mentor/ams/aol/lib:/cao/Softs/cadence/IC617/tools/lib
SHELL=/bin/bash
DISPLAY=:2
HOSTTYPE=x86_64-linux
OSTYPE=linux
MACHTYPE=x86_64

Signal Handlers:
SIGSEGV: [libjvm.so+0x731250], sa_mask[0]=0x7ffbfeff, sa_flags=0x10000004
SIGBUS: [libjvm.so+0x731250], sa_mask[0]=0x7ffbfeff, sa_flags=0x10000004
SIGFPE: [libjvm.so+0x5f5e30], sa_mask[0]=0x7ffbfeff, sa_flags=0x10000004
SIGPIPE: [libjvm.so+0x5f5e30], sa_mask[0]=0x7ffbfeff, sa_flags=0x10000004
SIGXFSZ: [libjvm.so+0x5f5e30], sa_mask[0]=0x7ffbfeff, sa_flags=0x10000004
SIGILL: [libjvm.so+0x5f5e30], sa_mask[0]=0x7ffbfeff, sa_flags=0x10000004
SIGUSR1: SIG_DFL, sa_mask[0]=0x00000000, sa_flags=0x00000000
SIGUSR2: [libjvm.so+0x5f8650], sa_mask[0]=0x00000000, sa_flags=0x10000004
SIGHUP: SIG_DFL, sa_mask[0]=0x00000000, sa_flags=0x00000000
SIGINT: SIG_IGN, sa_mask[0]=0x00000000, sa_flags=0x00000000
SIGTERM: SIG_DFL, sa_mask[0]=0x00000000, sa_flags=0x00000000
SIGQUIT: SIG_DFL, sa_mask[0]=0x00000000, sa_flags=0x00000000


---------------  S Y S T E M  ---------------

OS:CentOS Linux release 7.8.2003 (Core)

uname:Linux 3.10.0-1127.19.1.el7.x86_64 #1 SMP Tue Aug 25 17:23:54 UTC 2020 x86_64
libc:glibc 2.17 NPTL 2.17 
rlimit: STACK 10240k, CORE 0k, NPROC 4096, NOFILE 4096, AS infinity
load average:10.15 3.00 1.23

CPU:total 72 (32 cores per cpu, 2 threads per core) family 6 model 85 stepping 7, cmov, cx8, fxsr, mmx, sse, sse2, sse3, ssse3, sse4.1, sse4.2, popcnt, ht

Memory: 4k page, physical 97402164k(315388k free), swap 4194300k(4131324k free)

vm_info: Java HotSpot(TM) 64-Bit Server VM (17.1-b03) for linux-amd64 JRE (1.6.0_22-b04), built on Sep 15 2010 01:07:59 by "java_re" with gcc 3.2.2 (SuSE Linux)

time: Tue Aug  5 23:25:46 2025
elapsed time: 0 seconds

