#
# A fatal error has been detected by the Java Runtime Environment:
#
# java.lang.OutOfMemoryError: Cannot create worker GC thread. Out of system resources.
#
#  Internal Error (yieldingWorkgroup.cpp:53), pid=91583, tid=140084232681216
#  Error: Cannot create worker GC thread. Out of system resources.
#
# JRE version: 6.0_22-b04
# Java VM: Java HotSpot(TM) 64-Bit Server VM (17.1-b03 mixed mode linux-amd64 compressed oops)
# If you would like to submit a bug report, please visit:
#   http://java.sun.com/webapps/bugreport/crash.jsp
#

---------------  T H R E A D  ---------------

Current thread (0x00007f67e0007800):  JavaThread "Unknown thread" [_thread_in_vm, id=91634, stack(0x00007f67e6dd8000,0x00007f67e6ed8000)]

Stack: [0x00007f67e6dd8000,0x00007f67e6ed8000],  sp=0x00007f67e6ed67e0,  free space=3f90000000000000018k
Native frames: (J=compiled Java code, j=interpreted, Vv=VM code, C=native code)
V  [libjvm.so+0x7306a0]
V  [libjvm.so+0x2f31e8]
V  [libjvm.so+0x747e86]
V  [libjvm.so+0x2d0358]
V  [libjvm.so+0x37a9fa]
V  [libjvm.so+0x70a129]
V  [libjvm.so+0x709c7a]
V  [libjvm.so+0x3b5690]
V  [libjvm.so+0x6f1d5f]
V  [libjvm.so+0x420060]


---------------  P R O C E S S  ---------------

Java Threads: ( => current thread )

Other Threads:

=>0x00007f67e0007800 (exited) JavaThread "Unknown thread" [_thread_in_vm, id=91634, stack(0x00007f67e6dd8000,0x00007f67e6ed8000)]

VM state:not at safepoint (not fully initialized)

VM Mutex/Monitor currently owned by a thread: None

Dynamic libraries:
40000000-40009000 r-xp 00000000 fd:00 647108122                          /cao/Softs/mentor/ams/JRE/v1.6.0_22/aol/bin/java
40108000-4010a000 rwxp 00008000 fd:00 647108122                          /cao/Softs/mentor/ams/JRE/v1.6.0_22/aol/bin/java
4069b000-406bc000 rwxp 00000000 00:00 0                                  [heap]
7f5ef0000000-7f5ef0021000 rwxp 00000000 00:00 0 
7f5ef0021000-7f5ef4000000 ---p 00000000 00:00 0 
7f5ef8000000-7f5ef8021000 rwxp 00000000 00:00 0 
7f5ef8021000-7f5efc000000 ---p 00000000 00:00 0 
7f5eff518000-7f5eff519000 ---p 00000000 00:00 0 
7f5eff519000-7f5eff619000 rwxp 00000000 00:00 0 
7f5eff619000-7f5eff61a000 ---p 00000000 00:00 0 
7f5eff61a000-7f5eff71a000 rwxp 00000000 00:00 0 
7f5eff71a000-7f5eff71b000 ---p 00000000 00:00 0 
7f5eff71b000-7f5f2143f000 rwxp 00000000 00:00 0 
7f5f2143f000-7f5f21535000 rwxp 00000000 00:00 0 
7f5f21535000-7f5f27ff0000 rwxp 00000000 00:00 0 
7f5f27ff0000-7f5f28000000 ---p 00000000 00:00 0 
7f5f28000000-7f66f94c0000 rwxp 00000000 00:00 0 
7f66f94c0000-7f6718021000 rwxp 00000000 00:00 0 
7f6718021000-7f671c000000 ---p 00000000 00:00 0 
7f671c07f000-7f671ff0a000 rwxp 00000000 00:00 0 
7f671ff0a000-7f671ffff000 rwxp 00000000 00:00 0 
7f671ffff000-7f6720000000 rwxp 00000000 00:00 0 
7f6720000000-7f6720021000 rwxp 00000000 00:00 0 
7f6720021000-7f6724000000 ---p 00000000 00:00 0 
7f6724000000-7f6724021000 rwxp 00000000 00:00 0 
7f6724021000-7f6728000000 ---p 00000000 00:00 0 
7f6728000000-7f6728021000 rwxp 00000000 00:00 0 
7f6728021000-7f672c000000 ---p 00000000 00:00 0 
7f672c000000-7f672c021000 rwxp 00000000 00:00 0 
7f672c021000-7f6730000000 ---p 00000000 00:00 0 
7f6730000000-7f6730021000 rwxp 00000000 00:00 0 
7f6730021000-7f6734000000 ---p 00000000 00:00 0 
7f6734000000-7f6734021000 rwxp 00000000 00:00 0 
7f6734021000-7f6738000000 ---p 00000000 00:00 0 
7f6738000000-7f6738021000 rwxp 00000000 00:00 0 
7f6738021000-7f673c000000 ---p 00000000 00:00 0 
7f673c000000-7f673c021000 rwxp 00000000 00:00 0 
7f673c021000-7f6740000000 ---p 00000000 00:00 0 
7f6740000000-7f6740021000 rwxp 00000000 00:00 0 
7f6740021000-7f6744000000 ---p 00000000 00:00 0 
7f6744000000-7f6744021000 rwxp 00000000 00:00 0 
7f6744021000-7f6748000000 ---p 00000000 00:00 0 
7f6748000000-7f6748021000 rwxp 00000000 00:00 0 
7f6748021000-7f674c000000 ---p 00000000 00:00 0 
7f674c000000-7f674c021000 rwxp 00000000 00:00 0 
7f674c021000-7f6750000000 ---p 00000000 00:00 0 
7f6750000000-7f6750021000 rwxp 00000000 00:00 0 
7f6750021000-7f6754000000 ---p 00000000 00:00 0 
7f6754000000-7f6754021000 rwxp 00000000 00:00 0 
7f6754021000-7f6758000000 ---p 00000000 00:00 0 
7f6758000000-7f6758021000 rwxp 00000000 00:00 0 
7f6758021000-7f675c000000 ---p 00000000 00:00 0 
7f675c000000-7f675c021000 rwxp 00000000 00:00 0 
7f675c021000-7f6760000000 ---p 00000000 00:00 0 
7f6760000000-7f6760021000 rwxp 00000000 00:00 0 
7f6760021000-7f6764000000 ---p 00000000 00:00 0 
7f6764000000-7f6764021000 rwxp 00000000 00:00 0 
7f6764021000-7f6768000000 ---p 00000000 00:00 0 
7f6768000000-7f6768021000 rwxp 00000000 00:00 0 
7f6768021000-7f676c000000 ---p 00000000 00:00 0 
7f676c000000-7f676c021000 rwxp 00000000 00:00 0 
7f676c021000-7f6770000000 ---p 00000000 00:00 0 
7f6770000000-7f6770021000 rwxp 00000000 00:00 0 
7f6770021000-7f6774000000 ---p 00000000 00:00 0 
7f6774000000-7f6774021000 rwxp 00000000 00:00 0 
7f6774021000-7f6778000000 ---p 00000000 00:00 0 
7f6778000000-7f6778021000 rwxp 00000000 00:00 0 
7f6778021000-7f677c000000 ---p 00000000 00:00 0 
7f677c000000-7f677c021000 rwxp 00000000 00:00 0 
7f677c021000-7f6780000000 ---p 00000000 00:00 0 
7f6780000000-7f6780021000 rwxp 00000000 00:00 0 
7f6780021000-7f6784000000 ---p 00000000 00:00 0 
7f6784000000-7f6784021000 rwxp 00000000 00:00 0 
7f6784021000-7f6788000000 ---p 00000000 00:00 0 
7f6788000000-7f6788021000 rwxp 00000000 00:00 0 
7f6788021000-7f678c000000 ---p 00000000 00:00 0 
7f678c000000-7f678c021000 rwxp 00000000 00:00 0 
7f678c021000-7f6790000000 ---p 00000000 00:00 0 
7f6790000000-7f6790021000 rwxp 00000000 00:00 0 
7f6790021000-7f6794000000 ---p 00000000 00:00 0 
7f6794000000-7f6794021000 rwxp 00000000 00:00 0 
7f6794021000-7f6798000000 ---p 00000000 00:00 0 
7f6798000000-7f6798021000 rwxp 00000000 00:00 0 
7f6798021000-7f679c000000 ---p 00000000 00:00 0 
7f679c000000-7f679c021000 rwxp 00000000 00:00 0 
7f679c021000-7f67a0000000 ---p 00000000 00:00 0 
7f67a0000000-7f67a0021000 rwxp 00000000 00:00 0 
7f67a0021000-7f67a4000000 ---p 00000000 00:00 0 
7f67a4000000-7f67a4021000 rwxp 00000000 00:00 0 
7f67a4021000-7f67a8000000 ---p 00000000 00:00 0 
7f67a8000000-7f67a8021000 rwxp 00000000 00:00 0 
7f67a8021000-7f67ac000000 ---p 00000000 00:00 0 
7f67ac000000-7f67ac021000 rwxp 00000000 00:00 0 
7f67ac021000-7f67b0000000 ---p 00000000 00:00 0 
7f67b0000000-7f67b0021000 rwxp 00000000 00:00 0 
7f67b0021000-7f67b4000000 ---p 00000000 00:00 0 
7f67b4000000-7f67b4021000 rwxp 00000000 00:00 0 
7f67b4021000-7f67b8000000 ---p 00000000 00:00 0 
7f67b8000000-7f67b8021000 rwxp 00000000 00:00 0 
7f67b8021000-7f67bc000000 ---p 00000000 00:00 0 
7f67bc000000-7f67bc021000 rwxp 00000000 00:00 0 
7f67bc021000-7f67c0000000 ---p 00000000 00:00 0 
7f67c0000000-7f67c0021000 rwxp 00000000 00:00 0 
7f67c0021000-7f67c4000000 ---p 00000000 00:00 0 
7f67c4000000-7f67c4021000 rwxp 00000000 00:00 0 
7f67c4021000-7f67c8000000 ---p 00000000 00:00 0 
7f67c8000000-7f67c8021000 rwxp 00000000 00:00 0 
7f67c8021000-7f67cc000000 ---p 00000000 00:00 0 
7f67cc000000-7f67cc021000 rwxp 00000000 00:00 0 
7f67cc021000-7f67d0000000 ---p 00000000 00:00 0 
7f67d0000000-7f67d0021000 rwxp 00000000 00:00 0 
7f67d0021000-7f67d4000000 ---p 00000000 00:00 0 
7f67d4000000-7f67d4021000 rwxp 00000000 00:00 0 
7f67d4021000-7f67d8000000 ---p 00000000 00:00 0 
7f67d8000000-7f67d8021000 rwxp 00000000 00:00 0 
7f67d8021000-7f67dc000000 ---p 00000000 00:00 0 
7f67dc0f1000-7f67dc2f3000 rwxp 00000000 00:00 0 
7f67dc2f3000-7f67dc2f4000 ---p 00000000 00:00 0 
7f67dc2f4000-7f67dc3f4000 rwxp 00000000 00:00 0 
7f67dc3f4000-7f67dc3f5000 ---p 00000000 00:00 0 
7f67dc3f5000-7f67dc4f5000 rwxp 00000000 00:00 0 
7f67dc4f5000-7f67dc4f6000 ---p 00000000 00:00 0 
7f67dc4f6000-7f67dc5f6000 rwxp 00000000 00:00 0 
7f67dc5f6000-7f67dc5f7000 ---p 00000000 00:00 0 
7f67dc5f7000-7f67dc6f7000 rwxp 00000000 00:00 0 
7f67dc6f7000-7f67dc6f8000 ---p 00000000 00:00 0 
7f67dc6f8000-7f67dc7f8000 rwxp 00000000 00:00 0 
7f67dc7f8000-7f67dc7f9000 ---p 00000000 00:00 0 
7f67dc7f9000-7f67dc8f9000 rwxp 00000000 00:00 0 
7f67dc8f9000-7f67dc8fa000 ---p 00000000 00:00 0 
7f67dc8fa000-7f67dc9fa000 rwxp 00000000 00:00 0 
7f67dc9fa000-7f67dc9fb000 ---p 00000000 00:00 0 
7f67dc9fb000-7f67dcafb000 rwxp 00000000 00:00 0 
7f67dcafb000-7f67dcafc000 ---p 00000000 00:00 0 
7f67dcafc000-7f67dcbfc000 rwxp 00000000 00:00 0 
7f67dcbfc000-7f67dcbfd000 ---p 00000000 00:00 0 
7f67dcbfd000-7f67dccfd000 rwxp 00000000 00:00 0 
7f67dccfd000-7f67dccfe000 ---p 00000000 00:00 0 
7f67dccfe000-7f67dcdfe000 rwxp 00000000 00:00 0 
7f67dcdfe000-7f67dcdff000 ---p 00000000 00:00 0 
7f67dcdff000-7f67dceff000 rwxp 00000000 00:00 0 
7f67dceff000-7f67dcf00000 ---p 00000000 00:00 0 
7f67dcf00000-7f67dd270000 rwxp 00000000 00:00 0 
7f67dd270000-7f67e052c000 rwxp 00000000 00:00 0 
7f67e052c000-7f67e4000000 ---p 00000000 00:00 0 
7f67e4022000-7f67e4023000 ---p 00000000 00:00 0 
7f67e4023000-7f67e4123000 rwxp 00000000 00:00 0 
7f67e4123000-7f67e4124000 ---p 00000000 00:00 0 
7f67e4124000-7f67e4224000 rwxp 00000000 00:00 0 
7f67e4224000-7f67e4225000 ---p 00000000 00:00 0 
7f67e4225000-7f67e4325000 rwxp 00000000 00:00 0 
7f67e4325000-7f67e4326000 ---p 00000000 00:00 0 
7f67e4326000-7f67e4426000 rwxp 00000000 00:00 0 
7f67e4426000-7f67e4427000 ---p 00000000 00:00 0 
7f67e4427000-7f67e4527000 rwxp 00000000 00:00 0 
7f67e4527000-7f67e4528000 ---p 00000000 00:00 0 
7f67e4528000-7f67e4628000 rwxp 00000000 00:00 0 
7f67e4628000-7f67e4629000 ---p 00000000 00:00 0 
7f67e4629000-7f67e4729000 rwxp 00000000 00:00 0 
7f67e4729000-7f67e472a000 ---p 00000000 00:00 0 
7f67e472a000-7f67e482a000 rwxp 00000000 00:00 0 
7f67e482a000-7f67e482b000 ---p 00000000 00:00 0 
7f67e482b000-7f67e492b000 rwxp 00000000 00:00 0 
7f67e492b000-7f67e492c000 ---p 00000000 00:00 0 
7f67e492c000-7f67e4a2c000 rwxp 00000000 00:00 0 
7f67e4a2c000-7f67e4a2d000 ---p 00000000 00:00 0 
7f67e4a2d000-7f67e4b2d000 rwxp 00000000 00:00 0 
7f67e4b2d000-7f67e4b2e000 ---p 00000000 00:00 0 
7f67e4b2e000-7f67e4c2e000 rwxp 00000000 00:00 0 
7f67e4c2e000-7f67e4c2f000 ---p 00000000 00:00 0 
7f67e4c2f000-7f67e4d2f000 rwxp 00000000 00:00 0 
7f67e4d2f000-7f67e4d30000 ---p 00000000 00:00 0 
7f67e4d30000-7f67e4e30000 rwxp 00000000 00:00 0 
7f67e4e30000-7f67e4e31000 ---p 00000000 00:00 0 
7f67e4e31000-7f67e4f31000 rwxp 00000000 00:00 0 
7f67e4f31000-7f67e4f32000 ---p 00000000 00:00 0 
7f67e4f32000-7f67e5032000 rwxp 00000000 00:00 0 
7f67e5032000-7f67e5033000 ---p 00000000 00:00 0 
7f67e5033000-7f67e5133000 rwxp 00000000 00:00 0 
7f67e5133000-7f67e5134000 ---p 00000000 00:00 0 
7f67e5134000-7f67e5234000 rwxp 00000000 00:00 0 
7f67e5234000-7f67e5235000 ---p 00000000 00:00 0 
7f67e5235000-7f67e5335000 rwxp 00000000 00:00 0 
7f67e5335000-7f67e5336000 ---p 00000000 00:00 0 
7f67e5336000-7f67e5436000 rwxp 00000000 00:00 0 
7f67e5436000-7f67e5437000 ---p 00000000 00:00 0 
7f67e5437000-7f67e5537000 rwxp 00000000 00:00 0 
7f67e5537000-7f67e5538000 ---p 00000000 00:00 0 
7f67e5538000-7f67e5638000 rwxp 00000000 00:00 0 
7f67e5638000-7f67e5639000 ---p 00000000 00:00 0 
7f67e5639000-7f67e5739000 rwxp 00000000 00:00 0 
7f67e5739000-7f67e573a000 ---p 00000000 00:00 0 
7f67e573a000-7f67e583a000 rwxp 00000000 00:00 0 
7f67e583a000-7f67e583b000 ---p 00000000 00:00 0 
7f67e583b000-7f67e593b000 rwxp 00000000 00:00 0 
7f67e593b000-7f67e593c000 ---p 00000000 00:00 0 
7f67e593c000-7f67e5a3c000 rwxp 00000000 00:00 0 
7f67e5a3c000-7f67e5a3d000 ---p 00000000 00:00 0 
7f67e5a3d000-7f67e5b3d000 rwxp 00000000 00:00 0 
7f67e5b3d000-7f67e5b3e000 ---p 00000000 00:00 0 
7f67e5b3e000-7f67e5c3e000 rwxp 00000000 00:00 0 
7f67e5c3e000-7f67e5c3f000 ---p 00000000 00:00 0 
7f67e5c3f000-7f67e5d3f000 rwxp 00000000 00:00 0 
7f67e5d3f000-7f67e5d40000 ---p 00000000 00:00 0 
7f67e5d40000-7f67e5e40000 rwxp 00000000 00:00 0 
7f67e5e40000-7f67e5e41000 ---p 00000000 00:00 0 
7f67e5e41000-7f67e5f41000 rwxp 00000000 00:00 0 
7f67e5f41000-7f67e5f42000 ---p 00000000 00:00 0 
7f67e5f42000-7f67e6042000 rwxp 00000000 00:00 0 
7f67e6042000-7f67e6043000 ---p 00000000 00:00 0 
7f67e6043000-7f67e6143000 rwxp 00000000 00:00 0 
7f67e6143000-7f67e6144000 ---p 00000000 00:00 0 
7f67e6144000-7f67e6244000 rwxp 00000000 00:00 0 
7f67e6244000-7f67e6245000 ---p 00000000 00:00 0 
7f67e6245000-7f67e6345000 rwxp 00000000 00:00 0 
7f67e6345000-7f67e6353000 r-xp 00000000 fd:00 87205417                   /cao/Softs/mentor/ams/JRE/v1.6.0_22/aol/lib/amd64/libzip.so
7f67e6353000-7f67e6455000 ---p 0000e000 fd:00 87205417                   /cao/Softs/mentor/ams/JRE/v1.6.0_22/aol/lib/amd64/libzip.so
7f67e6455000-7f67e6458000 rwxp 00010000 fd:00 87205417                   /cao/Softs/mentor/ams/JRE/v1.6.0_22/aol/lib/amd64/libzip.so
7f67e6458000-7f67e6459000 rwxp 00000000 00:00 0 
7f67e6459000-7f67e6465000 r-xp 00000000 fd:00 268516897                  /usr/lib64/libnss_files-2.17.so
7f67e6465000-7f67e6664000 ---p 0000c000 fd:00 268516897                  /usr/lib64/libnss_files-2.17.so
7f67e6664000-7f67e6665000 r-xp 0000b000 fd:00 268516897                  /usr/lib64/libnss_files-2.17.so
7f67e6665000-7f67e6666000 rwxp 0000c000 fd:00 268516897                  /usr/lib64/libnss_files-2.17.so
7f67e6666000-7f67e666c000 rwxp 00000000 00:00 0 
7f67e666c000-7f67e6673000 r-xp 00000000 fd:00 87205346                   /cao/Softs/mentor/ams/JRE/v1.6.0_22/aol/lib/amd64/native_threads/libhpi.so
7f67e6673000-7f67e6774000 ---p 00007000 fd:00 87205346                   /cao/Softs/mentor/ams/JRE/v1.6.0_22/aol/lib/amd64/native_threads/libhpi.so
7f67e6774000-7f67e6776000 rwxp 00008000 fd:00 87205346                   /cao/Softs/mentor/ams/JRE/v1.6.0_22/aol/lib/amd64/native_threads/libhpi.so
7f67e6776000-7f67e6777000 rwxp 00000000 00:00 0 
7f67e6777000-7f67e678e000 r-xp 00000000 fd:00 268516889                  /usr/lib64/libnsl-2.17.so
7f67e678e000-7f67e698d000 ---p 00017000 fd:00 268516889                  /usr/lib64/libnsl-2.17.so
7f67e698d000-7f67e698e000 r-xp 00016000 fd:00 268516889                  /usr/lib64/libnsl-2.17.so
7f67e698e000-7f67e698f000 rwxp 00017000 fd:00 268516889                  /usr/lib64/libnsl-2.17.so
7f67e698f000-7f67e6991000 rwxp 00000000 00:00 0 
7f67e6991000-7f67e69b9000 r-xp 00000000 fd:00 87205364                   /cao/Softs/mentor/ams/JRE/v1.6.0_22/aol/lib/amd64/libjava.so
7f67e69b9000-7f67e6ab9000 ---p 00028000 fd:00 87205364                   /cao/Softs/mentor/ams/JRE/v1.6.0_22/aol/lib/amd64/libjava.so
7f67e6ab9000-7f67e6ac0000 rwxp 00028000 fd:00 87205364                   /cao/Softs/mentor/ams/JRE/v1.6.0_22/aol/lib/amd64/libjava.so
7f67e6ac0000-7f67e6acd000 r-xp 00000000 fd:00 87205416                   /cao/Softs/mentor/ams/JRE/v1.6.0_22/aol/lib/amd64/libverify.so
7f67e6acd000-7f67e6bcc000 ---p 0000d000 fd:00 87205416                   /cao/Softs/mentor/ams/JRE/v1.6.0_22/aol/lib/amd64/libverify.so
7f67e6bcc000-7f67e6bcf000 rwxp 0000c000 fd:00 87205416                   /cao/Softs/mentor/ams/JRE/v1.6.0_22/aol/lib/amd64/libverify.so
7f67e6bcf000-7f67e6bd6000 r-xp 00000000 fd:00 268516909                  /usr/lib64/librt-2.17.so
7f67e6bd6000-7f67e6dd5000 ---p 00007000 fd:00 268516909                  /usr/lib64/librt-2.17.so
7f67e6dd5000-7f67e6dd6000 r-xp 00006000 fd:00 268516909                  /usr/lib64/librt-2.17.so
7f67e6dd6000-7f67e6dd7000 rwxp 00007000 fd:00 268516909                  /usr/lib64/librt-2.17.so
7f67e6dd7000-7f67e6ddb000 ---p 00000000 00:00 0 
7f67e6ddb000-7f67e6ed8000 rwxp 00000000 00:00 0 
7f67e6ed8000-7f67e6fd9000 r-xp 00000000 fd:00 268516887                  /usr/lib64/libm-2.17.so
7f67e6fd9000-7f67e71d8000 ---p 00101000 fd:00 268516887                  /usr/lib64/libm-2.17.so
7f67e71d8000-7f67e71d9000 r-xp 00100000 fd:00 268516887                  /usr/lib64/libm-2.17.so
7f67e71d9000-7f67e71da000 rwxp 00101000 fd:00 268516887                  /usr/lib64/libm-2.17.so
7f67e71da000-7f67e79b4000 r-xp 00000000 fd:00 87205348                   /cao/Softs/mentor/ams/JRE/v1.6.0_22/aol/lib/amd64/server/libjvm.so
7f67e79b4000-7f67e7ab6000 ---p 007da000 fd:00 87205348                   /cao/Softs/mentor/ams/JRE/v1.6.0_22/aol/lib/amd64/server/libjvm.so
7f67e7ab6000-7f67e7c47000 rwxp 007dc000 fd:00 87205348                   /cao/Softs/mentor/ams/JRE/v1.6.0_22/aol/lib/amd64/server/libjvm.so
7f67e7c47000-7f67e7c82000 rwxp 00000000 00:00 0 
7f67e7c82000-7f67e7e45000 r-xp 00000000 fd:00 268516879                  /usr/lib64/libc-2.17.so
7f67e7e45000-7f67e8045000 ---p 001c3000 fd:00 268516879                  /usr/lib64/libc-2.17.so
7f67e8045000-7f67e8049000 r-xp 001c3000 fd:00 268516879                  /usr/lib64/libc-2.17.so
7f67e8049000-7f67e804b000 rwxp 001c7000 fd:00 268516879                  /usr/lib64/libc-2.17.so
7f67e804b000-7f67e8050000 rwxp 00000000 00:00 0 
7f67e8050000-7f67e8052000 r-xp 00000000 fd:00 268516885                  /usr/lib64/libdl-2.17.so
7f67e8052000-7f67e8252000 ---p 00002000 fd:00 268516885                  /usr/lib64/libdl-2.17.so
7f67e8252000-7f67e8253000 r-xp 00002000 fd:00 268516885                  /usr/lib64/libdl-2.17.so
7f67e8253000-7f67e8254000 rwxp 00003000 fd:00 268516885                  /usr/lib64/libdl-2.17.so
7f67e8254000-7f67e826b000 r-xp 00000000 fd:00 268516905                  /usr/lib64/libpthread-2.17.so
7f67e826b000-7f67e846a000 ---p 00017000 fd:00 268516905                  /usr/lib64/libpthread-2.17.so
7f67e846a000-7f67e846b000 r-xp 00016000 fd:00 268516905                  /usr/lib64/libpthread-2.17.so
7f67e846b000-7f67e846c000 rwxp 00017000 fd:00 268516905                  /usr/lib64/libpthread-2.17.so
7f67e846c000-7f67e8470000 rwxp 00000000 00:00 0 
7f67e8470000-7f67e8492000 r-xp 00000000 fd:00 268516872                  /usr/lib64/ld-2.17.so
7f67e84b7000-7f67e84c1000 rwxp 00000000 00:00 0 
7f67e84c1000-7f67e8577000 rwxp 00000000 00:00 0 
7f67e8577000-7f67e857f000 rwxs 00000000 fd:00 364971569                  /tmp/hsperfdata_filip/91583
7f67e857f000-7f67e8580000 rwxp 00000000 00:00 0 
7f67e8580000-7f67e8581000 r-xp 00000000 00:00 0 
7f67e8581000-7f67e8585000 rwxp 00000000 00:00 0 
7f67e8585000-7f67e858c000 r-xp 00000000 fd:00 352390253                  /cao/Softs/mentor/ams/JRE/v1.6.0_22/aol/lib/amd64/jli/libjli.so
7f67e858c000-7f67e868d000 ---p 00007000 fd:00 352390253                  /cao/Softs/mentor/ams/JRE/v1.6.0_22/aol/lib/amd64/jli/libjli.so
7f67e868d000-7f67e868f000 rwxp 00008000 fd:00 352390253                  /cao/Softs/mentor/ams/JRE/v1.6.0_22/aol/lib/amd64/jli/libjli.so
7f67e868f000-7f67e8691000 rwxp 00000000 00:00 0 
7f67e8691000-7f67e8692000 r-xp 00021000 fd:00 268516872                  /usr/lib64/ld-2.17.so
7f67e8692000-7f67e8693000 rwxp 00022000 fd:00 268516872                  /usr/lib64/ld-2.17.so
7f67e8693000-7f67e8694000 rwxp 00000000 00:00 0 
7ffc61d3f000-7ffc61d65000 rwxp 00000000 00:00 0                          [stack]
7ffc61d6e000-7ffc61d70000 r-xp 00000000 00:00 0                          [vdso]
ffffffffff600000-ffffffffff601000 r-xp 00000000 00:00 0                  [vsyscall]

VM Arguments:
jvm_args: -DMGC_TMPDIR=/tmp -DAMS_WDBSERVER_INFO=/home/filip/.ezwave/jwdbserver.info -DAMS_WDBSERVER_TIMEOUT=60 -DEZ_HOME=/home/filip -DMGC_AMS_HOME=/cao/Softs/mentor/ams -DAMS_VCO=aol -Djava.library.path=/cao/Softs/mentor/ams/aol/lib/lib -Xrs -Xms32000M -Xmx32000M -XX:MaxPermSize=512m -XX:+UseConcMarkSweepGC -XX:+UseParNewGC -XX:+CMSParallelRemarkEnabled -XX:CMSInitiatingOccupancyFraction=30 -XX:+UseCMSInitiatingOccupancyOnly -XX:-UseGCOverheadLimit -XX:+UseStringCache -XX:+OptimizeStringConcat -XX:+UseCompressedOops 
java_command: /cao/Softs/mentor/ams/aol/lib/wdbserver.jar
Launcher Type: SUN_STANDARD

Environment Variables:
LD_LIBRARY_PATH=/cao/Softs/mentor/ams/JRE/v1.6.0_22/aol/lib/amd64/server:/cao/Softs/mentor/ams/JRE/v1.6.0_22/aol/lib/amd64:/cao/Softs/mentor/ams/JRE/v1.6.0_22/aol/../lib/amd64:/cao/Softs/mentor/ams/devenv_tools/x86_64/2.6.18.128.el5/lib64:/cao/Softs/mentor/ams/devenv_tools/x86_64/2.6.18.128.el5/lib64:/cao/Softs/mentor/ams/devenv_tools/x86_64/2.6.18.128.el5/lib:/cao/Softs/mentor/ams/devenv_tools/x86_64/2.6.18.128.el5/lib:/lib64:/cao/Softs/mentor/ams/modeltech/linux_x86_64:/cao/Softs/mentor/ams/aol/lib:/cao/Softs/cadence/IC617/tools/lib
SHELL=/bin/bash
DISPLAY=:2
HOSTTYPE=x86_64-linux
OSTYPE=linux
MACHTYPE=x86_64

Signal Handlers:
SIGSEGV: [libjvm.so+0x731250], sa_mask[0]=0x7ffbfeff, sa_flags=0x10000004
SIGBUS: [libjvm.so+0x731250], sa_mask[0]=0x7ffbfeff, sa_flags=0x10000004
SIGFPE: [libjvm.so+0x5f5e30], sa_mask[0]=0x7ffbfeff, sa_flags=0x10000004
SIGPIPE: [libjvm.so+0x5f5e30], sa_mask[0]=0x7ffbfeff, sa_flags=0x10000004
SIGXFSZ: [libjvm.so+0x5f5e30], sa_mask[0]=0x7ffbfeff, sa_flags=0x10000004
SIGILL: [libjvm.so+0x5f5e30], sa_mask[0]=0x7ffbfeff, sa_flags=0x10000004
SIGUSR1: SIG_DFL, sa_mask[0]=0x00000000, sa_flags=0x00000000
SIGUSR2: [libjvm.so+0x5f8650], sa_mask[0]=0x00000000, sa_flags=0x10000004
SIGHUP: SIG_DFL, sa_mask[0]=0x00000000, sa_flags=0x00000000
SIGINT: SIG_IGN, sa_mask[0]=0x00000000, sa_flags=0x00000000
SIGTERM: SIG_DFL, sa_mask[0]=0x00000000, sa_flags=0x00000000
SIGQUIT: SIG_DFL, sa_mask[0]=0x00000000, sa_flags=0x00000000


---------------  S Y S T E M  ---------------

OS:CentOS Linux release 7.8.2003 (Core)

uname:Linux 3.10.0-1127.19.1.el7.x86_64 #1 SMP Tue Aug 25 17:23:54 UTC 2020 x86_64
libc:glibc 2.17 NPTL 2.17 
rlimit: STACK 10240k, CORE 0k, NPROC 4096, NOFILE 4096, AS infinity
load average:24.78 19.99 18.96

CPU:total 72 (32 cores per cpu, 2 threads per core) family 6 model 85 stepping 7, cmov, cx8, fxsr, mmx, sse, sse2, sse3, ssse3, sse4.1, sse4.2, popcnt, ht

Memory: 4k page, physical 97402164k(328452k free), swap 4194300k(539832k free)

vm_info: Java HotSpot(TM) 64-Bit Server VM (17.1-b03) for linux-amd64 JRE (1.6.0_22-b04), built on Sep 15 2010 01:07:59 by "java_re" with gcc 3.2.2 (SuSE Linux)

time: Thu Aug 14 17:01:30 2025
elapsed time: 0 seconds

