#
# A fatal error has been detected by the Java Runtime Environment:
#
# java.lang.OutOfMemoryError: Cannot create worker GC thread. Out of system resources.
#
#  Internal Error (workgroup.cpp:73), pid=151524, tid=139866865501952
#  Error: Cannot create worker GC thread. Out of system resources.
#
# JRE version: 6.0_22-b04
# Java VM: Java HotSpot(TM) 64-Bit Server VM (17.1-b03 mixed mode linux-amd64 compressed oops)
# If you would like to submit a bug report, please visit:
#   http://java.sun.com/webapps/bugreport/crash.jsp
#

---------------  T H R E A D  ---------------

Current thread (0x00007f3544007800):  JavaThread "Unknown thread" [_thread_in_vm, id=151525, stack(0x00007f354ac59000,0x00007f354ad59000)]

Stack: [0x00007f354ac59000,0x00007f354ad59000],  sp=0x00007f354ad579e0,  free space=3fa0000000000000018k
Native frames: (J=compiled Java code, j=interpreted, Vv=VM code, C=native code)
V  [libjvm.so+0x7306a0]
V  [libjvm.so+0x2f31e8]
V  [libjvm.so+0x744eba]
V  [libjvm.so+0x666647]
V  [libjvm.so+0x37a49c]
V  [libjvm.so+0x70a2fb]
V  [libjvm.so+0x709c7a]
V  [libjvm.so+0x3b5690]
V  [libjvm.so+0x6f1d5f]
V  [libjvm.so+0x420060]


---------------  P R O C E S S  ---------------

Java Threads: ( => current thread )

Other Threads:

=>0x00007f3544007800 (exited) JavaThread "Unknown thread" [_thread_in_vm, id=151525, stack(0x00007f354ac59000,0x00007f354ad59000)]

VM state:not at safepoint (not fully initialized)

VM Mutex/Monitor currently owned by a thread: None

Dynamic libraries:
40000000-40009000 r-xp 00000000 fd:00 647108122                          /cao/Softs/mentor/ams/JRE/v1.6.0_22/aol/bin/java
40108000-4010a000 rwxp 00008000 fd:00 647108122                          /cao/Softs/mentor/ams/JRE/v1.6.0_22/aol/bin/java
42001000-42022000 rwxp 00000000 00:00 0                                  [heap]
7f3524000000-7f3524021000 rwxp 00000000 00:00 0 
7f3524021000-7f3528000000 ---p 00000000 00:00 0 
7f352c000000-7f352c021000 rwxp 00000000 00:00 0 
7f352c021000-7f3530000000 ---p 00000000 00:00 0 
7f3530000000-7f3530021000 rwxp 00000000 00:00 0 
7f3530021000-7f3534000000 ---p 00000000 00:00 0 
7f3534000000-7f3534021000 rwxp 00000000 00:00 0 
7f3534021000-7f3538000000 ---p 00000000 00:00 0 
7f3538000000-7f3538021000 rwxp 00000000 00:00 0 
7f3538021000-7f353c000000 ---p 00000000 00:00 0 
7f353c000000-7f353c021000 rwxp 00000000 00:00 0 
7f353c021000-7f3540000000 ---p 00000000 00:00 0 
7f3541000000-7f3541270000 rwxp 00000000 00:00 0 
7f3541270000-7f3544024000 rwxp 00000000 00:00 0 
7f3544024000-7f3548000000 ---p 00000000 00:00 0 
7f3549abf000-7f3549ac0000 ---p 00000000 00:00 0 
7f3549ac0000-7f3549bc0000 rwxp 00000000 00:00 0 
7f3549bc0000-7f3549bc1000 ---p 00000000 00:00 0 
7f3549bc1000-7f3549cc1000 rwxp 00000000 00:00 0 
7f3549cc1000-7f3549cc2000 ---p 00000000 00:00 0 
7f3549cc2000-7f3549dc2000 rwxp 00000000 00:00 0 
7f3549dc2000-7f3549dc3000 ---p 00000000 00:00 0 
7f3549dc3000-7f3549ec3000 rwxp 00000000 00:00 0 
7f3549ec3000-7f3549ec4000 ---p 00000000 00:00 0 
7f3549ec4000-7f3549fc4000 rwxp 00000000 00:00 0 
7f3549fc4000-7f3549fc5000 ---p 00000000 00:00 0 
7f3549fc5000-7f354a0c5000 rwxp 00000000 00:00 0 
7f354a0c5000-7f354a0c6000 ---p 00000000 00:00 0 
7f354a0c6000-7f354a1c6000 rwxp 00000000 00:00 0 
7f354a1c6000-7f354a1d4000 r-xp 00000000 fd:00 87205417                   /cao/Softs/mentor/ams/JRE/v1.6.0_22/aol/lib/amd64/libzip.so
7f354a1d4000-7f354a2d6000 ---p 0000e000 fd:00 87205417                   /cao/Softs/mentor/ams/JRE/v1.6.0_22/aol/lib/amd64/libzip.so
7f354a2d6000-7f354a2d9000 rwxp 00010000 fd:00 87205417                   /cao/Softs/mentor/ams/JRE/v1.6.0_22/aol/lib/amd64/libzip.so
7f354a2d9000-7f354a2da000 rwxp 00000000 00:00 0 
7f354a2da000-7f354a2e6000 r-xp 00000000 fd:00 268516897                  /usr/lib64/libnss_files-2.17.so
7f354a2e6000-7f354a4e5000 ---p 0000c000 fd:00 268516897                  /usr/lib64/libnss_files-2.17.so
7f354a4e5000-7f354a4e6000 r-xp 0000b000 fd:00 268516897                  /usr/lib64/libnss_files-2.17.so
7f354a4e6000-7f354a4e7000 rwxp 0000c000 fd:00 268516897                  /usr/lib64/libnss_files-2.17.so
7f354a4e7000-7f354a4ed000 rwxp 00000000 00:00 0 
7f354a4ed000-7f354a4f4000 r-xp 00000000 fd:00 87205346                   /cao/Softs/mentor/ams/JRE/v1.6.0_22/aol/lib/amd64/native_threads/libhpi.so
7f354a4f4000-7f354a5f5000 ---p 00007000 fd:00 87205346                   /cao/Softs/mentor/ams/JRE/v1.6.0_22/aol/lib/amd64/native_threads/libhpi.so
7f354a5f5000-7f354a5f7000 rwxp 00008000 fd:00 87205346                   /cao/Softs/mentor/ams/JRE/v1.6.0_22/aol/lib/amd64/native_threads/libhpi.so
7f354a5f7000-7f354a5f8000 rwxp 00000000 00:00 0 
7f354a5f8000-7f354a60f000 r-xp 00000000 fd:00 268516889                  /usr/lib64/libnsl-2.17.so
7f354a60f000-7f354a80e000 ---p 00017000 fd:00 268516889                  /usr/lib64/libnsl-2.17.so
7f354a80e000-7f354a80f000 r-xp 00016000 fd:00 268516889                  /usr/lib64/libnsl-2.17.so
7f354a80f000-7f354a810000 rwxp 00017000 fd:00 268516889                  /usr/lib64/libnsl-2.17.so
7f354a810000-7f354a812000 rwxp 00000000 00:00 0 
7f354a812000-7f354a83a000 r-xp 00000000 fd:00 87205364                   /cao/Softs/mentor/ams/JRE/v1.6.0_22/aol/lib/amd64/libjava.so
7f354a83a000-7f354a93a000 ---p 00028000 fd:00 87205364                   /cao/Softs/mentor/ams/JRE/v1.6.0_22/aol/lib/amd64/libjava.so
7f354a93a000-7f354a941000 rwxp 00028000 fd:00 87205364                   /cao/Softs/mentor/ams/JRE/v1.6.0_22/aol/lib/amd64/libjava.so
7f354a941000-7f354a94e000 r-xp 00000000 fd:00 87205416                   /cao/Softs/mentor/ams/JRE/v1.6.0_22/aol/lib/amd64/libverify.so
7f354a94e000-7f354aa4d000 ---p 0000d000 fd:00 87205416                   /cao/Softs/mentor/ams/JRE/v1.6.0_22/aol/lib/amd64/libverify.so
7f354aa4d000-7f354aa50000 rwxp 0000c000 fd:00 87205416                   /cao/Softs/mentor/ams/JRE/v1.6.0_22/aol/lib/amd64/libverify.so
7f354aa50000-7f354aa57000 r-xp 00000000 fd:00 268516909                  /usr/lib64/librt-2.17.so
7f354aa57000-7f354ac56000 ---p 00007000 fd:00 268516909                  /usr/lib64/librt-2.17.so
7f354ac56000-7f354ac57000 r-xp 00006000 fd:00 268516909                  /usr/lib64/librt-2.17.so
7f354ac57000-7f354ac58000 rwxp 00007000 fd:00 268516909                  /usr/lib64/librt-2.17.so
7f354ac58000-7f354ac5c000 ---p 00000000 00:00 0 
7f354ac5c000-7f354ad59000 rwxp 00000000 00:00 0 
7f354ad59000-7f354ae5a000 r-xp 00000000 fd:00 268516887                  /usr/lib64/libm-2.17.so
7f354ae5a000-7f354b059000 ---p 00101000 fd:00 268516887                  /usr/lib64/libm-2.17.so
7f354b059000-7f354b05a000 r-xp 00100000 fd:00 268516887                  /usr/lib64/libm-2.17.so
7f354b05a000-7f354b05b000 rwxp 00101000 fd:00 268516887                  /usr/lib64/libm-2.17.so
7f354b05b000-7f354b835000 r-xp 00000000 fd:00 87205348                   /cao/Softs/mentor/ams/JRE/v1.6.0_22/aol/lib/amd64/server/libjvm.so
7f354b835000-7f354b937000 ---p 007da000 fd:00 87205348                   /cao/Softs/mentor/ams/JRE/v1.6.0_22/aol/lib/amd64/server/libjvm.so
7f354b937000-7f354bac8000 rwxp 007dc000 fd:00 87205348                   /cao/Softs/mentor/ams/JRE/v1.6.0_22/aol/lib/amd64/server/libjvm.so
7f354bac8000-7f354bb03000 rwxp 00000000 00:00 0 
7f354bb03000-7f354bcc6000 r-xp 00000000 fd:00 268516879                  /usr/lib64/libc-2.17.so
7f354bcc6000-7f354bec6000 ---p 001c3000 fd:00 268516879                  /usr/lib64/libc-2.17.so
7f354bec6000-7f354beca000 r-xp 001c3000 fd:00 268516879                  /usr/lib64/libc-2.17.so
7f354beca000-7f354becc000 rwxp 001c7000 fd:00 268516879                  /usr/lib64/libc-2.17.so
7f354becc000-7f354bed1000 rwxp 00000000 00:00 0 
7f354bed1000-7f354bed3000 r-xp 00000000 fd:00 268516885                  /usr/lib64/libdl-2.17.so
7f354bed3000-7f354c0d3000 ---p 00002000 fd:00 268516885                  /usr/lib64/libdl-2.17.so
7f354c0d3000-7f354c0d4000 r-xp 00002000 fd:00 268516885                  /usr/lib64/libdl-2.17.so
7f354c0d4000-7f354c0d5000 rwxp 00003000 fd:00 268516885                  /usr/lib64/libdl-2.17.so
7f354c0d5000-7f354c0ec000 r-xp 00000000 fd:00 268516905                  /usr/lib64/libpthread-2.17.so
7f354c0ec000-7f354c2eb000 ---p 00017000 fd:00 268516905                  /usr/lib64/libpthread-2.17.so
7f354c2eb000-7f354c2ec000 r-xp 00016000 fd:00 268516905                  /usr/lib64/libpthread-2.17.so
7f354c2ec000-7f354c2ed000 rwxp 00017000 fd:00 268516905                  /usr/lib64/libpthread-2.17.so
7f354c2ed000-7f354c2f1000 rwxp 00000000 00:00 0 
7f354c2f1000-7f354c313000 r-xp 00000000 fd:00 268516872                  /usr/lib64/ld-2.17.so
7f354c338000-7f354c342000 rwxp 00000000 00:00 0 
7f354c342000-7f354c3f8000 rwxp 00000000 00:00 0 
7f354c3f8000-7f354c400000 rwxs 00000000 fd:00 364924189                  /tmp/hsperfdata_filip/151524
7f354c400000-7f354c401000 rwxp 00000000 00:00 0 
7f354c401000-7f354c402000 r-xp 00000000 00:00 0 
7f354c402000-7f354c406000 rwxp 00000000 00:00 0 
7f354c406000-7f354c40d000 r-xp 00000000 fd:00 352390253                  /cao/Softs/mentor/ams/JRE/v1.6.0_22/aol/lib/amd64/jli/libjli.so
7f354c40d000-7f354c50e000 ---p 00007000 fd:00 352390253                  /cao/Softs/mentor/ams/JRE/v1.6.0_22/aol/lib/amd64/jli/libjli.so
7f354c50e000-7f354c510000 rwxp 00008000 fd:00 352390253                  /cao/Softs/mentor/ams/JRE/v1.6.0_22/aol/lib/amd64/jli/libjli.so
7f354c510000-7f354c512000 rwxp 00000000 00:00 0 
7f354c512000-7f354c513000 r-xp 00021000 fd:00 268516872                  /usr/lib64/ld-2.17.so
7f354c513000-7f354c514000 rwxp 00022000 fd:00 268516872                  /usr/lib64/ld-2.17.so
7f354c514000-7f354c515000 rwxp 00000000 00:00 0 
7ffc8ed80000-7ffc8eda4000 rwxp 00000000 00:00 0                          [stack]
7ffc8edb5000-7ffc8edb7000 r-xp 00000000 00:00 0                          [vdso]
ffffffffff600000-ffffffffff601000 r-xp 00000000 00:00 0                  [vsyscall]

VM Arguments:
jvm_args: -DMGC_TMPDIR=/tmp -DAMS_WDBSERVER_INFO=/home/filip/.ezwave/jwdbserver.info -DAMS_WDBSERVER_TIMEOUT=60 -DEZ_HOME=/home/filip -DMGC_AMS_HOME=/cao/Softs/mentor/ams -DAMS_VCO=aol -Djava.library.path=/cao/Softs/mentor/ams/aol/lib/lib -Xrs -Xms32000M -Xmx32000M -XX:MaxPermSize=512m -XX:+UseConcMarkSweepGC -XX:+UseParNewGC -XX:+CMSParallelRemarkEnabled -XX:CMSInitiatingOccupancyFraction=30 -XX:+UseCMSInitiatingOccupancyOnly -XX:-UseGCOverheadLimit -XX:+UseStringCache -XX:+OptimizeStringConcat -XX:+UseCompressedOops 
java_command: /cao/Softs/mentor/ams/aol/lib/wdbserver.jar
Launcher Type: SUN_STANDARD

Environment Variables:
PATH=/cao/Softs/mentor/ams/bin:/cao/Softs/mentor/ams/devenv_tools/x86_64/2.6.18.128.el5/bin:/cao/Softs/mentor/ams/modeltech/linux_x86_64:~/miniconda3/envs/mycondaenv/bin:/home/filip/miniconda3/envs/mycondaenv/bin:/home/filip/miniconda3/condabin:/home/filip/.local/bin:/cao/DK/ST/HCMOS9A_10.9/PDK_STM_hcmos9lp_HV_M4_5V0/10.9-10/bin:/cao/DK/ST/HCMOS9A_10.9/UnicadKernel/5.0.a-00/bin:/usr/local/bin:/bin:/usr/bin:/usr/local/sbin:/usr/sbin:/cao/DK/ST/HCMOS9A_10.9/Addon_NVM_H9A@2018.4.1/bin:/cao/Softs/cadence/SPECTRE191/tools/bin:/cao/Softs/cadence/SPECTRE191/bin:/cao/Softs/cadence/INNOVUS162/bin:/cao/Softs/mentor/ams/bin:/cao/Softs/cadence/IC617/bin:/cao/Softs/cadence/IC617/tools/bin:/cao/Softs/cadence/IC617/tools/dfII/bin:/cad/cdspvs15_23_000/tools/bin:/cad/cdspvs15_23_000/bin:/cad/cdsext17_10_000/tools/bin:/cad/cdsext17_10_000/bin:/cao/Softs/mentor/calibre/aoj_cal_2019.1_37.21/bin:/cad/hspicevN2017_12_2/hspice/bin:/cad/starrcxt_vM2016_12_SP3/amd64_starrc/bin:/cao/Softs/cadence/INNOVUS162/bin:/cao/Softs/cadence/SPECTRE191/tools/bin:/cao/Softs/cadence/INNOVUS162/bin:/cao/Softs/cadence/SPECTRE191/tools/bin
LD_LIBRARY_PATH=/cao/Softs/mentor/ams/JRE/v1.6.0_22/aol/lib/amd64/server:/cao/Softs/mentor/ams/JRE/v1.6.0_22/aol/lib/amd64:/cao/Softs/mentor/ams/JRE/v1.6.0_22/aol/../lib/amd64:/cao/Softs/mentor/ams/devenv_tools/x86_64/2.6.18.128.el5/lib64:/cao/Softs/mentor/ams/devenv_tools/x86_64/2.6.18.128.el5/lib64:/cao/Softs/mentor/ams/devenv_tools/x86_64/2.6.18.128.el5/lib:/cao/Softs/mentor/ams/devenv_tools/x86_64/2.6.18.128.el5/lib:/lib64:/cao/Softs/mentor/ams/modeltech/linux_x86_64:/cao/Softs/mentor/ams/aol/lib:/cao/Softs/cadence/IC617/tools/lib
SHELL=/bin/bash
DISPLAY=:2
HOSTTYPE=x86_64-linux
OSTYPE=linux
MACHTYPE=x86_64

Signal Handlers:
SIGSEGV: [libjvm.so+0x731250], sa_mask[0]=0x7ffbfeff, sa_flags=0x10000004
SIGBUS: [libjvm.so+0x731250], sa_mask[0]=0x7ffbfeff, sa_flags=0x10000004
SIGFPE: [libjvm.so+0x5f5e30], sa_mask[0]=0x7ffbfeff, sa_flags=0x10000004
SIGPIPE: [libjvm.so+0x5f5e30], sa_mask[0]=0x7ffbfeff, sa_flags=0x10000004
SIGXFSZ: [libjvm.so+0x5f5e30], sa_mask[0]=0x7ffbfeff, sa_flags=0x10000004
SIGILL: [libjvm.so+0x5f5e30], sa_mask[0]=0x7ffbfeff, sa_flags=0x10000004
SIGUSR1: SIG_DFL, sa_mask[0]=0x00000000, sa_flags=0x00000000
SIGUSR2: [libjvm.so+0x5f8650], sa_mask[0]=0x00000000, sa_flags=0x10000004
SIGHUP: SIG_DFL, sa_mask[0]=0x00000000, sa_flags=0x00000000
SIGINT: SIG_IGN, sa_mask[0]=0x00000000, sa_flags=0x00000000
SIGTERM: SIG_DFL, sa_mask[0]=0x00000000, sa_flags=0x00000000
SIGQUIT: SIG_DFL, sa_mask[0]=0x00000000, sa_flags=0x00000000


---------------  S Y S T E M  ---------------

OS:CentOS Linux release 7.8.2003 (Core)

uname:Linux 3.10.0-1127.19.1.el7.x86_64 #1 SMP Tue Aug 25 17:23:54 UTC 2020 x86_64
libc:glibc 2.17 NPTL 2.17 
rlimit: STACK 10240k, CORE 0k, NPROC 4096, NOFILE 4096, AS infinity
load average:4.35 4.16 3.48

CPU:total 72 (32 cores per cpu, 2 threads per core) family 6 model 85 stepping 7, cmov, cx8, fxsr, mmx, sse, sse2, sse3, ssse3, sse4.1, sse4.2, popcnt, ht

Memory: 4k page, physical 97402164k(54451984k free), swap 4194300k(521588k free)

vm_info: Java HotSpot(TM) 64-Bit Server VM (17.1-b03) for linux-amd64 JRE (1.6.0_22-b04), built on Sep 15 2010 01:07:59 by "java_re" with gcc 3.2.2 (SuSE Linux)

time: Tue Feb 25 15:09:14 2025
elapsed time: 0 seconds

