#
# A fatal error has been detected by the Java Runtime Environment:
#
# java.lang.OutOfMemoryError: Cannot create worker GC thread. Out of system resources.
#
#  Internal Error (workgroup.cpp:73), pid=146571, tid=139859201066752
#  Error: Cannot create worker GC thread. Out of system resources.
#
# JRE version: 6.0_22-b04
# Java VM: Java HotSpot(TM) 64-Bit Server VM (17.1-b03 mixed mode linux-amd64 compressed oops)
# If you would like to submit a bug report, please visit:
#   http://java.sun.com/webapps/bugreport/crash.jsp
#

---------------  T H R E A D  ---------------

Current thread (0x00007f337c007800):  JavaThread "Unknown thread" [_thread_in_vm, id=146572, stack(0x00007f3381ef9000,0x00007f3381ff9000)]

Stack: [0x00007f3381ef9000,0x00007f3381ff9000],  sp=0x00007f3381ff79e0,  free space=3fa0000000000000018k
Native frames: (J=compiled Java code, j=interpreted, Vv=VM code, C=native code)
V  [libjvm.so+0x7306a0]
V  [libjvm.so+0x2f31e8]
V  [libjvm.so+0x744eba]
V  [libjvm.so+0x666647]
V  [libjvm.so+0x37a49c]
V  [libjvm.so+0x70a2fb]
V  [libjvm.so+0x709c7a]
V  [libjvm.so+0x3b5690]
V  [libjvm.so+0x6f1d5f]
V  [libjvm.so+0x420060]


---------------  P R O C E S S  ---------------

Java Threads: ( => current thread )

Other Threads:

=>0x00007f337c007800 (exited) JavaThread "Unknown thread" [_thread_in_vm, id=146572, stack(0x00007f3381ef9000,0x00007f3381ff9000)]

VM state:not at safepoint (not fully initialized)

VM Mutex/Monitor currently owned by a thread: None

Dynamic libraries:
40000000-40009000 r-xp 00000000 fd:00 647108122                          /cao/Softs/mentor/ams/JRE/v1.6.0_22/aol/bin/java
40108000-4010a000 rwxp 00008000 fd:00 647108122                          /cao/Softs/mentor/ams/JRE/v1.6.0_22/aol/bin/java
41b3c000-41b5d000 rwxp 00000000 00:00 0                                  [heap]
7f336c000000-7f336c021000 rwxp 00000000 00:00 0 
7f336c021000-7f3370000000 ---p 00000000 00:00 0 
7f3374000000-7f3374021000 rwxp 00000000 00:00 0 
7f3374021000-7f3378000000 ---p 00000000 00:00 0 
7f3379000000-7f3379270000 rwxp 00000000 00:00 0 
7f3379270000-7f337c021000 rwxp 00000000 00:00 0 
7f337c021000-7f3380000000 ---p 00000000 00:00 0 
7f3381163000-7f3381164000 ---p 00000000 00:00 0 
7f3381164000-7f3381264000 rwxp 00000000 00:00 0 
7f3381264000-7f3381265000 ---p 00000000 00:00 0 
7f3381265000-7f3381365000 rwxp 00000000 00:00 0 
7f3381365000-7f3381366000 ---p 00000000 00:00 0 
7f3381366000-7f3381466000 rwxp 00000000 00:00 0 
7f3381466000-7f3381474000 r-xp 00000000 fd:00 87205417                   /cao/Softs/mentor/ams/JRE/v1.6.0_22/aol/lib/amd64/libzip.so
7f3381474000-7f3381576000 ---p 0000e000 fd:00 87205417                   /cao/Softs/mentor/ams/JRE/v1.6.0_22/aol/lib/amd64/libzip.so
7f3381576000-7f3381579000 rwxp 00010000 fd:00 87205417                   /cao/Softs/mentor/ams/JRE/v1.6.0_22/aol/lib/amd64/libzip.so
7f3381579000-7f338157a000 rwxp 00000000 00:00 0 
7f338157a000-7f3381586000 r-xp 00000000 fd:00 268516897                  /usr/lib64/libnss_files-2.17.so
7f3381586000-7f3381785000 ---p 0000c000 fd:00 268516897                  /usr/lib64/libnss_files-2.17.so
7f3381785000-7f3381786000 r-xp 0000b000 fd:00 268516897                  /usr/lib64/libnss_files-2.17.so
7f3381786000-7f3381787000 rwxp 0000c000 fd:00 268516897                  /usr/lib64/libnss_files-2.17.so
7f3381787000-7f338178d000 rwxp 00000000 00:00 0 
7f338178d000-7f3381794000 r-xp 00000000 fd:00 87205346                   /cao/Softs/mentor/ams/JRE/v1.6.0_22/aol/lib/amd64/native_threads/libhpi.so
7f3381794000-7f3381895000 ---p 00007000 fd:00 87205346                   /cao/Softs/mentor/ams/JRE/v1.6.0_22/aol/lib/amd64/native_threads/libhpi.so
7f3381895000-7f3381897000 rwxp 00008000 fd:00 87205346                   /cao/Softs/mentor/ams/JRE/v1.6.0_22/aol/lib/amd64/native_threads/libhpi.so
7f3381897000-7f3381898000 rwxp 00000000 00:00 0 
7f3381898000-7f33818af000 r-xp 00000000 fd:00 268516889                  /usr/lib64/libnsl-2.17.so
7f33818af000-7f3381aae000 ---p 00017000 fd:00 268516889                  /usr/lib64/libnsl-2.17.so
7f3381aae000-7f3381aaf000 r-xp 00016000 fd:00 268516889                  /usr/lib64/libnsl-2.17.so
7f3381aaf000-7f3381ab0000 rwxp 00017000 fd:00 268516889                  /usr/lib64/libnsl-2.17.so
7f3381ab0000-7f3381ab2000 rwxp 00000000 00:00 0 
7f3381ab2000-7f3381ada000 r-xp 00000000 fd:00 87205364                   /cao/Softs/mentor/ams/JRE/v1.6.0_22/aol/lib/amd64/libjava.so
7f3381ada000-7f3381bda000 ---p 00028000 fd:00 87205364                   /cao/Softs/mentor/ams/JRE/v1.6.0_22/aol/lib/amd64/libjava.so
7f3381bda000-7f3381be1000 rwxp 00028000 fd:00 87205364                   /cao/Softs/mentor/ams/JRE/v1.6.0_22/aol/lib/amd64/libjava.so
7f3381be1000-7f3381bee000 r-xp 00000000 fd:00 87205416                   /cao/Softs/mentor/ams/JRE/v1.6.0_22/aol/lib/amd64/libverify.so
7f3381bee000-7f3381ced000 ---p 0000d000 fd:00 87205416                   /cao/Softs/mentor/ams/JRE/v1.6.0_22/aol/lib/amd64/libverify.so
7f3381ced000-7f3381cf0000 rwxp 0000c000 fd:00 87205416                   /cao/Softs/mentor/ams/JRE/v1.6.0_22/aol/lib/amd64/libverify.so
7f3381cf0000-7f3381cf7000 r-xp 00000000 fd:00 268516909                  /usr/lib64/librt-2.17.so
7f3381cf7000-7f3381ef6000 ---p 00007000 fd:00 268516909                  /usr/lib64/librt-2.17.so
7f3381ef6000-7f3381ef7000 r-xp 00006000 fd:00 268516909                  /usr/lib64/librt-2.17.so
7f3381ef7000-7f3381ef8000 rwxp 00007000 fd:00 268516909                  /usr/lib64/librt-2.17.so
7f3381ef8000-7f3381efc000 ---p 00000000 00:00 0 
7f3381efc000-7f3381ff9000 rwxp 00000000 00:00 0 
7f3381ff9000-7f33820fa000 r-xp 00000000 fd:00 268516887                  /usr/lib64/libm-2.17.so
7f33820fa000-7f33822f9000 ---p 00101000 fd:00 268516887                  /usr/lib64/libm-2.17.so
7f33822f9000-7f33822fa000 r-xp 00100000 fd:00 268516887                  /usr/lib64/libm-2.17.so
7f33822fa000-7f33822fb000 rwxp 00101000 fd:00 268516887                  /usr/lib64/libm-2.17.so
7f33822fb000-7f3382ad5000 r-xp 00000000 fd:00 87205348                   /cao/Softs/mentor/ams/JRE/v1.6.0_22/aol/lib/amd64/server/libjvm.so
7f3382ad5000-7f3382bd7000 ---p 007da000 fd:00 87205348                   /cao/Softs/mentor/ams/JRE/v1.6.0_22/aol/lib/amd64/server/libjvm.so
7f3382bd7000-7f3382d68000 rwxp 007dc000 fd:00 87205348                   /cao/Softs/mentor/ams/JRE/v1.6.0_22/aol/lib/amd64/server/libjvm.so
7f3382d68000-7f3382da3000 rwxp 00000000 00:00 0 
7f3382da3000-7f3382f66000 r-xp 00000000 fd:00 268516879                  /usr/lib64/libc-2.17.so
7f3382f66000-7f3383166000 ---p 001c3000 fd:00 268516879                  /usr/lib64/libc-2.17.so
7f3383166000-7f338316a000 r-xp 001c3000 fd:00 268516879                  /usr/lib64/libc-2.17.so
7f338316a000-7f338316c000 rwxp 001c7000 fd:00 268516879                  /usr/lib64/libc-2.17.so
7f338316c000-7f3383171000 rwxp 00000000 00:00 0 
7f3383171000-7f3383173000 r-xp 00000000 fd:00 268516885                  /usr/lib64/libdl-2.17.so
7f3383173000-7f3383373000 ---p 00002000 fd:00 268516885                  /usr/lib64/libdl-2.17.so
7f3383373000-7f3383374000 r-xp 00002000 fd:00 268516885                  /usr/lib64/libdl-2.17.so
7f3383374000-7f3383375000 rwxp 00003000 fd:00 268516885                  /usr/lib64/libdl-2.17.so
7f3383375000-7f338338c000 r-xp 00000000 fd:00 268516905                  /usr/lib64/libpthread-2.17.so
7f338338c000-7f338358b000 ---p 00017000 fd:00 268516905                  /usr/lib64/libpthread-2.17.so
7f338358b000-7f338358c000 r-xp 00016000 fd:00 268516905                  /usr/lib64/libpthread-2.17.so
7f338358c000-7f338358d000 rwxp 00017000 fd:00 268516905                  /usr/lib64/libpthread-2.17.so
7f338358d000-7f3383591000 rwxp 00000000 00:00 0 
7f3383591000-7f33835b3000 r-xp 00000000 fd:00 268516872                  /usr/lib64/ld-2.17.so
7f33835d6000-7f33835e0000 rwxp 00000000 00:00 0 
7f33835e0000-7f3383696000 rwxp 00000000 00:00 0 
7f3383696000-7f338369e000 rwxs 00000000 fd:00 364971554                  /tmp/hsperfdata_filip/146571
7f338369e000-7f338369f000 rwxp 00000000 00:00 0 
7f338369f000-7f33836a0000 r-xp 00000000 00:00 0 
7f33836a0000-7f33836a4000 rwxp 00000000 00:00 0 
7f33836a4000-7f33836ab000 r-xp 00000000 fd:00 352390253                  /cao/Softs/mentor/ams/JRE/v1.6.0_22/aol/lib/amd64/jli/libjli.so
7f33836ab000-7f33837ac000 ---p 00007000 fd:00 352390253                  /cao/Softs/mentor/ams/JRE/v1.6.0_22/aol/lib/amd64/jli/libjli.so
7f33837ac000-7f33837ae000 rwxp 00008000 fd:00 352390253                  /cao/Softs/mentor/ams/JRE/v1.6.0_22/aol/lib/amd64/jli/libjli.so
7f33837ae000-7f33837b0000 rwxp 00000000 00:00 0 
7f33837b0000-7f33837b2000 r-xp 00000000 00:00 0                          [vdso]
7f33837b2000-7f33837b3000 r-xp 00021000 fd:00 268516872                  /usr/lib64/ld-2.17.so
7f33837b3000-7f33837b4000 rwxp 00022000 fd:00 268516872                  /usr/lib64/ld-2.17.so
7f33837b4000-7f33837b5000 rwxp 00000000 00:00 0 
7ffd2cbcc000-7ffd2cbf6000 rwxp 00000000 00:00 0                          [stack]
ffffffffff600000-ffffffffff601000 r-xp 00000000 00:00 0                  [vsyscall]

VM Arguments:
jvm_args: -DMGC_TMPDIR=/tmp -DAMS_WDBSERVER_INFO=/home/filip/.ezwave/jwdbserver.info -DAMS_WDBSERVER_TIMEOUT=60 -DEZ_HOME=/home/filip -DMGC_AMS_HOME=/cao/Softs/mentor/ams -DAMS_VCO=aol -Djava.library.path=/cao/Softs/mentor/ams/aol/lib/lib -Xrs -Xms32000M -Xmx32000M -XX:MaxPermSize=512m -XX:+UseConcMarkSweepGC -XX:+UseParNewGC -XX:+CMSParallelRemarkEnabled -XX:CMSInitiatingOccupancyFraction=30 -XX:+UseCMSInitiatingOccupancyOnly -XX:-UseGCOverheadLimit -XX:+UseStringCache -XX:+OptimizeStringConcat -XX:+UseCompressedOops 
java_command: /cao/Softs/mentor/ams/aol/lib/wdbserver.jar
Launcher Type: SUN_STANDARD

Environment Variables:
LD_LIBRARY_PATH=/cao/Softs/mentor/ams/JRE/v1.6.0_22/aol/lib/amd64/server:/cao/Softs/mentor/ams/JRE/v1.6.0_22/aol/lib/amd64:/cao/Softs/mentor/ams/JRE/v1.6.0_22/aol/../lib/amd64:/cao/Softs/mentor/ams/devenv_tools/x86_64/2.6.18.128.el5/lib64:/cao/Softs/mentor/ams/devenv_tools/x86_64/2.6.18.128.el5/lib64:/cao/Softs/mentor/ams/devenv_tools/x86_64/2.6.18.128.el5/lib:/cao/Softs/mentor/ams/devenv_tools/x86_64/2.6.18.128.el5/lib:/lib64:/cao/Softs/mentor/ams/modeltech/linux_x86_64:/cao/Softs/mentor/ams/aol/lib:/cao/Softs/cadence/IC617/tools/lib
SHELL=/bin/bash
DISPLAY=:2
HOSTTYPE=x86_64-linux
OSTYPE=linux
MACHTYPE=x86_64

Signal Handlers:
SIGSEGV: [libjvm.so+0x731250], sa_mask[0]=0x7ffbfeff, sa_flags=0x10000004
SIGBUS: [libjvm.so+0x731250], sa_mask[0]=0x7ffbfeff, sa_flags=0x10000004
SIGFPE: [libjvm.so+0x5f5e30], sa_mask[0]=0x7ffbfeff, sa_flags=0x10000004
SIGPIPE: [libjvm.so+0x5f5e30], sa_mask[0]=0x7ffbfeff, sa_flags=0x10000004
SIGXFSZ: [libjvm.so+0x5f5e30], sa_mask[0]=0x7ffbfeff, sa_flags=0x10000004
SIGILL: [libjvm.so+0x5f5e30], sa_mask[0]=0x7ffbfeff, sa_flags=0x10000004
SIGUSR1: SIG_DFL, sa_mask[0]=0x00000000, sa_flags=0x00000000
SIGUSR2: [libjvm.so+0x5f8650], sa_mask[0]=0x00000000, sa_flags=0x10000004
SIGHUP: SIG_DFL, sa_mask[0]=0x00000000, sa_flags=0x00000000
SIGINT: SIG_IGN, sa_mask[0]=0x00000000, sa_flags=0x00000000
SIGTERM: SIG_DFL, sa_mask[0]=0x00000000, sa_flags=0x00000000
SIGQUIT: SIG_DFL, sa_mask[0]=0x00000000, sa_flags=0x00000000


---------------  S Y S T E M  ---------------

OS:CentOS Linux release 7.8.2003 (Core)

uname:Linux 3.10.0-1127.19.1.el7.x86_64 #1 SMP Tue Aug 25 17:23:54 UTC 2020 x86_64
libc:glibc 2.17 NPTL 2.17 
rlimit: STACK 10240k, CORE 0k, NPROC 4096, NOFILE 4096, AS infinity
load average:2.35 2.81 2.70

CPU:total 72 (32 cores per cpu, 2 threads per core) family 6 model 85 stepping 7, cmov, cx8, fxsr, mmx, sse, sse2, sse3, ssse3, sse4.1, sse4.2, popcnt, ht

Memory: 4k page, physical 97402164k(31132852k free), swap 4194300k(108452k free)

vm_info: Java HotSpot(TM) 64-Bit Server VM (17.1-b03) for linux-amd64 JRE (1.6.0_22-b04), built on Sep 15 2010 01:07:59 by "java_re" with gcc 3.2.2 (SuSE Linux)

time: Tue Feb 25 14:54:22 2025
elapsed time: 0 seconds

