#
# A fatal error has been detected by the Java Runtime Environment:
#
# java.lang.OutOfMemoryError: Cannot create worker GC thread. Out of system resources.
#
#  Internal Error (yieldingWorkgroup.cpp:53), pid=148111, tid=140396558137088
#  Error: Cannot create worker GC thread. Out of system resources.
#
# JRE version: 6.0_22-b04
# Java VM: Java HotSpot(TM) 64-Bit Server VM (17.1-b03 mixed mode linux-amd64 compressed oops)
# If you would like to submit a bug report, please visit:
#   http://java.sun.com/webapps/bugreport/crash.jsp
#

---------------  T H R E A D  ---------------

Current thread (0x00007fb098007800):  JavaThread "Unknown thread" [_thread_in_vm, id=148187, stack(0x00007fb09ee9c000,0x00007fb09ef9c000)]

Stack: [0x00007fb09ee9c000,0x00007fb09ef9c000],  sp=0x00007fb09ef9a7e0,  free space=3f90000000000000018k
Native frames: (J=compiled Java code, j=interpreted, Vv=VM code, C=native code)
V  [libjvm.so+0x7306a0]
V  [libjvm.so+0x2f31e8]
V  [libjvm.so+0x747e86]
V  [libjvm.so+0x2d0358]
V  [libjvm.so+0x37a9fa]
V  [libjvm.so+0x70a129]
V  [libjvm.so+0x709c7a]
V  [libjvm.so+0x3b5690]
V  [libjvm.so+0x6f1d5f]
V  [libjvm.so+0x420060]


---------------  P R O C E S S  ---------------

Java Threads: ( => current thread )

Other Threads:

=>0x00007fb098007800 (exited) JavaThread "Unknown thread" [_thread_in_vm, id=148187, stack(0x00007fb09ee9c000,0x00007fb09ef9c000)]

VM state:not at safepoint (not fully initialized)

VM Mutex/Monitor currently owned by a thread: None

Dynamic libraries:
40000000-40009000 r-xp 00000000 fd:00 647108122                          /cao/Softs/mentor/ams/JRE/v1.6.0_22/aol/bin/java
40108000-4010a000 rwxp 00008000 fd:00 647108122                          /cao/Softs/mentor/ams/JRE/v1.6.0_22/aol/bin/java
40b1e000-40b3f000 rwxp 00000000 00:00 0                                  [heap]
7fa7b771a000-7fa7b771b000 ---p 00000000 00:00 0 
7fa7b771b000-7fa7d943f000 rwxp 00000000 00:00 0 
7fa7d943f000-7fa7d9535000 rwxp 00000000 00:00 0 
7fa7d9535000-7fa7dfff0000 rwxp 00000000 00:00 0 
7fa7dfff0000-7fa7e0000000 ---p 00000000 00:00 0 
7fa7e0000000-7fafb14c0000 rwxp 00000000 00:00 0 
7fafb14c0000-7fafd0021000 rwxp 00000000 00:00 0 
7fafd0021000-7fafd4000000 ---p 00000000 00:00 0 
7fafd407f000-7fafd7f0a000 rwxp 00000000 00:00 0 
7fafd7f0a000-7fafd7fff000 rwxp 00000000 00:00 0 
7fafd7fff000-7fafd8000000 rwxp 00000000 00:00 0 
7fafd8000000-7fafd8021000 rwxp 00000000 00:00 0 
7fafd8021000-7fafdc000000 ---p 00000000 00:00 0 
7fafdc000000-7fafdc021000 rwxp 00000000 00:00 0 
7fafdc021000-7fafe0000000 ---p 00000000 00:00 0 
7fafe0000000-7fafe0021000 rwxp 00000000 00:00 0 
7fafe0021000-7fafe4000000 ---p 00000000 00:00 0 
7fafe4000000-7fafe4021000 rwxp 00000000 00:00 0 
7fafe4021000-7fafe8000000 ---p 00000000 00:00 0 
7fafe8000000-7fafe8021000 rwxp 00000000 00:00 0 
7fafe8021000-7fafec000000 ---p 00000000 00:00 0 
7fafec000000-7fafec021000 rwxp 00000000 00:00 0 
7fafec021000-7faff0000000 ---p 00000000 00:00 0 
7faff0000000-7faff0021000 rwxp 00000000 00:00 0 
7faff0021000-7faff4000000 ---p 00000000 00:00 0 
7faff4000000-7faff4021000 rwxp 00000000 00:00 0 
7faff4021000-7faff8000000 ---p 00000000 00:00 0 
7faff8000000-7faff8021000 rwxp 00000000 00:00 0 
7faff8021000-7faffc000000 ---p 00000000 00:00 0 
7faffc000000-7faffc021000 rwxp 00000000 00:00 0 
7faffc021000-7fb000000000 ---p 00000000 00:00 0 
7fb000000000-7fb000021000 rwxp 00000000 00:00 0 
7fb000021000-7fb004000000 ---p 00000000 00:00 0 
7fb004000000-7fb004021000 rwxp 00000000 00:00 0 
7fb004021000-7fb008000000 ---p 00000000 00:00 0 
7fb008000000-7fb008021000 rwxp 00000000 00:00 0 
7fb008021000-7fb00c000000 ---p 00000000 00:00 0 
7fb00c000000-7fb00c021000 rwxp 00000000 00:00 0 
7fb00c021000-7fb010000000 ---p 00000000 00:00 0 
7fb010000000-7fb010021000 rwxp 00000000 00:00 0 
7fb010021000-7fb014000000 ---p 00000000 00:00 0 
7fb014000000-7fb014021000 rwxp 00000000 00:00 0 
7fb014021000-7fb018000000 ---p 00000000 00:00 0 
7fb018000000-7fb018021000 rwxp 00000000 00:00 0 
7fb018021000-7fb01c000000 ---p 00000000 00:00 0 
7fb01c000000-7fb01c021000 rwxp 00000000 00:00 0 
7fb01c021000-7fb020000000 ---p 00000000 00:00 0 
7fb020000000-7fb020021000 rwxp 00000000 00:00 0 
7fb020021000-7fb024000000 ---p 00000000 00:00 0 
7fb024000000-7fb024021000 rwxp 00000000 00:00 0 
7fb024021000-7fb028000000 ---p 00000000 00:00 0 
7fb028000000-7fb028021000 rwxp 00000000 00:00 0 
7fb028021000-7fb02c000000 ---p 00000000 00:00 0 
7fb02c000000-7fb02c021000 rwxp 00000000 00:00 0 
7fb02c021000-7fb030000000 ---p 00000000 00:00 0 
7fb030000000-7fb030021000 rwxp 00000000 00:00 0 
7fb030021000-7fb034000000 ---p 00000000 00:00 0 
7fb034000000-7fb034021000 rwxp 00000000 00:00 0 
7fb034021000-7fb038000000 ---p 00000000 00:00 0 
7fb038000000-7fb038021000 rwxp 00000000 00:00 0 
7fb038021000-7fb03c000000 ---p 00000000 00:00 0 
7fb03c000000-7fb03c021000 rwxp 00000000 00:00 0 
7fb03c021000-7fb040000000 ---p 00000000 00:00 0 
7fb040000000-7fb040021000 rwxp 00000000 00:00 0 
7fb040021000-7fb044000000 ---p 00000000 00:00 0 
7fb044000000-7fb044021000 rwxp 00000000 00:00 0 
7fb044021000-7fb048000000 ---p 00000000 00:00 0 
7fb048000000-7fb048021000 rwxp 00000000 00:00 0 
7fb048021000-7fb04c000000 ---p 00000000 00:00 0 
7fb04c000000-7fb04c021000 rwxp 00000000 00:00 0 
7fb04c021000-7fb050000000 ---p 00000000 00:00 0 
7fb050000000-7fb050021000 rwxp 00000000 00:00 0 
7fb050021000-7fb054000000 ---p 00000000 00:00 0 
7fb054000000-7fb054021000 rwxp 00000000 00:00 0 
7fb054021000-7fb058000000 ---p 00000000 00:00 0 
7fb058000000-7fb058021000 rwxp 00000000 00:00 0 
7fb058021000-7fb05c000000 ---p 00000000 00:00 0 
7fb05c000000-7fb05c021000 rwxp 00000000 00:00 0 
7fb05c021000-7fb060000000 ---p 00000000 00:00 0 
7fb060000000-7fb060021000 rwxp 00000000 00:00 0 
7fb060021000-7fb064000000 ---p 00000000 00:00 0 
7fb064000000-7fb064021000 rwxp 00000000 00:00 0 
7fb064021000-7fb068000000 ---p 00000000 00:00 0 
7fb068000000-7fb068021000 rwxp 00000000 00:00 0 
7fb068021000-7fb06c000000 ---p 00000000 00:00 0 
7fb06c000000-7fb06c021000 rwxp 00000000 00:00 0 
7fb06c021000-7fb070000000 ---p 00000000 00:00 0 
7fb070000000-7fb070021000 rwxp 00000000 00:00 0 
7fb070021000-7fb074000000 ---p 00000000 00:00 0 
7fb074000000-7fb074021000 rwxp 00000000 00:00 0 
7fb074021000-7fb078000000 ---p 00000000 00:00 0 
7fb078000000-7fb078021000 rwxp 00000000 00:00 0 
7fb078021000-7fb07c000000 ---p 00000000 00:00 0 
7fb07c000000-7fb07c021000 rwxp 00000000 00:00 0 
7fb07c021000-7fb080000000 ---p 00000000 00:00 0 
7fb080000000-7fb080021000 rwxp 00000000 00:00 0 
7fb080021000-7fb084000000 ---p 00000000 00:00 0 
7fb084000000-7fb084021000 rwxp 00000000 00:00 0 
7fb084021000-7fb088000000 ---p 00000000 00:00 0 
7fb088000000-7fb088021000 rwxp 00000000 00:00 0 
7fb088021000-7fb08c000000 ---p 00000000 00:00 0 
7fb08c000000-7fb08c021000 rwxp 00000000 00:00 0 
7fb08c021000-7fb090000000 ---p 00000000 00:00 0 
7fb090000000-7fb090021000 rwxp 00000000 00:00 0 
7fb090021000-7fb094000000 ---p 00000000 00:00 0 
7fb0940f1000-7fb0942f3000 rwxp 00000000 00:00 0 
7fb0942f3000-7fb0942f4000 ---p 00000000 00:00 0 
7fb0942f4000-7fb0943f4000 rwxp 00000000 00:00 0 
7fb0943f4000-7fb0943f5000 ---p 00000000 00:00 0 
7fb0943f5000-7fb0944f5000 rwxp 00000000 00:00 0 
7fb0944f5000-7fb0944f6000 ---p 00000000 00:00 0 
7fb0944f6000-7fb0945f6000 rwxp 00000000 00:00 0 
7fb0945f6000-7fb0945f7000 ---p 00000000 00:00 0 
7fb0945f7000-7fb0946f7000 rwxp 00000000 00:00 0 
7fb0946f7000-7fb0946f8000 ---p 00000000 00:00 0 
7fb0946f8000-7fb0947f8000 rwxp 00000000 00:00 0 
7fb0947f8000-7fb0947f9000 ---p 00000000 00:00 0 
7fb0947f9000-7fb0948f9000 rwxp 00000000 00:00 0 
7fb0948f9000-7fb0948fa000 ---p 00000000 00:00 0 
7fb0948fa000-7fb0949fa000 rwxp 00000000 00:00 0 
7fb0949fa000-7fb0949fb000 ---p 00000000 00:00 0 
7fb0949fb000-7fb094afb000 rwxp 00000000 00:00 0 
7fb094afb000-7fb094afc000 ---p 00000000 00:00 0 
7fb094afc000-7fb094bfc000 rwxp 00000000 00:00 0 
7fb094bfc000-7fb094bfd000 ---p 00000000 00:00 0 
7fb094bfd000-7fb094cfd000 rwxp 00000000 00:00 0 
7fb094cfd000-7fb094cfe000 ---p 00000000 00:00 0 
7fb094cfe000-7fb094dfe000 rwxp 00000000 00:00 0 
7fb094dfe000-7fb094dff000 ---p 00000000 00:00 0 
7fb094dff000-7fb094eff000 rwxp 00000000 00:00 0 
7fb094eff000-7fb094f00000 ---p 00000000 00:00 0 
7fb094f00000-7fb095270000 rwxp 00000000 00:00 0 
7fb095270000-7fb098529000 rwxp 00000000 00:00 0 
7fb098529000-7fb09c000000 ---p 00000000 00:00 0 
7fb09c0e6000-7fb09c0e7000 ---p 00000000 00:00 0 
7fb09c0e7000-7fb09c1e7000 rwxp 00000000 00:00 0 
7fb09c1e7000-7fb09c1e8000 ---p 00000000 00:00 0 
7fb09c1e8000-7fb09c2e8000 rwxp 00000000 00:00 0 
7fb09c2e8000-7fb09c2e9000 ---p 00000000 00:00 0 
7fb09c2e9000-7fb09c3e9000 rwxp 00000000 00:00 0 
7fb09c3e9000-7fb09c3ea000 ---p 00000000 00:00 0 
7fb09c3ea000-7fb09c4ea000 rwxp 00000000 00:00 0 
7fb09c4ea000-7fb09c4eb000 ---p 00000000 00:00 0 
7fb09c4eb000-7fb09c5eb000 rwxp 00000000 00:00 0 
7fb09c5eb000-7fb09c5ec000 ---p 00000000 00:00 0 
7fb09c5ec000-7fb09c6ec000 rwxp 00000000 00:00 0 
7fb09c6ec000-7fb09c6ed000 ---p 00000000 00:00 0 
7fb09c6ed000-7fb09c7ed000 rwxp 00000000 00:00 0 
7fb09c7ed000-7fb09c7ee000 ---p 00000000 00:00 0 
7fb09c7ee000-7fb09c8ee000 rwxp 00000000 00:00 0 
7fb09c8ee000-7fb09c8ef000 ---p 00000000 00:00 0 
7fb09c8ef000-7fb09c9ef000 rwxp 00000000 00:00 0 
7fb09c9ef000-7fb09c9f0000 ---p 00000000 00:00 0 
7fb09c9f0000-7fb09caf0000 rwxp 00000000 00:00 0 
7fb09caf0000-7fb09caf1000 ---p 00000000 00:00 0 
7fb09caf1000-7fb09cbf1000 rwxp 00000000 00:00 0 
7fb09cbf1000-7fb09cbf2000 ---p 00000000 00:00 0 
7fb09cbf2000-7fb09ccf2000 rwxp 00000000 00:00 0 
7fb09ccf2000-7fb09ccf3000 ---p 00000000 00:00 0 
7fb09ccf3000-7fb09cdf3000 rwxp 00000000 00:00 0 
7fb09cdf3000-7fb09cdf4000 ---p 00000000 00:00 0 
7fb09cdf4000-7fb09cef4000 rwxp 00000000 00:00 0 
7fb09cef4000-7fb09cef5000 ---p 00000000 00:00 0 
7fb09cef5000-7fb09cff5000 rwxp 00000000 00:00 0 
7fb09cff5000-7fb09cff6000 ---p 00000000 00:00 0 
7fb09cff6000-7fb09d0f6000 rwxp 00000000 00:00 0 
7fb09d0f6000-7fb09d0f7000 ---p 00000000 00:00 0 
7fb09d0f7000-7fb09d1f7000 rwxp 00000000 00:00 0 
7fb09d1f7000-7fb09d1f8000 ---p 00000000 00:00 0 
7fb09d1f8000-7fb09d2f8000 rwxp 00000000 00:00 0 
7fb09d2f8000-7fb09d2f9000 ---p 00000000 00:00 0 
7fb09d2f9000-7fb09d3f9000 rwxp 00000000 00:00 0 
7fb09d3f9000-7fb09d3fa000 ---p 00000000 00:00 0 
7fb09d3fa000-7fb09d4fa000 rwxp 00000000 00:00 0 
7fb09d4fa000-7fb09d4fb000 ---p 00000000 00:00 0 
7fb09d4fb000-7fb09d5fb000 rwxp 00000000 00:00 0 
7fb09d5fb000-7fb09d5fc000 ---p 00000000 00:00 0 
7fb09d5fc000-7fb09d6fc000 rwxp 00000000 00:00 0 
7fb09d6fc000-7fb09d6fd000 ---p 00000000 00:00 0 
7fb09d6fd000-7fb09d7fd000 rwxp 00000000 00:00 0 
7fb09d7fd000-7fb09d7fe000 ---p 00000000 00:00 0 
7fb09d7fe000-7fb09d8fe000 rwxp 00000000 00:00 0 
7fb09d8fe000-7fb09d8ff000 ---p 00000000 00:00 0 
7fb09d8ff000-7fb09d9ff000 rwxp 00000000 00:00 0 
7fb09d9ff000-7fb09da00000 ---p 00000000 00:00 0 
7fb09da00000-7fb09db00000 rwxp 00000000 00:00 0 
7fb09db00000-7fb09db01000 ---p 00000000 00:00 0 
7fb09db01000-7fb09dc01000 rwxp 00000000 00:00 0 
7fb09dc01000-7fb09dc02000 ---p 00000000 00:00 0 
7fb09dc02000-7fb09dd02000 rwxp 00000000 00:00 0 
7fb09dd02000-7fb09dd03000 ---p 00000000 00:00 0 
7fb09dd03000-7fb09de03000 rwxp 00000000 00:00 0 
7fb09de03000-7fb09de04000 ---p 00000000 00:00 0 
7fb09de04000-7fb09df04000 rwxp 00000000 00:00 0 
7fb09df04000-7fb09df05000 ---p 00000000 00:00 0 
7fb09df05000-7fb09e005000 rwxp 00000000 00:00 0 
7fb09e005000-7fb09e006000 ---p 00000000 00:00 0 
7fb09e006000-7fb09e106000 rwxp 00000000 00:00 0 
7fb09e106000-7fb09e107000 ---p 00000000 00:00 0 
7fb09e107000-7fb09e207000 rwxp 00000000 00:00 0 
7fb09e207000-7fb09e208000 ---p 00000000 00:00 0 
7fb09e208000-7fb09e308000 rwxp 00000000 00:00 0 
7fb09e308000-7fb09e309000 ---p 00000000 00:00 0 
7fb09e309000-7fb09e409000 rwxp 00000000 00:00 0 
7fb09e409000-7fb09e417000 r-xp 00000000 fd:00 87205417                   /cao/Softs/mentor/ams/JRE/v1.6.0_22/aol/lib/amd64/libzip.so
7fb09e417000-7fb09e519000 ---p 0000e000 fd:00 87205417                   /cao/Softs/mentor/ams/JRE/v1.6.0_22/aol/lib/amd64/libzip.so
7fb09e519000-7fb09e51c000 rwxp 00010000 fd:00 87205417                   /cao/Softs/mentor/ams/JRE/v1.6.0_22/aol/lib/amd64/libzip.so
7fb09e51c000-7fb09e51d000 rwxp 00000000 00:00 0 
7fb09e51d000-7fb09e529000 r-xp 00000000 fd:00 268516897                  /usr/lib64/libnss_files-2.17.so
7fb09e529000-7fb09e728000 ---p 0000c000 fd:00 268516897                  /usr/lib64/libnss_files-2.17.so
7fb09e728000-7fb09e729000 r-xp 0000b000 fd:00 268516897                  /usr/lib64/libnss_files-2.17.so
7fb09e729000-7fb09e72a000 rwxp 0000c000 fd:00 268516897                  /usr/lib64/libnss_files-2.17.so
7fb09e72a000-7fb09e730000 rwxp 00000000 00:00 0 
7fb09e730000-7fb09e737000 r-xp 00000000 fd:00 87205346                   /cao/Softs/mentor/ams/JRE/v1.6.0_22/aol/lib/amd64/native_threads/libhpi.so
7fb09e737000-7fb09e838000 ---p 00007000 fd:00 87205346                   /cao/Softs/mentor/ams/JRE/v1.6.0_22/aol/lib/amd64/native_threads/libhpi.so
7fb09e838000-7fb09e83a000 rwxp 00008000 fd:00 87205346                   /cao/Softs/mentor/ams/JRE/v1.6.0_22/aol/lib/amd64/native_threads/libhpi.so
7fb09e83a000-7fb09e83b000 rwxp 00000000 00:00 0 
7fb09e83b000-7fb09e852000 r-xp 00000000 fd:00 268516889                  /usr/lib64/libnsl-2.17.so
7fb09e852000-7fb09ea51000 ---p 00017000 fd:00 268516889                  /usr/lib64/libnsl-2.17.so
7fb09ea51000-7fb09ea52000 r-xp 00016000 fd:00 268516889                  /usr/lib64/libnsl-2.17.so
7fb09ea52000-7fb09ea53000 rwxp 00017000 fd:00 268516889                  /usr/lib64/libnsl-2.17.so
7fb09ea53000-7fb09ea55000 rwxp 00000000 00:00 0 
7fb09ea55000-7fb09ea7d000 r-xp 00000000 fd:00 87205364                   /cao/Softs/mentor/ams/JRE/v1.6.0_22/aol/lib/amd64/libjava.so
7fb09ea7d000-7fb09eb7d000 ---p 00028000 fd:00 87205364                   /cao/Softs/mentor/ams/JRE/v1.6.0_22/aol/lib/amd64/libjava.so
7fb09eb7d000-7fb09eb84000 rwxp 00028000 fd:00 87205364                   /cao/Softs/mentor/ams/JRE/v1.6.0_22/aol/lib/amd64/libjava.so
7fb09eb84000-7fb09eb91000 r-xp 00000000 fd:00 87205416                   /cao/Softs/mentor/ams/JRE/v1.6.0_22/aol/lib/amd64/libverify.so
7fb09eb91000-7fb09ec90000 ---p 0000d000 fd:00 87205416                   /cao/Softs/mentor/ams/JRE/v1.6.0_22/aol/lib/amd64/libverify.so
7fb09ec90000-7fb09ec93000 rwxp 0000c000 fd:00 87205416                   /cao/Softs/mentor/ams/JRE/v1.6.0_22/aol/lib/amd64/libverify.so
7fb09ec93000-7fb09ec9a000 r-xp 00000000 fd:00 268516909                  /usr/lib64/librt-2.17.so
7fb09ec9a000-7fb09ee99000 ---p 00007000 fd:00 268516909                  /usr/lib64/librt-2.17.so
7fb09ee99000-7fb09ee9a000 r-xp 00006000 fd:00 268516909                  /usr/lib64/librt-2.17.so
7fb09ee9a000-7fb09ee9b000 rwxp 00007000 fd:00 268516909                  /usr/lib64/librt-2.17.so
7fb09ee9b000-7fb09ee9f000 ---p 00000000 00:00 0 
7fb09ee9f000-7fb09ef9c000 rwxp 00000000 00:00 0 
7fb09ef9c000-7fb09f09d000 r-xp 00000000 fd:00 268516887                  /usr/lib64/libm-2.17.so
7fb09f09d000-7fb09f29c000 ---p 00101000 fd:00 268516887                  /usr/lib64/libm-2.17.so
7fb09f29c000-7fb09f29d000 r-xp 00100000 fd:00 268516887                  /usr/lib64/libm-2.17.so
7fb09f29d000-7fb09f29e000 rwxp 00101000 fd:00 268516887                  /usr/lib64/libm-2.17.so
7fb09f29e000-7fb09fa78000 r-xp 00000000 fd:00 87205348                   /cao/Softs/mentor/ams/JRE/v1.6.0_22/aol/lib/amd64/server/libjvm.so
7fb09fa78000-7fb09fb7a000 ---p 007da000 fd:00 87205348                   /cao/Softs/mentor/ams/JRE/v1.6.0_22/aol/lib/amd64/server/libjvm.so
7fb09fb7a000-7fb09fd0b000 rwxp 007dc000 fd:00 87205348                   /cao/Softs/mentor/ams/JRE/v1.6.0_22/aol/lib/amd64/server/libjvm.so
7fb09fd0b000-7fb09fd46000 rwxp 00000000 00:00 0 
7fb09fd46000-7fb09ff09000 r-xp 00000000 fd:00 268516879                  /usr/lib64/libc-2.17.so
7fb09ff09000-7fb0a0109000 ---p 001c3000 fd:00 268516879                  /usr/lib64/libc-2.17.so
7fb0a0109000-7fb0a010d000 r-xp 001c3000 fd:00 268516879                  /usr/lib64/libc-2.17.so
7fb0a010d000-7fb0a010f000 rwxp 001c7000 fd:00 268516879                  /usr/lib64/libc-2.17.so
7fb0a010f000-7fb0a0114000 rwxp 00000000 00:00 0 
7fb0a0114000-7fb0a0116000 r-xp 00000000 fd:00 268516885                  /usr/lib64/libdl-2.17.so
7fb0a0116000-7fb0a0316000 ---p 00002000 fd:00 268516885                  /usr/lib64/libdl-2.17.so
7fb0a0316000-7fb0a0317000 r-xp 00002000 fd:00 268516885                  /usr/lib64/libdl-2.17.so
7fb0a0317000-7fb0a0318000 rwxp 00003000 fd:00 268516885                  /usr/lib64/libdl-2.17.so
7fb0a0318000-7fb0a032f000 r-xp 00000000 fd:00 268516905                  /usr/lib64/libpthread-2.17.so
7fb0a032f000-7fb0a052e000 ---p 00017000 fd:00 268516905                  /usr/lib64/libpthread-2.17.so
7fb0a052e000-7fb0a052f000 r-xp 00016000 fd:00 268516905                  /usr/lib64/libpthread-2.17.so
7fb0a052f000-7fb0a0530000 rwxp 00017000 fd:00 268516905                  /usr/lib64/libpthread-2.17.so
7fb0a0530000-7fb0a0534000 rwxp 00000000 00:00 0 
7fb0a0534000-7fb0a0556000 r-xp 00000000 fd:00 268516872                  /usr/lib64/ld-2.17.so
7fb0a057b000-7fb0a0585000 rwxp 00000000 00:00 0 
7fb0a0585000-7fb0a063b000 rwxp 00000000 00:00 0 
7fb0a063b000-7fb0a0643000 rwxs 00000000 fd:00 364971555                  /tmp/hsperfdata_filip/148111
7fb0a0643000-7fb0a0644000 rwxp 00000000 00:00 0 
7fb0a0644000-7fb0a0645000 r-xp 00000000 00:00 0 
7fb0a0645000-7fb0a0649000 rwxp 00000000 00:00 0 
7fb0a0649000-7fb0a0650000 r-xp 00000000 fd:00 352390253                  /cao/Softs/mentor/ams/JRE/v1.6.0_22/aol/lib/amd64/jli/libjli.so
7fb0a0650000-7fb0a0751000 ---p 00007000 fd:00 352390253                  /cao/Softs/mentor/ams/JRE/v1.6.0_22/aol/lib/amd64/jli/libjli.so
7fb0a0751000-7fb0a0753000 rwxp 00008000 fd:00 352390253                  /cao/Softs/mentor/ams/JRE/v1.6.0_22/aol/lib/amd64/jli/libjli.so
7fb0a0753000-7fb0a0755000 rwxp 00000000 00:00 0 
7fb0a0755000-7fb0a0756000 r-xp 00021000 fd:00 268516872                  /usr/lib64/ld-2.17.so
7fb0a0756000-7fb0a0757000 rwxp 00022000 fd:00 268516872                  /usr/lib64/ld-2.17.so
7fb0a0757000-7fb0a0758000 rwxp 00000000 00:00 0 
7ffea4d5c000-7ffea4d82000 rwxp 00000000 00:00 0                          [stack]
7ffea4d91000-7ffea4d93000 r-xp 00000000 00:00 0                          [vdso]
ffffffffff600000-ffffffffff601000 r-xp 00000000 00:00 0                  [vsyscall]

VM Arguments:
jvm_args: -DMGC_TMPDIR=/tmp -DAMS_WDBSERVER_INFO=/home/filip/.ezwave/jwdbserver.info -DAMS_WDBSERVER_TIMEOUT=60 -DEZ_HOME=/home/filip -DMGC_AMS_HOME=/cao/Softs/mentor/ams -DAMS_VCO=aol -Djava.library.path=/cao/Softs/mentor/ams/aol/lib/lib -Xrs -Xms32000M -Xmx32000M -XX:MaxPermSize=512m -XX:+UseConcMarkSweepGC -XX:+UseParNewGC -XX:+CMSParallelRemarkEnabled -XX:CMSInitiatingOccupancyFraction=30 -XX:+UseCMSInitiatingOccupancyOnly -XX:-UseGCOverheadLimit -XX:+UseStringCache -XX:+OptimizeStringConcat -XX:+UseCompressedOops 
java_command: /cao/Softs/mentor/ams/aol/lib/wdbserver.jar
Launcher Type: SUN_STANDARD

Environment Variables:
LD_LIBRARY_PATH=/cao/Softs/mentor/ams/JRE/v1.6.0_22/aol/lib/amd64/server:/cao/Softs/mentor/ams/JRE/v1.6.0_22/aol/lib/amd64:/cao/Softs/mentor/ams/JRE/v1.6.0_22/aol/../lib/amd64:/cao/Softs/mentor/ams/devenv_tools/x86_64/2.6.18.128.el5/lib64:/cao/Softs/mentor/ams/devenv_tools/x86_64/2.6.18.128.el5/lib64:/cao/Softs/mentor/ams/devenv_tools/x86_64/2.6.18.128.el5/lib:/cao/Softs/mentor/ams/devenv_tools/x86_64/2.6.18.128.el5/lib:/lib64:/cao/Softs/mentor/ams/modeltech/linux_x86_64:/cao/Softs/mentor/ams/aol/lib:/cao/Softs/cadence/IC617/tools/lib
SHELL=/bin/bash
DISPLAY=:2
HOSTTYPE=x86_64-linux
OSTYPE=linux
MACHTYPE=x86_64

Signal Handlers:
SIGSEGV: [libjvm.so+0x731250], sa_mask[0]=0x7ffbfeff, sa_flags=0x10000004
SIGBUS: [libjvm.so+0x731250], sa_mask[0]=0x7ffbfeff, sa_flags=0x10000004
SIGFPE: [libjvm.so+0x5f5e30], sa_mask[0]=0x7ffbfeff, sa_flags=0x10000004
SIGPIPE: [libjvm.so+0x5f5e30], sa_mask[0]=0x7ffbfeff, sa_flags=0x10000004
SIGXFSZ: [libjvm.so+0x5f5e30], sa_mask[0]=0x7ffbfeff, sa_flags=0x10000004
SIGILL: [libjvm.so+0x5f5e30], sa_mask[0]=0x7ffbfeff, sa_flags=0x10000004
SIGUSR1: SIG_DFL, sa_mask[0]=0x00000000, sa_flags=0x00000000
SIGUSR2: [libjvm.so+0x5f8650], sa_mask[0]=0x00000000, sa_flags=0x10000004
SIGHUP: SIG_DFL, sa_mask[0]=0x00000000, sa_flags=0x00000000
SIGINT: SIG_IGN, sa_mask[0]=0x00000000, sa_flags=0x00000000
SIGTERM: SIG_DFL, sa_mask[0]=0x00000000, sa_flags=0x00000000
SIGQUIT: SIG_DFL, sa_mask[0]=0x00000000, sa_flags=0x00000000


---------------  S Y S T E M  ---------------

OS:CentOS Linux release 7.8.2003 (Core)

uname:Linux 3.10.0-1127.19.1.el7.x86_64 #1 SMP Tue Aug 25 17:23:54 UTC 2020 x86_64
libc:glibc 2.17 NPTL 2.17 
rlimit: STACK 10240k, CORE 0k, NPROC 4096, NOFILE 4096, AS infinity
load average:10.15 3.00 1.23

CPU:total 72 (32 cores per cpu, 2 threads per core) family 6 model 85 stepping 7, cmov, cx8, fxsr, mmx, sse, sse2, sse3, ssse3, sse4.1, sse4.2, popcnt, ht

Memory: 4k page, physical 97402164k(309060k free), swap 4194300k(4131324k free)

vm_info: Java HotSpot(TM) 64-Bit Server VM (17.1-b03) for linux-amd64 JRE (1.6.0_22-b04), built on Sep 15 2010 01:07:59 by "java_re" with gcc 3.2.2 (SuSE Linux)

time: Tue Aug  5 23:25:46 2025
elapsed time: 0 seconds

