#
# A fatal error has been detected by the Java Runtime Environment:
#
# java.lang.OutOfMemoryError: Cannot create worker GC thread. Out of system resources.
#
#  Internal Error (workgroup.cpp:73), pid=302089, tid=140447658141440
#  Error: Cannot create worker GC thread. Out of system resources.
#
# JRE version: 6.0_22-b04
# Java VM: Java HotSpot(TM) 64-Bit Server VM (17.1-b03 mixed mode linux-amd64 compressed oops)
# If you would like to submit a bug report, please visit:
#   http://java.sun.com/webapps/bugreport/crash.jsp
#

---------------  T H R E A D  ---------------

Current thread (0x00007fbc80007800):  JavaThread "Unknown thread" [_thread_in_vm, id=302090, stack(0x00007fbc84b5f000,0x00007fbc84c5f000)]

Stack: [0x00007fbc84b5f000,0x00007fbc84c5f000],  sp=0x00007fbc84c5d9e0,  free space=3fa0000000000000018k
Native frames: (J=compiled Java code, j=interpreted, Vv=VM code, C=native code)
V  [libjvm.so+0x7306a0]
V  [libjvm.so+0x2f31e8]
V  [libjvm.so+0x744eba]
V  [libjvm.so+0x666647]
V  [libjvm.so+0x37a49c]
V  [libjvm.so+0x70a2fb]
V  [libjvm.so+0x709c7a]
V  [libjvm.so+0x3b5690]
V  [libjvm.so+0x6f1d5f]
V  [libjvm.so+0x420060]


---------------  P R O C E S S  ---------------

Java Threads: ( => current thread )

Other Threads:

=>0x00007fbc80007800 (exited) JavaThread "Unknown thread" [_thread_in_vm, id=302090, stack(0x00007fbc84b5f000,0x00007fbc84c5f000)]

VM state:not at safepoint (not fully initialized)

VM Mutex/Monitor currently owned by a thread: None

Dynamic libraries:
40000000-40009000 r-xp 00000000 fd:00 647108122                          /cao/Softs/mentor/ams/JRE/v1.6.0_22/aol/bin/java
40108000-4010a000 rwxp 00008000 fd:00 647108122                          /cao/Softs/mentor/ams/JRE/v1.6.0_22/aol/bin/java
40a46000-40a67000 rwxp 00000000 00:00 0                                  [heap]
7fbc48000000-7fbc48021000 rwxp 00000000 00:00 0 
7fbc48021000-7fbc4c000000 ---p 00000000 00:00 0 
7fbc50000000-7fbc50021000 rwxp 00000000 00:00 0 
7fbc50021000-7fbc54000000 ---p 00000000 00:00 0 
7fbc54000000-7fbc54021000 rwxp 00000000 00:00 0 
7fbc54021000-7fbc58000000 ---p 00000000 00:00 0 
7fbc58000000-7fbc58021000 rwxp 00000000 00:00 0 
7fbc58021000-7fbc5c000000 ---p 00000000 00:00 0 
7fbc5c000000-7fbc5c021000 rwxp 00000000 00:00 0 
7fbc5c021000-7fbc60000000 ---p 00000000 00:00 0 
7fbc60000000-7fbc60021000 rwxp 00000000 00:00 0 
7fbc60021000-7fbc64000000 ---p 00000000 00:00 0 
7fbc64000000-7fbc64021000 rwxp 00000000 00:00 0 
7fbc64021000-7fbc68000000 ---p 00000000 00:00 0 
7fbc68000000-7fbc68021000 rwxp 00000000 00:00 0 
7fbc68021000-7fbc6c000000 ---p 00000000 00:00 0 
7fbc6c000000-7fbc6c021000 rwxp 00000000 00:00 0 
7fbc6c021000-7fbc70000000 ---p 00000000 00:00 0 
7fbc70000000-7fbc70021000 rwxp 00000000 00:00 0 
7fbc70021000-7fbc74000000 ---p 00000000 00:00 0 
7fbc74000000-7fbc74021000 rwxp 00000000 00:00 0 
7fbc74021000-7fbc78000000 ---p 00000000 00:00 0 
7fbc78000000-7fbc78021000 rwxp 00000000 00:00 0 
7fbc78021000-7fbc7c000000 ---p 00000000 00:00 0 
7fbc7c2f3000-7fbc7c2f4000 ---p 00000000 00:00 0 
7fbc7c2f4000-7fbc7c3f4000 rwxp 00000000 00:00 0 
7fbc7c3f4000-7fbc7c3f5000 ---p 00000000 00:00 0 
7fbc7c3f5000-7fbc7c4f5000 rwxp 00000000 00:00 0 
7fbc7c4f5000-7fbc7c4f6000 ---p 00000000 00:00 0 
7fbc7c4f6000-7fbc7c5f6000 rwxp 00000000 00:00 0 
7fbc7c5f6000-7fbc7c5f7000 ---p 00000000 00:00 0 
7fbc7c5f7000-7fbc7c6f7000 rwxp 00000000 00:00 0 
7fbc7c6f7000-7fbc7c6f8000 ---p 00000000 00:00 0 
7fbc7c6f8000-7fbc7c7f8000 rwxp 00000000 00:00 0 
7fbc7c7f8000-7fbc7c7f9000 ---p 00000000 00:00 0 
7fbc7c7f9000-7fbc7c8f9000 rwxp 00000000 00:00 0 
7fbc7c8f9000-7fbc7c8fa000 ---p 00000000 00:00 0 
7fbc7c8fa000-7fbc7c9fa000 rwxp 00000000 00:00 0 
7fbc7c9fa000-7fbc7c9fb000 ---p 00000000 00:00 0 
7fbc7c9fb000-7fbc7cafb000 rwxp 00000000 00:00 0 
7fbc7cafb000-7fbc7cafc000 ---p 00000000 00:00 0 
7fbc7cafc000-7fbc7cbfc000 rwxp 00000000 00:00 0 
7fbc7cbfc000-7fbc7cbfd000 ---p 00000000 00:00 0 
7fbc7cbfd000-7fbc7ccfd000 rwxp 00000000 00:00 0 
7fbc7ccfd000-7fbc7ccfe000 ---p 00000000 00:00 0 
7fbc7ccfe000-7fbc7cdfe000 rwxp 00000000 00:00 0 
7fbc7cdfe000-7fbc7cdff000 ---p 00000000 00:00 0 
7fbc7cdff000-7fbc7ceff000 rwxp 00000000 00:00 0 
7fbc7ceff000-7fbc7cf00000 ---p 00000000 00:00 0 
7fbc7cf00000-7fbc7d270000 rwxp 00000000 00:00 0 
7fbc7d270000-7fbc8002f000 rwxp 00000000 00:00 0 
7fbc8002f000-7fbc84000000 ---p 00000000 00:00 0 
7fbc840cc000-7fbc840da000 r-xp 00000000 fd:00 87205417                   /cao/Softs/mentor/ams/JRE/v1.6.0_22/aol/lib/amd64/libzip.so
7fbc840da000-7fbc841dc000 ---p 0000e000 fd:00 87205417                   /cao/Softs/mentor/ams/JRE/v1.6.0_22/aol/lib/amd64/libzip.so
7fbc841dc000-7fbc841df000 rwxp 00010000 fd:00 87205417                   /cao/Softs/mentor/ams/JRE/v1.6.0_22/aol/lib/amd64/libzip.so
7fbc841df000-7fbc841e0000 rwxp 00000000 00:00 0 
7fbc841e0000-7fbc841ec000 r-xp 00000000 fd:00 268516897                  /usr/lib64/libnss_files-2.17.so
7fbc841ec000-7fbc843eb000 ---p 0000c000 fd:00 268516897                  /usr/lib64/libnss_files-2.17.so
7fbc843eb000-7fbc843ec000 r-xp 0000b000 fd:00 268516897                  /usr/lib64/libnss_files-2.17.so
7fbc843ec000-7fbc843ed000 rwxp 0000c000 fd:00 268516897                  /usr/lib64/libnss_files-2.17.so
7fbc843ed000-7fbc843f3000 rwxp 00000000 00:00 0 
7fbc843f3000-7fbc843fa000 r-xp 00000000 fd:00 87205346                   /cao/Softs/mentor/ams/JRE/v1.6.0_22/aol/lib/amd64/native_threads/libhpi.so
7fbc843fa000-7fbc844fb000 ---p 00007000 fd:00 87205346                   /cao/Softs/mentor/ams/JRE/v1.6.0_22/aol/lib/amd64/native_threads/libhpi.so
7fbc844fb000-7fbc844fd000 rwxp 00008000 fd:00 87205346                   /cao/Softs/mentor/ams/JRE/v1.6.0_22/aol/lib/amd64/native_threads/libhpi.so
7fbc844fd000-7fbc844fe000 rwxp 00000000 00:00 0 
7fbc844fe000-7fbc84515000 r-xp 00000000 fd:00 268516889                  /usr/lib64/libnsl-2.17.so
7fbc84515000-7fbc84714000 ---p 00017000 fd:00 268516889                  /usr/lib64/libnsl-2.17.so
7fbc84714000-7fbc84715000 r-xp 00016000 fd:00 268516889                  /usr/lib64/libnsl-2.17.so
7fbc84715000-7fbc84716000 rwxp 00017000 fd:00 268516889                  /usr/lib64/libnsl-2.17.so
7fbc84716000-7fbc84718000 rwxp 00000000 00:00 0 
7fbc84718000-7fbc84740000 r-xp 00000000 fd:00 87205364                   /cao/Softs/mentor/ams/JRE/v1.6.0_22/aol/lib/amd64/libjava.so
7fbc84740000-7fbc84840000 ---p 00028000 fd:00 87205364                   /cao/Softs/mentor/ams/JRE/v1.6.0_22/aol/lib/amd64/libjava.so
7fbc84840000-7fbc84847000 rwxp 00028000 fd:00 87205364                   /cao/Softs/mentor/ams/JRE/v1.6.0_22/aol/lib/amd64/libjava.so
7fbc84847000-7fbc84854000 r-xp 00000000 fd:00 87205416                   /cao/Softs/mentor/ams/JRE/v1.6.0_22/aol/lib/amd64/libverify.so
7fbc84854000-7fbc84953000 ---p 0000d000 fd:00 87205416                   /cao/Softs/mentor/ams/JRE/v1.6.0_22/aol/lib/amd64/libverify.so
7fbc84953000-7fbc84956000 rwxp 0000c000 fd:00 87205416                   /cao/Softs/mentor/ams/JRE/v1.6.0_22/aol/lib/amd64/libverify.so
7fbc84956000-7fbc8495d000 r-xp 00000000 fd:00 268516909                  /usr/lib64/librt-2.17.so
7fbc8495d000-7fbc84b5c000 ---p 00007000 fd:00 268516909                  /usr/lib64/librt-2.17.so
7fbc84b5c000-7fbc84b5d000 r-xp 00006000 fd:00 268516909                  /usr/lib64/librt-2.17.so
7fbc84b5d000-7fbc84b5e000 rwxp 00007000 fd:00 268516909                  /usr/lib64/librt-2.17.so
7fbc84b5e000-7fbc84b62000 ---p 00000000 00:00 0 
7fbc84b62000-7fbc84c5f000 rwxp 00000000 00:00 0 
7fbc84c5f000-7fbc84d60000 r-xp 00000000 fd:00 268516887                  /usr/lib64/libm-2.17.so
7fbc84d60000-7fbc84f5f000 ---p 00101000 fd:00 268516887                  /usr/lib64/libm-2.17.so
7fbc84f5f000-7fbc84f60000 r-xp 00100000 fd:00 268516887                  /usr/lib64/libm-2.17.so
7fbc84f60000-7fbc84f61000 rwxp 00101000 fd:00 268516887                  /usr/lib64/libm-2.17.so
7fbc84f61000-7fbc8573b000 r-xp 00000000 fd:00 87205348                   /cao/Softs/mentor/ams/JRE/v1.6.0_22/aol/lib/amd64/server/libjvm.so
7fbc8573b000-7fbc8583d000 ---p 007da000 fd:00 87205348                   /cao/Softs/mentor/ams/JRE/v1.6.0_22/aol/lib/amd64/server/libjvm.so
7fbc8583d000-7fbc859ce000 rwxp 007dc000 fd:00 87205348                   /cao/Softs/mentor/ams/JRE/v1.6.0_22/aol/lib/amd64/server/libjvm.so
7fbc859ce000-7fbc85a09000 rwxp 00000000 00:00 0 
7fbc85a09000-7fbc85bcc000 r-xp 00000000 fd:00 268516879                  /usr/lib64/libc-2.17.so
7fbc85bcc000-7fbc85dcc000 ---p 001c3000 fd:00 268516879                  /usr/lib64/libc-2.17.so
7fbc85dcc000-7fbc85dd0000 r-xp 001c3000 fd:00 268516879                  /usr/lib64/libc-2.17.so
7fbc85dd0000-7fbc85dd2000 rwxp 001c7000 fd:00 268516879                  /usr/lib64/libc-2.17.so
7fbc85dd2000-7fbc85dd7000 rwxp 00000000 00:00 0 
7fbc85dd7000-7fbc85dd9000 r-xp 00000000 fd:00 268516885                  /usr/lib64/libdl-2.17.so
7fbc85dd9000-7fbc85fd9000 ---p 00002000 fd:00 268516885                  /usr/lib64/libdl-2.17.so
7fbc85fd9000-7fbc85fda000 r-xp 00002000 fd:00 268516885                  /usr/lib64/libdl-2.17.so
7fbc85fda000-7fbc85fdb000 rwxp 00003000 fd:00 268516885                  /usr/lib64/libdl-2.17.so
7fbc85fdb000-7fbc85ff2000 r-xp 00000000 fd:00 268516905                  /usr/lib64/libpthread-2.17.so
7fbc85ff2000-7fbc861f1000 ---p 00017000 fd:00 268516905                  /usr/lib64/libpthread-2.17.so
7fbc861f1000-7fbc861f2000 r-xp 00016000 fd:00 268516905                  /usr/lib64/libpthread-2.17.so
7fbc861f2000-7fbc861f3000 rwxp 00017000 fd:00 268516905                  /usr/lib64/libpthread-2.17.so
7fbc861f3000-7fbc861f7000 rwxp 00000000 00:00 0 
7fbc861f7000-7fbc86219000 r-xp 00000000 fd:00 268516872                  /usr/lib64/ld-2.17.so
7fbc8623e000-7fbc86248000 rwxp 00000000 00:00 0 
7fbc86248000-7fbc862fe000 rwxp 00000000 00:00 0 
7fbc862fe000-7fbc86306000 rwxs 00000000 fd:00 364968140                  /tmp/hsperfdata_filip/302089
7fbc86306000-7fbc86307000 rwxp 00000000 00:00 0 
7fbc86307000-7fbc86308000 r-xp 00000000 00:00 0 
7fbc86308000-7fbc8630c000 rwxp 00000000 00:00 0 
7fbc8630c000-7fbc86313000 r-xp 00000000 fd:00 352390253                  /cao/Softs/mentor/ams/JRE/v1.6.0_22/aol/lib/amd64/jli/libjli.so
7fbc86313000-7fbc86414000 ---p 00007000 fd:00 352390253                  /cao/Softs/mentor/ams/JRE/v1.6.0_22/aol/lib/amd64/jli/libjli.so
7fbc86414000-7fbc86416000 rwxp 00008000 fd:00 352390253                  /cao/Softs/mentor/ams/JRE/v1.6.0_22/aol/lib/amd64/jli/libjli.so
7fbc86416000-7fbc86418000 rwxp 00000000 00:00 0 
7fbc86418000-7fbc86419000 r-xp 00021000 fd:00 268516872                  /usr/lib64/ld-2.17.so
7fbc86419000-7fbc8641a000 rwxp 00022000 fd:00 268516872                  /usr/lib64/ld-2.17.so
7fbc8641a000-7fbc8641b000 rwxp 00000000 00:00 0 
7ffc61ce5000-7ffc61d0b000 rwxp 00000000 00:00 0                          [stack]
7ffc61d88000-7ffc61d8a000 r-xp 00000000 00:00 0                          [vdso]
ffffffffff600000-ffffffffff601000 r-xp 00000000 00:00 0                  [vsyscall]

VM Arguments:
jvm_args: -DMGC_TMPDIR=/tmp -DAMS_WDBSERVER_INFO=/home/filip/.ezwave/jwdbserver.info -DAMS_WDBSERVER_TIMEOUT=60 -DEZ_HOME=/home/filip -DMGC_AMS_HOME=/cao/Softs/mentor/ams -DAMS_VCO=aol -Djava.library.path=/cao/Softs/mentor/ams/aol/lib/lib -Xrs -Xms32000M -Xmx32000M -XX:MaxPermSize=512m -XX:+UseConcMarkSweepGC -XX:+UseParNewGC -XX:+CMSParallelRemarkEnabled -XX:CMSInitiatingOccupancyFraction=30 -XX:+UseCMSInitiatingOccupancyOnly -XX:-UseGCOverheadLimit -XX:+UseStringCache -XX:+OptimizeStringConcat -XX:+UseCompressedOops 
java_command: /cao/Softs/mentor/ams/aol/lib/wdbserver.jar
Launcher Type: SUN_STANDARD

Environment Variables:
LD_LIBRARY_PATH=/cao/Softs/mentor/ams/JRE/v1.6.0_22/aol/lib/amd64/server:/cao/Softs/mentor/ams/JRE/v1.6.0_22/aol/lib/amd64:/cao/Softs/mentor/ams/JRE/v1.6.0_22/aol/../lib/amd64:/cao/Softs/mentor/ams/devenv_tools/x86_64/2.6.18.128.el5/lib64:/cao/Softs/mentor/ams/devenv_tools/x86_64/2.6.18.128.el5/lib64:/cao/Softs/mentor/ams/devenv_tools/x86_64/2.6.18.128.el5/lib:/cao/Softs/mentor/ams/devenv_tools/x86_64/2.6.18.128.el5/lib:/lib64:/cao/Softs/mentor/ams/modeltech/linux_x86_64:/cao/Softs/mentor/ams/aol/lib:/cao/Softs/cadence/IC617/tools/lib
SHELL=/bin/bash
DISPLAY=:2
HOSTTYPE=x86_64-linux
OSTYPE=linux
MACHTYPE=x86_64

Signal Handlers:
SIGSEGV: [libjvm.so+0x731250], sa_mask[0]=0x7ffbfeff, sa_flags=0x10000004
SIGBUS: [libjvm.so+0x731250], sa_mask[0]=0x7ffbfeff, sa_flags=0x10000004
SIGFPE: [libjvm.so+0x5f5e30], sa_mask[0]=0x7ffbfeff, sa_flags=0x10000004
SIGPIPE: [libjvm.so+0x5f5e30], sa_mask[0]=0x7ffbfeff, sa_flags=0x10000004
SIGXFSZ: [libjvm.so+0x5f5e30], sa_mask[0]=0x7ffbfeff, sa_flags=0x10000004
SIGILL: [libjvm.so+0x5f5e30], sa_mask[0]=0x7ffbfeff, sa_flags=0x10000004
SIGUSR1: SIG_DFL, sa_mask[0]=0x00000000, sa_flags=0x00000000
SIGUSR2: [libjvm.so+0x5f8650], sa_mask[0]=0x00000000, sa_flags=0x10000004
SIGHUP: SIG_DFL, sa_mask[0]=0x00000000, sa_flags=0x00000000
SIGINT: SIG_IGN, sa_mask[0]=0x00000000, sa_flags=0x00000000
SIGTERM: SIG_DFL, sa_mask[0]=0x00000000, sa_flags=0x00000000
SIGQUIT: SIG_DFL, sa_mask[0]=0x00000000, sa_flags=0x00000000


---------------  S Y S T E M  ---------------

OS:CentOS Linux release 7.8.2003 (Core)

uname:Linux 3.10.0-1127.19.1.el7.x86_64 #1 SMP Tue Aug 25 17:23:54 UTC 2020 x86_64
libc:glibc 2.17 NPTL 2.17 
rlimit: STACK 10240k, CORE 0k, NPROC 4096, NOFILE 4096, AS infinity
load average:13.10 10.10 6.94

CPU:total 72 (32 cores per cpu, 2 threads per core) family 6 model 85 stepping 7, cmov, cx8, fxsr, mmx, sse, sse2, sse3, ssse3, sse4.1, sse4.2, popcnt, ht

Memory: 4k page, physical 97402164k(504808k free), swap 4194300k(3333116k free)

vm_info: Java HotSpot(TM) 64-Bit Server VM (17.1-b03) for linux-amd64 JRE (1.6.0_22-b04), built on Sep 15 2010 01:07:59 by "java_re" with gcc 3.2.2 (SuSE Linux)

time: Thu Feb 20 14:35:22 2025
elapsed time: 0 seconds

