#
# A fatal error has been detected by the Java Runtime Environment:
#
# java.lang.OutOfMemoryError: Cannot create worker GC thread. Out of system resources.
#
#  Internal Error (workgroup.cpp:73), pid=134612, tid=140343653586688
#  Error: Cannot create worker GC thread. Out of system resources.
#
# JRE version: 6.0_22-b04
# Java VM: Java HotSpot(TM) 64-Bit Server VM (17.1-b03 mixed mode linux-amd64 compressed oops)
# If you would like to submit a bug report, please visit:
#   http://java.sun.com/webapps/bugreport/crash.jsp
#

---------------  T H R E A D  ---------------

Current thread (0x00007fa448007800):  JavaThread "Unknown thread" [_thread_in_vm, id=134613, stack(0x00007fa44d8e6000,0x00007fa44d9e6000)]

Stack: [0x00007fa44d8e6000,0x00007fa44d9e6000],  sp=0x00007fa44d9e49e0,  free space=3fa0000000000000018k
Native frames: (J=compiled Java code, j=interpreted, Vv=VM code, C=native code)
V  [libjvm.so+0x7306a0]
V  [libjvm.so+0x2f31e8]
V  [libjvm.so+0x744eba]
V  [libjvm.so+0x666647]
V  [libjvm.so+0x37a49c]
V  [libjvm.so+0x70a2fb]
V  [libjvm.so+0x709c7a]
V  [libjvm.so+0x3b5690]
V  [libjvm.so+0x6f1d5f]
V  [libjvm.so+0x420060]


---------------  P R O C E S S  ---------------

Java Threads: ( => current thread )

Other Threads:

=>0x00007fa448007800 (exited) JavaThread "Unknown thread" [_thread_in_vm, id=134613, stack(0x00007fa44d8e6000,0x00007fa44d9e6000)]

VM state:not at safepoint (not fully initialized)

VM Mutex/Monitor currently owned by a thread: None

Dynamic libraries:
40000000-40009000 r-xp 00000000 fd:00 647108122                          /cao/Softs/mentor/ams/JRE/v1.6.0_22/aol/bin/java
40108000-4010a000 rwxp 00008000 fd:00 647108122                          /cao/Softs/mentor/ams/JRE/v1.6.0_22/aol/bin/java
41f34000-41f55000 rwxp 00000000 00:00 0                                  [heap]
7fa3e0000000-7fa3e0021000 rwxp 00000000 00:00 0 
7fa3e0021000-7fa3e4000000 ---p 00000000 00:00 0 
7fa3e8000000-7fa3e8021000 rwxp 00000000 00:00 0 
7fa3e8021000-7fa3ec000000 ---p 00000000 00:00 0 
7fa3ec000000-7fa3ec021000 rwxp 00000000 00:00 0 
7fa3ec021000-7fa3f0000000 ---p 00000000 00:00 0 
7fa3f0000000-7fa3f0021000 rwxp 00000000 00:00 0 
7fa3f0021000-7fa3f4000000 ---p 00000000 00:00 0 
7fa3f4000000-7fa3f4021000 rwxp 00000000 00:00 0 
7fa3f4021000-7fa3f8000000 ---p 00000000 00:00 0 
7fa3f8000000-7fa3f8021000 rwxp 00000000 00:00 0 
7fa3f8021000-7fa3fc000000 ---p 00000000 00:00 0 
7fa3fc000000-7fa3fc021000 rwxp 00000000 00:00 0 
7fa3fc021000-7fa400000000 ---p 00000000 00:00 0 
7fa400000000-7fa400021000 rwxp 00000000 00:00 0 
7fa400021000-7fa404000000 ---p 00000000 00:00 0 
7fa404000000-7fa404021000 rwxp 00000000 00:00 0 
7fa404021000-7fa408000000 ---p 00000000 00:00 0 
7fa408000000-7fa408021000 rwxp 00000000 00:00 0 
7fa408021000-7fa40c000000 ---p 00000000 00:00 0 
7fa40c000000-7fa40c021000 rwxp 00000000 00:00 0 
7fa40c021000-7fa410000000 ---p 00000000 00:00 0 
7fa410000000-7fa410021000 rwxp 00000000 00:00 0 
7fa410021000-7fa414000000 ---p 00000000 00:00 0 
7fa414000000-7fa414021000 rwxp 00000000 00:00 0 
7fa414021000-7fa418000000 ---p 00000000 00:00 0 
7fa418000000-7fa418021000 rwxp 00000000 00:00 0 
7fa418021000-7fa41c000000 ---p 00000000 00:00 0 
7fa41c000000-7fa41c021000 rwxp 00000000 00:00 0 
7fa41c021000-7fa420000000 ---p 00000000 00:00 0 
7fa420000000-7fa420021000 rwxp 00000000 00:00 0 
7fa420021000-7fa424000000 ---p 00000000 00:00 0 
7fa424000000-7fa424021000 rwxp 00000000 00:00 0 
7fa424021000-7fa428000000 ---p 00000000 00:00 0 
7fa428000000-7fa428021000 rwxp 00000000 00:00 0 
7fa428021000-7fa42c000000 ---p 00000000 00:00 0 
7fa42c000000-7fa42c021000 rwxp 00000000 00:00 0 
7fa42c021000-7fa430000000 ---p 00000000 00:00 0 
7fa430000000-7fa430021000 rwxp 00000000 00:00 0 
7fa430021000-7fa434000000 ---p 00000000 00:00 0 
7fa434000000-7fa434021000 rwxp 00000000 00:00 0 
7fa434021000-7fa438000000 ---p 00000000 00:00 0 
7fa438000000-7fa438021000 rwxp 00000000 00:00 0 
7fa438021000-7fa43c000000 ---p 00000000 00:00 0 
7fa43c000000-7fa43c021000 rwxp 00000000 00:00 0 
7fa43c021000-7fa440000000 ---p 00000000 00:00 0 
7fa440000000-7fa440021000 rwxp 00000000 00:00 0 
7fa440021000-7fa444000000 ---p 00000000 00:00 0 
7fa4444f5000-7fa4444f6000 ---p 00000000 00:00 0 
7fa4444f6000-7fa4445f6000 rwxp 00000000 00:00 0 
7fa4445f6000-7fa4445f7000 ---p 00000000 00:00 0 
7fa4445f7000-7fa4446f7000 rwxp 00000000 00:00 0 
7fa4446f7000-7fa4446f8000 ---p 00000000 00:00 0 
7fa4446f8000-7fa4447f8000 rwxp 00000000 00:00 0 
7fa4447f8000-7fa4447f9000 ---p 00000000 00:00 0 
7fa4447f9000-7fa4448f9000 rwxp 00000000 00:00 0 
7fa4448f9000-7fa4448fa000 ---p 00000000 00:00 0 
7fa4448fa000-7fa4449fa000 rwxp 00000000 00:00 0 
7fa4449fa000-7fa4449fb000 ---p 00000000 00:00 0 
7fa4449fb000-7fa444afb000 rwxp 00000000 00:00 0 
7fa444afb000-7fa444afc000 ---p 00000000 00:00 0 
7fa444afc000-7fa444bfc000 rwxp 00000000 00:00 0 
7fa444bfc000-7fa444bfd000 ---p 00000000 00:00 0 
7fa444bfd000-7fa444cfd000 rwxp 00000000 00:00 0 
7fa444cfd000-7fa444cfe000 ---p 00000000 00:00 0 
7fa444cfe000-7fa444dfe000 rwxp 00000000 00:00 0 
7fa444dfe000-7fa444dff000 ---p 00000000 00:00 0 
7fa444dff000-7fa444eff000 rwxp 00000000 00:00 0 
7fa444eff000-7fa444f00000 ---p 00000000 00:00 0 
7fa444f00000-7fa445270000 rwxp 00000000 00:00 0 
7fa445270000-7fa448046000 rwxp 00000000 00:00 0 
7fa448046000-7fa44c000000 ---p 00000000 00:00 0 
7fa44c045000-7fa44c046000 ---p 00000000 00:00 0 
7fa44c046000-7fa44c146000 rwxp 00000000 00:00 0 
7fa44c146000-7fa44c147000 ---p 00000000 00:00 0 
7fa44c147000-7fa44c247000 rwxp 00000000 00:00 0 
7fa44c247000-7fa44c248000 ---p 00000000 00:00 0 
7fa44c248000-7fa44c348000 rwxp 00000000 00:00 0 
7fa44c348000-7fa44c349000 ---p 00000000 00:00 0 
7fa44c349000-7fa44c449000 rwxp 00000000 00:00 0 
7fa44c449000-7fa44c44a000 ---p 00000000 00:00 0 
7fa44c44a000-7fa44c54a000 rwxp 00000000 00:00 0 
7fa44c54a000-7fa44c54b000 ---p 00000000 00:00 0 
7fa44c54b000-7fa44c64b000 rwxp 00000000 00:00 0 
7fa44c64b000-7fa44c64c000 ---p 00000000 00:00 0 
7fa44c64c000-7fa44c74c000 rwxp 00000000 00:00 0 
7fa44c74c000-7fa44c74d000 ---p 00000000 00:00 0 
7fa44c74d000-7fa44c84d000 rwxp 00000000 00:00 0 
7fa44c84d000-7fa44c84e000 ---p 00000000 00:00 0 
7fa44c84e000-7fa44c94e000 rwxp 00000000 00:00 0 
7fa44c94e000-7fa44c94f000 ---p 00000000 00:00 0 
7fa44c94f000-7fa44ca4f000 rwxp 00000000 00:00 0 
7fa44ca4f000-7fa44ca50000 ---p 00000000 00:00 0 
7fa44ca50000-7fa44cb50000 rwxp 00000000 00:00 0 
7fa44cb50000-7fa44cb51000 ---p 00000000 00:00 0 
7fa44cb51000-7fa44cc51000 rwxp 00000000 00:00 0 
7fa44cc51000-7fa44cc52000 ---p 00000000 00:00 0 
7fa44cc52000-7fa44cd52000 rwxp 00000000 00:00 0 
7fa44cd52000-7fa44cd53000 ---p 00000000 00:00 0 
7fa44cd53000-7fa44ce53000 rwxp 00000000 00:00 0 
7fa44ce53000-7fa44ce61000 r-xp 00000000 fd:00 87205417                   /cao/Softs/mentor/ams/JRE/v1.6.0_22/aol/lib/amd64/libzip.so
7fa44ce61000-7fa44cf63000 ---p 0000e000 fd:00 87205417                   /cao/Softs/mentor/ams/JRE/v1.6.0_22/aol/lib/amd64/libzip.so
7fa44cf63000-7fa44cf66000 rwxp 00010000 fd:00 87205417                   /cao/Softs/mentor/ams/JRE/v1.6.0_22/aol/lib/amd64/libzip.so
7fa44cf66000-7fa44cf67000 rwxp 00000000 00:00 0 
7fa44cf67000-7fa44cf73000 r-xp 00000000 fd:00 268516897                  /usr/lib64/libnss_files-2.17.so
7fa44cf73000-7fa44d172000 ---p 0000c000 fd:00 268516897                  /usr/lib64/libnss_files-2.17.so
7fa44d172000-7fa44d173000 r-xp 0000b000 fd:00 268516897                  /usr/lib64/libnss_files-2.17.so
7fa44d173000-7fa44d174000 rwxp 0000c000 fd:00 268516897                  /usr/lib64/libnss_files-2.17.so
7fa44d174000-7fa44d17a000 rwxp 00000000 00:00 0 
7fa44d17a000-7fa44d181000 r-xp 00000000 fd:00 87205346                   /cao/Softs/mentor/ams/JRE/v1.6.0_22/aol/lib/amd64/native_threads/libhpi.so
7fa44d181000-7fa44d282000 ---p 00007000 fd:00 87205346                   /cao/Softs/mentor/ams/JRE/v1.6.0_22/aol/lib/amd64/native_threads/libhpi.so
7fa44d282000-7fa44d284000 rwxp 00008000 fd:00 87205346                   /cao/Softs/mentor/ams/JRE/v1.6.0_22/aol/lib/amd64/native_threads/libhpi.so
7fa44d284000-7fa44d285000 rwxp 00000000 00:00 0 
7fa44d285000-7fa44d29c000 r-xp 00000000 fd:00 268516889                  /usr/lib64/libnsl-2.17.so
7fa44d29c000-7fa44d49b000 ---p 00017000 fd:00 268516889                  /usr/lib64/libnsl-2.17.so
7fa44d49b000-7fa44d49c000 r-xp 00016000 fd:00 268516889                  /usr/lib64/libnsl-2.17.so
7fa44d49c000-7fa44d49d000 rwxp 00017000 fd:00 268516889                  /usr/lib64/libnsl-2.17.so
7fa44d49d000-7fa44d49f000 rwxp 00000000 00:00 0 
7fa44d49f000-7fa44d4c7000 r-xp 00000000 fd:00 87205364                   /cao/Softs/mentor/ams/JRE/v1.6.0_22/aol/lib/amd64/libjava.so
7fa44d4c7000-7fa44d5c7000 ---p 00028000 fd:00 87205364                   /cao/Softs/mentor/ams/JRE/v1.6.0_22/aol/lib/amd64/libjava.so
7fa44d5c7000-7fa44d5ce000 rwxp 00028000 fd:00 87205364                   /cao/Softs/mentor/ams/JRE/v1.6.0_22/aol/lib/amd64/libjava.so
7fa44d5ce000-7fa44d5db000 r-xp 00000000 fd:00 87205416                   /cao/Softs/mentor/ams/JRE/v1.6.0_22/aol/lib/amd64/libverify.so
7fa44d5db000-7fa44d6da000 ---p 0000d000 fd:00 87205416                   /cao/Softs/mentor/ams/JRE/v1.6.0_22/aol/lib/amd64/libverify.so
7fa44d6da000-7fa44d6dd000 rwxp 0000c000 fd:00 87205416                   /cao/Softs/mentor/ams/JRE/v1.6.0_22/aol/lib/amd64/libverify.so
7fa44d6dd000-7fa44d6e4000 r-xp 00000000 fd:00 268516909                  /usr/lib64/librt-2.17.so
7fa44d6e4000-7fa44d8e3000 ---p 00007000 fd:00 268516909                  /usr/lib64/librt-2.17.so
7fa44d8e3000-7fa44d8e4000 r-xp 00006000 fd:00 268516909                  /usr/lib64/librt-2.17.so
7fa44d8e4000-7fa44d8e5000 rwxp 00007000 fd:00 268516909                  /usr/lib64/librt-2.17.so
7fa44d8e5000-7fa44d8e9000 ---p 00000000 00:00 0 
7fa44d8e9000-7fa44d9e6000 rwxp 00000000 00:00 0 
7fa44d9e6000-7fa44dae7000 r-xp 00000000 fd:00 268516887                  /usr/lib64/libm-2.17.so
7fa44dae7000-7fa44dce6000 ---p 00101000 fd:00 268516887                  /usr/lib64/libm-2.17.so
7fa44dce6000-7fa44dce7000 r-xp 00100000 fd:00 268516887                  /usr/lib64/libm-2.17.so
7fa44dce7000-7fa44dce8000 rwxp 00101000 fd:00 268516887                  /usr/lib64/libm-2.17.so
7fa44dce8000-7fa44e4c2000 r-xp 00000000 fd:00 87205348                   /cao/Softs/mentor/ams/JRE/v1.6.0_22/aol/lib/amd64/server/libjvm.so
7fa44e4c2000-7fa44e5c4000 ---p 007da000 fd:00 87205348                   /cao/Softs/mentor/ams/JRE/v1.6.0_22/aol/lib/amd64/server/libjvm.so
7fa44e5c4000-7fa44e755000 rwxp 007dc000 fd:00 87205348                   /cao/Softs/mentor/ams/JRE/v1.6.0_22/aol/lib/amd64/server/libjvm.so
7fa44e755000-7fa44e790000 rwxp 00000000 00:00 0 
7fa44e790000-7fa44e953000 r-xp 00000000 fd:00 268516879                  /usr/lib64/libc-2.17.so
7fa44e953000-7fa44eb53000 ---p 001c3000 fd:00 268516879                  /usr/lib64/libc-2.17.so
7fa44eb53000-7fa44eb57000 r-xp 001c3000 fd:00 268516879                  /usr/lib64/libc-2.17.so
7fa44eb57000-7fa44eb59000 rwxp 001c7000 fd:00 268516879                  /usr/lib64/libc-2.17.so
7fa44eb59000-7fa44eb5e000 rwxp 00000000 00:00 0 
7fa44eb5e000-7fa44eb60000 r-xp 00000000 fd:00 268516885                  /usr/lib64/libdl-2.17.so
7fa44eb60000-7fa44ed60000 ---p 00002000 fd:00 268516885                  /usr/lib64/libdl-2.17.so
7fa44ed60000-7fa44ed61000 r-xp 00002000 fd:00 268516885                  /usr/lib64/libdl-2.17.so
7fa44ed61000-7fa44ed62000 rwxp 00003000 fd:00 268516885                  /usr/lib64/libdl-2.17.so
7fa44ed62000-7fa44ed79000 r-xp 00000000 fd:00 268516905                  /usr/lib64/libpthread-2.17.so
7fa44ed79000-7fa44ef78000 ---p 00017000 fd:00 268516905                  /usr/lib64/libpthread-2.17.so
7fa44ef78000-7fa44ef79000 r-xp 00016000 fd:00 268516905                  /usr/lib64/libpthread-2.17.so
7fa44ef79000-7fa44ef7a000 rwxp 00017000 fd:00 268516905                  /usr/lib64/libpthread-2.17.so
7fa44ef7a000-7fa44ef7e000 rwxp 00000000 00:00 0 
7fa44ef7e000-7fa44efa0000 r-xp 00000000 fd:00 268516872                  /usr/lib64/ld-2.17.so
7fa44efc5000-7fa44efcf000 rwxp 00000000 00:00 0 
7fa44efcf000-7fa44f085000 rwxp 00000000 00:00 0 
7fa44f085000-7fa44f08d000 rwxs 00000000 fd:00 364965200                  /tmp/hsperfdata_filip/134612
7fa44f08d000-7fa44f08e000 rwxp 00000000 00:00 0 
7fa44f08e000-7fa44f08f000 r-xp 00000000 00:00 0 
7fa44f08f000-7fa44f093000 rwxp 00000000 00:00 0 
7fa44f093000-7fa44f09a000 r-xp 00000000 fd:00 352390253                  /cao/Softs/mentor/ams/JRE/v1.6.0_22/aol/lib/amd64/jli/libjli.so
7fa44f09a000-7fa44f19b000 ---p 00007000 fd:00 352390253                  /cao/Softs/mentor/ams/JRE/v1.6.0_22/aol/lib/amd64/jli/libjli.so
7fa44f19b000-7fa44f19d000 rwxp 00008000 fd:00 352390253                  /cao/Softs/mentor/ams/JRE/v1.6.0_22/aol/lib/amd64/jli/libjli.so
7fa44f19d000-7fa44f19f000 rwxp 00000000 00:00 0 
7fa44f19f000-7fa44f1a0000 r-xp 00021000 fd:00 268516872                  /usr/lib64/ld-2.17.so
7fa44f1a0000-7fa44f1a1000 rwxp 00022000 fd:00 268516872                  /usr/lib64/ld-2.17.so
7fa44f1a1000-7fa44f1a2000 rwxp 00000000 00:00 0 
7ffea625a000-7ffea627e000 rwxp 00000000 00:00 0                          [stack]
7ffea6315000-7ffea6317000 r-xp 00000000 00:00 0                          [vdso]
ffffffffff600000-ffffffffff601000 r-xp 00000000 00:00 0                  [vsyscall]

VM Arguments:
jvm_args: -DMGC_TMPDIR=/tmp -DAMS_WDBSERVER_INFO=/home/filip/.ezwave/jwdbserver.info -DAMS_WDBSERVER_TIMEOUT=60 -DEZ_HOME=/home/filip -DMGC_AMS_HOME=/cao/Softs/mentor/ams -DAMS_VCO=aol -Djava.library.path=/cao/Softs/mentor/ams/aol/lib/lib -Xrs -Xms32000M -Xmx32000M -XX:MaxPermSize=512m -XX:+UseConcMarkSweepGC -XX:+UseParNewGC -XX:+CMSParallelRemarkEnabled -XX:CMSInitiatingOccupancyFraction=30 -XX:+UseCMSInitiatingOccupancyOnly -XX:-UseGCOverheadLimit -XX:+UseStringCache -XX:+OptimizeStringConcat -XX:+UseCompressedOops 
java_command: /cao/Softs/mentor/ams/aol/lib/wdbserver.jar
Launcher Type: SUN_STANDARD

Environment Variables:
PATH=/cao/Softs/mentor/ams/bin:/cao/Softs/mentor/ams/devenv_tools/x86_64/2.6.18.128.el5/bin:/cao/Softs/mentor/ams/modeltech/linux_x86_64:~/miniconda3/envs/mycondaenv/bin:/home/filip/miniconda3/envs/mycondaenv/bin:/home/filip/miniconda3/condabin:/home/filip/.local/bin:/cao/DK/ST/HCMOS9A_10.9/PDK_STM_hcmos9lp_HV_M4_5V0/10.9-10/bin:/cao/DK/ST/HCMOS9A_10.9/UnicadKernel/5.0.a-00/bin:/usr/local/bin:/bin:/usr/bin:/usr/local/sbin:/usr/sbin:/cao/DK/ST/HCMOS9A_10.9/Addon_NVM_H9A@2018.4.1/bin:/cao/Softs/cadence/SPECTRE191/tools/bin:/cao/Softs/cadence/SPECTRE191/bin:/cao/Softs/cadence/INNOVUS162/bin:/cao/Softs/mentor/ams/bin:/cao/Softs/cadence/IC617/bin:/cao/Softs/cadence/IC617/tools/bin:/cao/Softs/cadence/IC617/tools/dfII/bin:/cad/cdspvs15_23_000/tools/bin:/cad/cdspvs15_23_000/bin:/cad/cdsext17_10_000/tools/bin:/cad/cdsext17_10_000/bin:/cao/Softs/mentor/calibre/aoj_cal_2019.1_37.21/bin:/cad/hspicevN2017_12_2/hspice/bin:/cad/starrcxt_vM2016_12_SP3/amd64_starrc/bin:/cao/Softs/cadence/INNOVUS162/bin:/cao/Softs/cadence/SPECTRE191/tools/bin:/cao/Softs/cadence/INNOVUS162/bin:/cao/Softs/cadence/SPECTRE191/tools/bin:/cao/Softs/cadence/INNOVUS162/bin:/cao/Softs/cadence/SPECTRE191/tools/bin:/cao/Softs/cadence/INNOVUS162/bin:/cao/Softs/cadence/SPECTRE191/tools/bin:/cao/Softs/cadence/INNOVUS162/bin:/cao/Softs/cadence/SPECTRE191/tools/bin
LD_LIBRARY_PATH=/cao/Softs/mentor/ams/JRE/v1.6.0_22/aol/lib/amd64/server:/cao/Softs/mentor/ams/JRE/v1.6.0_22/aol/lib/amd64:/cao/Softs/mentor/ams/JRE/v1.6.0_22/aol/../lib/amd64:/cao/Softs/mentor/ams/devenv_tools/x86_64/2.6.18.128.el5/lib64:/cao/Softs/mentor/ams/devenv_tools/x86_64/2.6.18.128.el5/lib64:/cao/Softs/mentor/ams/devenv_tools/x86_64/2.6.18.128.el5/lib:/cao/Softs/mentor/ams/devenv_tools/x86_64/2.6.18.128.el5/lib:/lib64:/cao/Softs/mentor/ams/modeltech/linux_x86_64:/cao/Softs/mentor/ams/aol/lib:/cao/Softs/cadence/IC617/tools/lib
SHELL=/bin/bash
DISPLAY=:2
HOSTTYPE=x86_64-linux
OSTYPE=linux
MACHTYPE=x86_64

Signal Handlers:
SIGSEGV: [libjvm.so+0x731250], sa_mask[0]=0x7ffbfeff, sa_flags=0x10000004
SIGBUS: [libjvm.so+0x731250], sa_mask[0]=0x7ffbfeff, sa_flags=0x10000004
SIGFPE: [libjvm.so+0x5f5e30], sa_mask[0]=0x7ffbfeff, sa_flags=0x10000004
SIGPIPE: [libjvm.so+0x5f5e30], sa_mask[0]=0x7ffbfeff, sa_flags=0x10000004
SIGXFSZ: [libjvm.so+0x5f5e30], sa_mask[0]=0x7ffbfeff, sa_flags=0x10000004
SIGILL: [libjvm.so+0x5f5e30], sa_mask[0]=0x7ffbfeff, sa_flags=0x10000004
SIGUSR1: SIG_DFL, sa_mask[0]=0x00000000, sa_flags=0x00000000
SIGUSR2: [libjvm.so+0x5f8650], sa_mask[0]=0x00000000, sa_flags=0x10000004
SIGHUP: SIG_DFL, sa_mask[0]=0x00000000, sa_flags=0x00000000
SIGINT: SIG_IGN, sa_mask[0]=0x00000000, sa_flags=0x00000000
SIGTERM: SIG_DFL, sa_mask[0]=0x00000000, sa_flags=0x00000000
SIGQUIT: SIG_DFL, sa_mask[0]=0x00000000, sa_flags=0x00000000


---------------  S Y S T E M  ---------------

OS:CentOS Linux release 7.8.2003 (Core)

uname:Linux 3.10.0-1127.19.1.el7.x86_64 #1 SMP Tue Aug 25 17:23:54 UTC 2020 x86_64
libc:glibc 2.17 NPTL 2.17 
rlimit: STACK 10240k, CORE 0k, NPROC 4096, NOFILE 4096, AS infinity
load average:12.81 15.55 16.26

CPU:total 72 (32 cores per cpu, 2 threads per core) family 6 model 85 stepping 7, cmov, cx8, fxsr, mmx, sse, sse2, sse3, ssse3, sse4.1, sse4.2, popcnt, ht

Memory: 4k page, physical 97402164k(13867060k free), swap 4194300k(516k free)

vm_info: Java HotSpot(TM) 64-Bit Server VM (17.1-b03) for linux-amd64 JRE (1.6.0_22-b04), built on Sep 15 2010 01:07:59 by "java_re" with gcc 3.2.2 (SuSE Linux)

time: Tue Apr 15 12:27:34 2025
elapsed time: 0 seconds

