#
# A fatal error has been detected by the Java Runtime Environment:
#
# java.lang.OutOfMemoryError: Cannot create worker GC thread. Out of system resources.
#
#  Internal Error (workgroup.cpp:73), pid=189075, tid=140004557883136
#  Error: Cannot create worker GC thread. Out of system resources.
#
# JRE version: 6.0_22-b04
# Java VM: Java HotSpot(TM) 64-Bit Server VM (17.1-b03 mixed mode linux-amd64 compressed oops)
# If you would like to submit a bug report, please visit:
#   http://java.sun.com/webapps/bugreport/crash.jsp
#

---------------  T H R E A D  ---------------

Current thread (0x00007f5554007800):  JavaThread "Unknown thread" [_thread_in_vm, id=189076, stack(0x00007f5559e09000,0x00007f5559f09000)]

Stack: [0x00007f5559e09000,0x00007f5559f09000],  sp=0x00007f5559f079e0,  free space=3fa0000000000000018k
Native frames: (J=compiled Java code, j=interpreted, Vv=VM code, C=native code)
V  [libjvm.so+0x7306a0]
V  [libjvm.so+0x2f31e8]
V  [libjvm.so+0x744eba]
V  [libjvm.so+0x666647]
V  [libjvm.so+0x37a49c]
V  [libjvm.so+0x70a2fb]
V  [libjvm.so+0x709c7a]
V  [libjvm.so+0x3b5690]
V  [libjvm.so+0x6f1d5f]
V  [libjvm.so+0x420060]


---------------  P R O C E S S  ---------------

Java Threads: ( => current thread )

Other Threads:

=>0x00007f5554007800 (exited) JavaThread "Unknown thread" [_thread_in_vm, id=189076, stack(0x00007f5559e09000,0x00007f5559f09000)]

VM state:not at safepoint (not fully initialized)

VM Mutex/Monitor currently owned by a thread: None

Dynamic libraries:
40000000-40009000 r-xp 00000000 fd:00 647108122                          /cao/Softs/mentor/ams/JRE/v1.6.0_22/aol/bin/java
40108000-4010a000 rwxp 00008000 fd:00 647108122                          /cao/Softs/mentor/ams/JRE/v1.6.0_22/aol/bin/java
415fa000-4161b000 rwxp 00000000 00:00 0                                  [heap]
7f553c000000-7f553c021000 rwxp 00000000 00:00 0 
7f553c021000-7f5540000000 ---p 00000000 00:00 0 
7f5540000000-7f5540021000 rwxp 00000000 00:00 0 
7f5540021000-7f5544000000 ---p 00000000 00:00 0 
7f5544000000-7f5544021000 rwxp 00000000 00:00 0 
7f5544021000-7f5548000000 ---p 00000000 00:00 0 
7f5548000000-7f5548021000 rwxp 00000000 00:00 0 
7f5548021000-7f554c000000 ---p 00000000 00:00 0 
7f554c000000-7f554c021000 rwxp 00000000 00:00 0 
7f554c021000-7f5550000000 ---p 00000000 00:00 0 
7f5551000000-7f5551270000 rwxp 00000000 00:00 0 
7f5551270000-7f5554022000 rwxp 00000000 00:00 0 
7f5554022000-7f5558000000 ---p 00000000 00:00 0 
7f5558d70000-7f5558d71000 ---p 00000000 00:00 0 
7f5558d71000-7f5558e71000 rwxp 00000000 00:00 0 
7f5558e71000-7f5558e72000 ---p 00000000 00:00 0 
7f5558e72000-7f5558f72000 rwxp 00000000 00:00 0 
7f5558f72000-7f5558f73000 ---p 00000000 00:00 0 
7f5558f73000-7f5559073000 rwxp 00000000 00:00 0 
7f5559073000-7f5559074000 ---p 00000000 00:00 0 
7f5559074000-7f5559174000 rwxp 00000000 00:00 0 
7f5559174000-7f5559175000 ---p 00000000 00:00 0 
7f5559175000-7f5559275000 rwxp 00000000 00:00 0 
7f5559275000-7f5559276000 ---p 00000000 00:00 0 
7f5559276000-7f5559376000 rwxp 00000000 00:00 0 
7f5559376000-7f5559384000 r-xp 00000000 fd:00 87205417                   /cao/Softs/mentor/ams/JRE/v1.6.0_22/aol/lib/amd64/libzip.so
7f5559384000-7f5559486000 ---p 0000e000 fd:00 87205417                   /cao/Softs/mentor/ams/JRE/v1.6.0_22/aol/lib/amd64/libzip.so
7f5559486000-7f5559489000 rwxp 00010000 fd:00 87205417                   /cao/Softs/mentor/ams/JRE/v1.6.0_22/aol/lib/amd64/libzip.so
7f5559489000-7f555948a000 rwxp 00000000 00:00 0 
7f555948a000-7f5559496000 r-xp 00000000 fd:00 268516897                  /usr/lib64/libnss_files-2.17.so
7f5559496000-7f5559695000 ---p 0000c000 fd:00 268516897                  /usr/lib64/libnss_files-2.17.so
7f5559695000-7f5559696000 r-xp 0000b000 fd:00 268516897                  /usr/lib64/libnss_files-2.17.so
7f5559696000-7f5559697000 rwxp 0000c000 fd:00 268516897                  /usr/lib64/libnss_files-2.17.so
7f5559697000-7f555969d000 rwxp 00000000 00:00 0 
7f555969d000-7f55596a4000 r-xp 00000000 fd:00 87205346                   /cao/Softs/mentor/ams/JRE/v1.6.0_22/aol/lib/amd64/native_threads/libhpi.so
7f55596a4000-7f55597a5000 ---p 00007000 fd:00 87205346                   /cao/Softs/mentor/ams/JRE/v1.6.0_22/aol/lib/amd64/native_threads/libhpi.so
7f55597a5000-7f55597a7000 rwxp 00008000 fd:00 87205346                   /cao/Softs/mentor/ams/JRE/v1.6.0_22/aol/lib/amd64/native_threads/libhpi.so
7f55597a7000-7f55597a8000 rwxp 00000000 00:00 0 
7f55597a8000-7f55597bf000 r-xp 00000000 fd:00 268516889                  /usr/lib64/libnsl-2.17.so
7f55597bf000-7f55599be000 ---p 00017000 fd:00 268516889                  /usr/lib64/libnsl-2.17.so
7f55599be000-7f55599bf000 r-xp 00016000 fd:00 268516889                  /usr/lib64/libnsl-2.17.so
7f55599bf000-7f55599c0000 rwxp 00017000 fd:00 268516889                  /usr/lib64/libnsl-2.17.so
7f55599c0000-7f55599c2000 rwxp 00000000 00:00 0 
7f55599c2000-7f55599ea000 r-xp 00000000 fd:00 87205364                   /cao/Softs/mentor/ams/JRE/v1.6.0_22/aol/lib/amd64/libjava.so
7f55599ea000-7f5559aea000 ---p 00028000 fd:00 87205364                   /cao/Softs/mentor/ams/JRE/v1.6.0_22/aol/lib/amd64/libjava.so
7f5559aea000-7f5559af1000 rwxp 00028000 fd:00 87205364                   /cao/Softs/mentor/ams/JRE/v1.6.0_22/aol/lib/amd64/libjava.so
7f5559af1000-7f5559afe000 r-xp 00000000 fd:00 87205416                   /cao/Softs/mentor/ams/JRE/v1.6.0_22/aol/lib/amd64/libverify.so
7f5559afe000-7f5559bfd000 ---p 0000d000 fd:00 87205416                   /cao/Softs/mentor/ams/JRE/v1.6.0_22/aol/lib/amd64/libverify.so
7f5559bfd000-7f5559c00000 rwxp 0000c000 fd:00 87205416                   /cao/Softs/mentor/ams/JRE/v1.6.0_22/aol/lib/amd64/libverify.so
7f5559c00000-7f5559c07000 r-xp 00000000 fd:00 268516909                  /usr/lib64/librt-2.17.so
7f5559c07000-7f5559e06000 ---p 00007000 fd:00 268516909                  /usr/lib64/librt-2.17.so
7f5559e06000-7f5559e07000 r-xp 00006000 fd:00 268516909                  /usr/lib64/librt-2.17.so
7f5559e07000-7f5559e08000 rwxp 00007000 fd:00 268516909                  /usr/lib64/librt-2.17.so
7f5559e08000-7f5559e0c000 ---p 00000000 00:00 0 
7f5559e0c000-7f5559f09000 rwxp 00000000 00:00 0 
7f5559f09000-7f555a00a000 r-xp 00000000 fd:00 268516887                  /usr/lib64/libm-2.17.so
7f555a00a000-7f555a209000 ---p 00101000 fd:00 268516887                  /usr/lib64/libm-2.17.so
7f555a209000-7f555a20a000 r-xp 00100000 fd:00 268516887                  /usr/lib64/libm-2.17.so
7f555a20a000-7f555a20b000 rwxp 00101000 fd:00 268516887                  /usr/lib64/libm-2.17.so
7f555a20b000-7f555a9e5000 r-xp 00000000 fd:00 87205348                   /cao/Softs/mentor/ams/JRE/v1.6.0_22/aol/lib/amd64/server/libjvm.so
7f555a9e5000-7f555aae7000 ---p 007da000 fd:00 87205348                   /cao/Softs/mentor/ams/JRE/v1.6.0_22/aol/lib/amd64/server/libjvm.so
7f555aae7000-7f555ac78000 rwxp 007dc000 fd:00 87205348                   /cao/Softs/mentor/ams/JRE/v1.6.0_22/aol/lib/amd64/server/libjvm.so
7f555ac78000-7f555acb3000 rwxp 00000000 00:00 0 
7f555acb3000-7f555ae76000 r-xp 00000000 fd:00 268516879                  /usr/lib64/libc-2.17.so
7f555ae76000-7f555b076000 ---p 001c3000 fd:00 268516879                  /usr/lib64/libc-2.17.so
7f555b076000-7f555b07a000 r-xp 001c3000 fd:00 268516879                  /usr/lib64/libc-2.17.so
7f555b07a000-7f555b07c000 rwxp 001c7000 fd:00 268516879                  /usr/lib64/libc-2.17.so
7f555b07c000-7f555b081000 rwxp 00000000 00:00 0 
7f555b081000-7f555b083000 r-xp 00000000 fd:00 268516885                  /usr/lib64/libdl-2.17.so
7f555b083000-7f555b283000 ---p 00002000 fd:00 268516885                  /usr/lib64/libdl-2.17.so
7f555b283000-7f555b284000 r-xp 00002000 fd:00 268516885                  /usr/lib64/libdl-2.17.so
7f555b284000-7f555b285000 rwxp 00003000 fd:00 268516885                  /usr/lib64/libdl-2.17.so
7f555b285000-7f555b29c000 r-xp 00000000 fd:00 268516905                  /usr/lib64/libpthread-2.17.so
7f555b29c000-7f555b49b000 ---p 00017000 fd:00 268516905                  /usr/lib64/libpthread-2.17.so
7f555b49b000-7f555b49c000 r-xp 00016000 fd:00 268516905                  /usr/lib64/libpthread-2.17.so
7f555b49c000-7f555b49d000 rwxp 00017000 fd:00 268516905                  /usr/lib64/libpthread-2.17.so
7f555b49d000-7f555b4a1000 rwxp 00000000 00:00 0 
7f555b4a1000-7f555b4c3000 r-xp 00000000 fd:00 268516872                  /usr/lib64/ld-2.17.so
7f555b4e8000-7f555b4f2000 rwxp 00000000 00:00 0 
7f555b4f2000-7f555b5a8000 rwxp 00000000 00:00 0 
7f555b5a8000-7f555b5b0000 rwxs 00000000 fd:00 364971531                  /tmp/hsperfdata_filip/189075
7f555b5b0000-7f555b5b1000 rwxp 00000000 00:00 0 
7f555b5b1000-7f555b5b2000 r-xp 00000000 00:00 0 
7f555b5b2000-7f555b5b6000 rwxp 00000000 00:00 0 
7f555b5b6000-7f555b5bd000 r-xp 00000000 fd:00 352390253                  /cao/Softs/mentor/ams/JRE/v1.6.0_22/aol/lib/amd64/jli/libjli.so
7f555b5bd000-7f555b6be000 ---p 00007000 fd:00 352390253                  /cao/Softs/mentor/ams/JRE/v1.6.0_22/aol/lib/amd64/jli/libjli.so
7f555b6be000-7f555b6c0000 rwxp 00008000 fd:00 352390253                  /cao/Softs/mentor/ams/JRE/v1.6.0_22/aol/lib/amd64/jli/libjli.so
7f555b6c0000-7f555b6c2000 rwxp 00000000 00:00 0 
7f555b6c2000-7f555b6c3000 r-xp 00021000 fd:00 268516872                  /usr/lib64/ld-2.17.so
7f555b6c3000-7f555b6c4000 rwxp 00022000 fd:00 268516872                  /usr/lib64/ld-2.17.so
7f555b6c4000-7f555b6c5000 rwxp 00000000 00:00 0 
7ffe79a33000-7ffe79a5d000 rwxp 00000000 00:00 0                          [stack]
7ffe79b27000-7ffe79b29000 r-xp 00000000 00:00 0                          [vdso]
ffffffffff600000-ffffffffff601000 r-xp 00000000 00:00 0                  [vsyscall]

VM Arguments:
jvm_args: -DMGC_TMPDIR=/tmp -DAMS_WDBSERVER_INFO=/home/filip/.ezwave/jwdbserver.info -DAMS_WDBSERVER_TIMEOUT=60 -DEZ_HOME=/home/filip -DMGC_AMS_HOME=/cao/Softs/mentor/ams -DAMS_VCO=aol -Djava.library.path=/cao/Softs/mentor/ams/aol/lib/lib -Xrs -Xms32000M -Xmx32000M -XX:MaxPermSize=512m -XX:+UseConcMarkSweepGC -XX:+UseParNewGC -XX:+CMSParallelRemarkEnabled -XX:CMSInitiatingOccupancyFraction=30 -XX:+UseCMSInitiatingOccupancyOnly -XX:-UseGCOverheadLimit -XX:+UseStringCache -XX:+OptimizeStringConcat -XX:+UseCompressedOops 
java_command: /cao/Softs/mentor/ams/aol/lib/wdbserver.jar
Launcher Type: SUN_STANDARD

Environment Variables:
LD_LIBRARY_PATH=/cao/Softs/mentor/ams/JRE/v1.6.0_22/aol/lib/amd64/server:/cao/Softs/mentor/ams/JRE/v1.6.0_22/aol/lib/amd64:/cao/Softs/mentor/ams/JRE/v1.6.0_22/aol/../lib/amd64:/cao/Softs/mentor/ams/devenv_tools/x86_64/2.6.18.128.el5/lib64:/cao/Softs/mentor/ams/devenv_tools/x86_64/2.6.18.128.el5/lib64:/cao/Softs/mentor/ams/devenv_tools/x86_64/2.6.18.128.el5/lib:/cao/Softs/mentor/ams/devenv_tools/x86_64/2.6.18.128.el5/lib:/lib64:/cao/Softs/mentor/ams/modeltech/linux_x86_64:/cao/Softs/mentor/ams/aol/lib:/cao/Softs/cadence/IC617/tools/lib
SHELL=/bin/bash
DISPLAY=:2
HOSTTYPE=x86_64-linux
OSTYPE=linux
MACHTYPE=x86_64

Signal Handlers:
SIGSEGV: [libjvm.so+0x731250], sa_mask[0]=0x7ffbfeff, sa_flags=0x10000004
SIGBUS: [libjvm.so+0x731250], sa_mask[0]=0x7ffbfeff, sa_flags=0x10000004
SIGFPE: [libjvm.so+0x5f5e30], sa_mask[0]=0x7ffbfeff, sa_flags=0x10000004
SIGPIPE: [libjvm.so+0x5f5e30], sa_mask[0]=0x7ffbfeff, sa_flags=0x10000004
SIGXFSZ: [libjvm.so+0x5f5e30], sa_mask[0]=0x7ffbfeff, sa_flags=0x10000004
SIGILL: [libjvm.so+0x5f5e30], sa_mask[0]=0x7ffbfeff, sa_flags=0x10000004
SIGUSR1: SIG_DFL, sa_mask[0]=0x00000000, sa_flags=0x00000000
SIGUSR2: [libjvm.so+0x5f8650], sa_mask[0]=0x00000000, sa_flags=0x10000004
SIGHUP: SIG_DFL, sa_mask[0]=0x00000000, sa_flags=0x00000000
SIGINT: SIG_IGN, sa_mask[0]=0x00000000, sa_flags=0x00000000
SIGTERM: SIG_DFL, sa_mask[0]=0x00000000, sa_flags=0x00000000
SIGQUIT: SIG_DFL, sa_mask[0]=0x00000000, sa_flags=0x00000000


---------------  S Y S T E M  ---------------

OS:CentOS Linux release 7.8.2003 (Core)

uname:Linux 3.10.0-1127.19.1.el7.x86_64 #1 SMP Tue Aug 25 17:23:54 UTC 2020 x86_64
libc:glibc 2.17 NPTL 2.17 
rlimit: STACK 10240k, CORE 0k, NPROC 4096, NOFILE 4096, AS infinity
load average:18.52 18.15 14.55

CPU:total 72 (32 cores per cpu, 2 threads per core) family 6 model 85 stepping 7, cmov, cx8, fxsr, mmx, sse, sse2, sse3, ssse3, sse4.1, sse4.2, popcnt, ht

Memory: 4k page, physical 97402164k(340712k free), swap 4194300k(3426556k free)

vm_info: Java HotSpot(TM) 64-Bit Server VM (17.1-b03) for linux-amd64 JRE (1.6.0_22-b04), built on Sep 15 2010 01:07:59 by "java_re" with gcc 3.2.2 (SuSE Linux)

time: Mon Feb 17 15:23:07 2025
elapsed time: 0 seconds

