#
# A fatal error has been detected by the Java Runtime Environment:
#
# java.lang.OutOfMemoryError: Cannot create worker GC thread. Out of system resources.
#
#  Internal Error (yieldingWorkgroup.cpp:53), pid=91291, tid=140472645035776
#  Error: Cannot create worker GC thread. Out of system resources.
#
# JRE version: 6.0_22-b04
# Java VM: Java HotSpot(TM) 64-Bit Server VM (17.1-b03 mixed mode linux-amd64 compressed oops)
# If you would like to submit a bug report, please visit:
#   http://java.sun.com/webapps/bugreport/crash.jsp
#

---------------  T H R E A D  ---------------

Current thread (0x00007fc250007800):  JavaThread "Unknown thread" [_thread_in_vm, id=91306, stack(0x00007fc2560bb000,0x00007fc2561bb000)]

Stack: [0x00007fc2560bb000,0x00007fc2561bb000],  sp=0x00007fc2561b97e0,  free space=3f90000000000000018k
Native frames: (J=compiled Java code, j=interpreted, Vv=VM code, C=native code)
V  [libjvm.so+0x7306a0]
V  [libjvm.so+0x2f31e8]
V  [libjvm.so+0x747e86]
V  [libjvm.so+0x2d0358]
V  [libjvm.so+0x37a9fa]
V  [libjvm.so+0x70a129]
V  [libjvm.so+0x709c7a]
V  [libjvm.so+0x3b5690]
V  [libjvm.so+0x6f1d5f]
V  [libjvm.so+0x420060]


---------------  P R O C E S S  ---------------

Java Threads: ( => current thread )

Other Threads:

=>0x00007fc250007800 (exited) JavaThread "Unknown thread" [_thread_in_vm, id=91306, stack(0x00007fc2560bb000,0x00007fc2561bb000)]

VM state:not at safepoint (not fully initialized)

VM Mutex/Monitor currently owned by a thread: None

Dynamic libraries:
40000000-40009000 r-xp 00000000 fd:00 647108122                          /cao/Softs/mentor/ams/JRE/v1.6.0_22/aol/bin/java
40108000-4010a000 rwxp 00008000 fd:00 647108122                          /cao/Softs/mentor/ams/JRE/v1.6.0_22/aol/bin/java
41f01000-41f22000 rwxp 00000000 00:00 0                                  [heap]
7fb960000000-7fb960021000 rwxp 00000000 00:00 0 
7fb960021000-7fb964000000 ---p 00000000 00:00 0 
7fb964000000-7fb964021000 rwxp 00000000 00:00 0 
7fb964021000-7fb968000000 ---p 00000000 00:00 0 
7fb968000000-7fb968021000 rwxp 00000000 00:00 0 
7fb968021000-7fb96c000000 ---p 00000000 00:00 0 
7fb96e6c8000-7fb96e6c9000 ---p 00000000 00:00 0 
7fb96e6c9000-7fb997efa000 rwxp 00000000 00:00 0 
7fb997efa000-7fb997fef000 rwxp 00000000 00:00 0 
7fb997fef000-7fb997ff0000 rwxp 00000000 00:00 0 
7fb997ff0000-7fb998000000 ---p 00000000 00:00 0 
7fb998000000-7fc1694c0000 rwxp 00000000 00:00 0 
7fc1694c0000-7fc188021000 rwxp 00000000 00:00 0 
7fc188021000-7fc18c000000 ---p 00000000 00:00 0 
7fc18c000000-7fc18c021000 rwxp 00000000 00:00 0 
7fc18c021000-7fc190000000 ---p 00000000 00:00 0 
7fc190000000-7fc190021000 rwxp 00000000 00:00 0 
7fc190021000-7fc194000000 ---p 00000000 00:00 0 
7fc194000000-7fc194021000 rwxp 00000000 00:00 0 
7fc194021000-7fc198000000 ---p 00000000 00:00 0 
7fc198000000-7fc198021000 rwxp 00000000 00:00 0 
7fc198021000-7fc19c000000 ---p 00000000 00:00 0 
7fc19c000000-7fc19c021000 rwxp 00000000 00:00 0 
7fc19c021000-7fc1a0000000 ---p 00000000 00:00 0 
7fc1a0000000-7fc1a0021000 rwxp 00000000 00:00 0 
7fc1a0021000-7fc1a4000000 ---p 00000000 00:00 0 
7fc1a4000000-7fc1a4021000 rwxp 00000000 00:00 0 
7fc1a4021000-7fc1a8000000 ---p 00000000 00:00 0 
7fc1a8000000-7fc1a8021000 rwxp 00000000 00:00 0 
7fc1a8021000-7fc1ac000000 ---p 00000000 00:00 0 
7fc1ac000000-7fc1ac021000 rwxp 00000000 00:00 0 
7fc1ac021000-7fc1b0000000 ---p 00000000 00:00 0 
7fc1b0000000-7fc1b0021000 rwxp 00000000 00:00 0 
7fc1b0021000-7fc1b4000000 ---p 00000000 00:00 0 
7fc1b40c1000-7fc1b40c2000 ---p 00000000 00:00 0 
7fc1b40c2000-7fc1b41c2000 rwxp 00000000 00:00 0 
7fc1b41c2000-7fc1b41c3000 ---p 00000000 00:00 0 
7fc1b41c3000-7fc1b42c3000 rwxp 00000000 00:00 0 
7fc1b42c3000-7fc1b42c4000 ---p 00000000 00:00 0 
7fc1b42c4000-7fc1b43cf000 rwxp 00000000 00:00 0 
7fc1b43cf000-7fc1b44c5000 rwxp 00000000 00:00 0 
7fc1b44c5000-7fc1b74f5000 rwxp 00000000 00:00 0 
7fc1b74f5000-7fc1b74f6000 ---p 00000000 00:00 0 
7fc1b74f6000-7fc1b75f6000 rwxp 00000000 00:00 0 
7fc1b75f6000-7fc1b75f7000 ---p 00000000 00:00 0 
7fc1b75f7000-7fc1b76f7000 rwxp 00000000 00:00 0 
7fc1b76f7000-7fc1b76f8000 ---p 00000000 00:00 0 
7fc1b76f8000-7fc1b77f8000 rwxp 00000000 00:00 0 
7fc1b77f8000-7fc1b77f9000 ---p 00000000 00:00 0 
7fc1b77f9000-7fc1b78f9000 rwxp 00000000 00:00 0 
7fc1b78f9000-7fc1b78fa000 ---p 00000000 00:00 0 
7fc1b78fa000-7fc1b79fa000 rwxp 00000000 00:00 0 
7fc1b79fa000-7fc1b79fb000 ---p 00000000 00:00 0 
7fc1b79fb000-7fc1b7afb000 rwxp 00000000 00:00 0 
7fc1b7afb000-7fc1b7afc000 ---p 00000000 00:00 0 
7fc1b7afc000-7fc1b7bfc000 rwxp 00000000 00:00 0 
7fc1b7bfc000-7fc1b7bfd000 ---p 00000000 00:00 0 
7fc1b7bfd000-7fc1b7cfd000 rwxp 00000000 00:00 0 
7fc1b7cfd000-7fc1b7cfe000 ---p 00000000 00:00 0 
7fc1b7cfe000-7fc1b7dfe000 rwxp 00000000 00:00 0 
7fc1b7dfe000-7fc1b7dff000 ---p 00000000 00:00 0 
7fc1b7dff000-7fc1b7eff000 rwxp 00000000 00:00 0 
7fc1b7eff000-7fc1b7f00000 ---p 00000000 00:00 0 
7fc1b7f00000-7fc1b8000000 rwxp 00000000 00:00 0 
7fc1b8000000-7fc1b8021000 rwxp 00000000 00:00 0 
7fc1b8021000-7fc1bc000000 ---p 00000000 00:00 0 
7fc1bc000000-7fc1bc021000 rwxp 00000000 00:00 0 
7fc1bc021000-7fc1c0000000 ---p 00000000 00:00 0 
7fc1c0000000-7fc1c0021000 rwxp 00000000 00:00 0 
7fc1c0021000-7fc1c4000000 ---p 00000000 00:00 0 
7fc1c4000000-7fc1c4021000 rwxp 00000000 00:00 0 
7fc1c4021000-7fc1c8000000 ---p 00000000 00:00 0 
7fc1c8000000-7fc1c8021000 rwxp 00000000 00:00 0 
7fc1c8021000-7fc1cc000000 ---p 00000000 00:00 0 
7fc1cc000000-7fc1cc021000 rwxp 00000000 00:00 0 
7fc1cc021000-7fc1d0000000 ---p 00000000 00:00 0 
7fc1d0000000-7fc1d0021000 rwxp 00000000 00:00 0 
7fc1d0021000-7fc1d4000000 ---p 00000000 00:00 0 
7fc1d4000000-7fc1d4021000 rwxp 00000000 00:00 0 
7fc1d4021000-7fc1d8000000 ---p 00000000 00:00 0 
7fc1d8000000-7fc1d8021000 rwxp 00000000 00:00 0 
7fc1d8021000-7fc1dc000000 ---p 00000000 00:00 0 
7fc1dc000000-7fc1dc021000 rwxp 00000000 00:00 0 
7fc1dc021000-7fc1e0000000 ---p 00000000 00:00 0 
7fc1e0000000-7fc1e0021000 rwxp 00000000 00:00 0 
7fc1e0021000-7fc1e4000000 ---p 00000000 00:00 0 
7fc1e4000000-7fc1e4021000 rwxp 00000000 00:00 0 
7fc1e4021000-7fc1e8000000 ---p 00000000 00:00 0 
7fc1e8000000-7fc1e8021000 rwxp 00000000 00:00 0 
7fc1e8021000-7fc1ec000000 ---p 00000000 00:00 0 
7fc1ec000000-7fc1ec021000 rwxp 00000000 00:00 0 
7fc1ec021000-7fc1f0000000 ---p 00000000 00:00 0 
7fc1f0000000-7fc1f0021000 rwxp 00000000 00:00 0 
7fc1f0021000-7fc1f4000000 ---p 00000000 00:00 0 
7fc1f4000000-7fc1f4021000 rwxp 00000000 00:00 0 
7fc1f4021000-7fc1f8000000 ---p 00000000 00:00 0 
7fc1f8000000-7fc1f8021000 rwxp 00000000 00:00 0 
7fc1f8021000-7fc1fc000000 ---p 00000000 00:00 0 
7fc1fc000000-7fc1fc021000 rwxp 00000000 00:00 0 
7fc1fc021000-7fc200000000 ---p 00000000 00:00 0 
7fc200000000-7fc200021000 rwxp 00000000 00:00 0 
7fc200021000-7fc204000000 ---p 00000000 00:00 0 
7fc204000000-7fc204021000 rwxp 00000000 00:00 0 
7fc204021000-7fc208000000 ---p 00000000 00:00 0 
7fc208000000-7fc208021000 rwxp 00000000 00:00 0 
7fc208021000-7fc20c000000 ---p 00000000 00:00 0 
7fc20c000000-7fc20c021000 rwxp 00000000 00:00 0 
7fc20c021000-7fc210000000 ---p 00000000 00:00 0 
7fc210000000-7fc210021000 rwxp 00000000 00:00 0 
7fc210021000-7fc214000000 ---p 00000000 00:00 0 
7fc214000000-7fc214021000 rwxp 00000000 00:00 0 
7fc214021000-7fc218000000 ---p 00000000 00:00 0 
7fc218000000-7fc218021000 rwxp 00000000 00:00 0 
7fc218021000-7fc21c000000 ---p 00000000 00:00 0 
7fc21c000000-7fc21c021000 rwxp 00000000 00:00 0 
7fc21c021000-7fc220000000 ---p 00000000 00:00 0 
7fc220000000-7fc220021000 rwxp 00000000 00:00 0 
7fc220021000-7fc224000000 ---p 00000000 00:00 0 
7fc224000000-7fc224021000 rwxp 00000000 00:00 0 
7fc224021000-7fc228000000 ---p 00000000 00:00 0 
7fc228000000-7fc228021000 rwxp 00000000 00:00 0 
7fc228021000-7fc22c000000 ---p 00000000 00:00 0 
7fc22c000000-7fc22c021000 rwxp 00000000 00:00 0 
7fc22c021000-7fc230000000 ---p 00000000 00:00 0 
7fc230000000-7fc230021000 rwxp 00000000 00:00 0 
7fc230021000-7fc234000000 ---p 00000000 00:00 0 
7fc234000000-7fc234021000 rwxp 00000000 00:00 0 
7fc234021000-7fc238000000 ---p 00000000 00:00 0 
7fc238000000-7fc238021000 rwxp 00000000 00:00 0 
7fc238021000-7fc23c000000 ---p 00000000 00:00 0 
7fc23c000000-7fc23c021000 rwxp 00000000 00:00 0 
7fc23c021000-7fc240000000 ---p 00000000 00:00 0 
7fc240000000-7fc240021000 rwxp 00000000 00:00 0 
7fc240021000-7fc244000000 ---p 00000000 00:00 0 
7fc244000000-7fc244021000 rwxp 00000000 00:00 0 
7fc244021000-7fc248000000 ---p 00000000 00:00 0 
7fc248000000-7fc248021000 rwxp 00000000 00:00 0 
7fc248021000-7fc24c000000 ---p 00000000 00:00 0 
7fc24c0f1000-7fc24c0f2000 ---p 00000000 00:00 0 
7fc24c0f2000-7fc24c1f2000 rwxp 00000000 00:00 0 
7fc24c1f2000-7fc24c1f3000 ---p 00000000 00:00 0 
7fc24c1f3000-7fc24c2f3000 rwxp 00000000 00:00 0 
7fc24c2f3000-7fc24c2f4000 ---p 00000000 00:00 0 
7fc24c2f4000-7fc24c3f4000 rwxp 00000000 00:00 0 
7fc24c3f4000-7fc24c3f5000 ---p 00000000 00:00 0 
7fc24c3f5000-7fc24c4f5000 rwxp 00000000 00:00 0 
7fc24c4f5000-7fc24c4f6000 ---p 00000000 00:00 0 
7fc24c4f6000-7fc24c5f6000 rwxp 00000000 00:00 0 
7fc24c5f6000-7fc24c5f7000 ---p 00000000 00:00 0 
7fc24c5f7000-7fc24c6f7000 rwxp 00000000 00:00 0 
7fc24c6f7000-7fc24c6f8000 ---p 00000000 00:00 0 
7fc24c6f8000-7fc24c7f8000 rwxp 00000000 00:00 0 
7fc24c7f8000-7fc24c7f9000 ---p 00000000 00:00 0 
7fc24c7f9000-7fc24c8f9000 rwxp 00000000 00:00 0 
7fc24c8f9000-7fc24c8fa000 ---p 00000000 00:00 0 
7fc24c8fa000-7fc24c9fa000 rwxp 00000000 00:00 0 
7fc24c9fa000-7fc24c9fb000 ---p 00000000 00:00 0 
7fc24c9fb000-7fc24cafb000 rwxp 00000000 00:00 0 
7fc24cafb000-7fc24cafc000 ---p 00000000 00:00 0 
7fc24cafc000-7fc24cbfc000 rwxp 00000000 00:00 0 
7fc24cbfc000-7fc24cbfd000 ---p 00000000 00:00 0 
7fc24cbfd000-7fc24ccfd000 rwxp 00000000 00:00 0 
7fc24ccfd000-7fc24ccfe000 ---p 00000000 00:00 0 
7fc24ccfe000-7fc24cdfe000 rwxp 00000000 00:00 0 
7fc24cdfe000-7fc24cdff000 ---p 00000000 00:00 0 
7fc24cdff000-7fc24ceff000 rwxp 00000000 00:00 0 
7fc24ceff000-7fc24cf00000 ---p 00000000 00:00 0 
7fc24cf00000-7fc24d270000 rwxp 00000000 00:00 0 
7fc24d270000-7fc25052e000 rwxp 00000000 00:00 0 
7fc25052e000-7fc254000000 ---p 00000000 00:00 0 
7fc254012000-7fc254013000 ---p 00000000 00:00 0 
7fc254013000-7fc254113000 rwxp 00000000 00:00 0 
7fc254113000-7fc254114000 ---p 00000000 00:00 0 
7fc254114000-7fc254214000 rwxp 00000000 00:00 0 
7fc254214000-7fc254215000 ---p 00000000 00:00 0 
7fc254215000-7fc254315000 rwxp 00000000 00:00 0 
7fc254315000-7fc254316000 ---p 00000000 00:00 0 
7fc254316000-7fc254416000 rwxp 00000000 00:00 0 
7fc254416000-7fc254417000 ---p 00000000 00:00 0 
7fc254417000-7fc254517000 rwxp 00000000 00:00 0 
7fc254517000-7fc254518000 ---p 00000000 00:00 0 
7fc254518000-7fc254618000 rwxp 00000000 00:00 0 
7fc254618000-7fc254619000 ---p 00000000 00:00 0 
7fc254619000-7fc254719000 rwxp 00000000 00:00 0 
7fc254719000-7fc25471a000 ---p 00000000 00:00 0 
7fc25471a000-7fc25481a000 rwxp 00000000 00:00 0 
7fc25481a000-7fc25481b000 ---p 00000000 00:00 0 
7fc25481b000-7fc25491b000 rwxp 00000000 00:00 0 
7fc25491b000-7fc25491c000 ---p 00000000 00:00 0 
7fc25491c000-7fc254a1c000 rwxp 00000000 00:00 0 
7fc254a1c000-7fc254a1d000 ---p 00000000 00:00 0 
7fc254a1d000-7fc254b1d000 rwxp 00000000 00:00 0 
7fc254b1d000-7fc254b1e000 ---p 00000000 00:00 0 
7fc254b1e000-7fc254c1e000 rwxp 00000000 00:00 0 
7fc254c1e000-7fc254c1f000 ---p 00000000 00:00 0 
7fc254c1f000-7fc254d1f000 rwxp 00000000 00:00 0 
7fc254d1f000-7fc254d20000 ---p 00000000 00:00 0 
7fc254d20000-7fc254e20000 rwxp 00000000 00:00 0 
7fc254e20000-7fc254e21000 ---p 00000000 00:00 0 
7fc254e21000-7fc254f21000 rwxp 00000000 00:00 0 
7fc254f21000-7fc254f22000 ---p 00000000 00:00 0 
7fc254f22000-7fc255022000 rwxp 00000000 00:00 0 
7fc255022000-7fc255023000 ---p 00000000 00:00 0 
7fc255023000-7fc255123000 rwxp 00000000 00:00 0 
7fc255123000-7fc255124000 ---p 00000000 00:00 0 
7fc255124000-7fc255224000 rwxp 00000000 00:00 0 
7fc255224000-7fc255225000 ---p 00000000 00:00 0 
7fc255225000-7fc255325000 rwxp 00000000 00:00 0 
7fc255325000-7fc255326000 ---p 00000000 00:00 0 
7fc255326000-7fc255426000 rwxp 00000000 00:00 0 
7fc255426000-7fc255427000 ---p 00000000 00:00 0 
7fc255427000-7fc255527000 rwxp 00000000 00:00 0 
7fc255527000-7fc255528000 ---p 00000000 00:00 0 
7fc255528000-7fc255628000 rwxp 00000000 00:00 0 
7fc255628000-7fc255636000 r-xp 00000000 fd:00 87205417                   /cao/Softs/mentor/ams/JRE/v1.6.0_22/aol/lib/amd64/libzip.so
7fc255636000-7fc255738000 ---p 0000e000 fd:00 87205417                   /cao/Softs/mentor/ams/JRE/v1.6.0_22/aol/lib/amd64/libzip.so
7fc255738000-7fc25573b000 rwxp 00010000 fd:00 87205417                   /cao/Softs/mentor/ams/JRE/v1.6.0_22/aol/lib/amd64/libzip.so
7fc25573b000-7fc25573c000 rwxp 00000000 00:00 0 
7fc25573c000-7fc255748000 r-xp 00000000 fd:00 268516897                  /usr/lib64/libnss_files-2.17.so
7fc255748000-7fc255947000 ---p 0000c000 fd:00 268516897                  /usr/lib64/libnss_files-2.17.so
7fc255947000-7fc255948000 r-xp 0000b000 fd:00 268516897                  /usr/lib64/libnss_files-2.17.so
7fc255948000-7fc255949000 rwxp 0000c000 fd:00 268516897                  /usr/lib64/libnss_files-2.17.so
7fc255949000-7fc25594f000 rwxp 00000000 00:00 0 
7fc25594f000-7fc255956000 r-xp 00000000 fd:00 87205346                   /cao/Softs/mentor/ams/JRE/v1.6.0_22/aol/lib/amd64/native_threads/libhpi.so
7fc255956000-7fc255a57000 ---p 00007000 fd:00 87205346                   /cao/Softs/mentor/ams/JRE/v1.6.0_22/aol/lib/amd64/native_threads/libhpi.so
7fc255a57000-7fc255a59000 rwxp 00008000 fd:00 87205346                   /cao/Softs/mentor/ams/JRE/v1.6.0_22/aol/lib/amd64/native_threads/libhpi.so
7fc255a59000-7fc255a5a000 rwxp 00000000 00:00 0 
7fc255a5a000-7fc255a71000 r-xp 00000000 fd:00 268516889                  /usr/lib64/libnsl-2.17.so
7fc255a71000-7fc255c70000 ---p 00017000 fd:00 268516889                  /usr/lib64/libnsl-2.17.so
7fc255c70000-7fc255c71000 r-xp 00016000 fd:00 268516889                  /usr/lib64/libnsl-2.17.so
7fc255c71000-7fc255c72000 rwxp 00017000 fd:00 268516889                  /usr/lib64/libnsl-2.17.so
7fc255c72000-7fc255c74000 rwxp 00000000 00:00 0 
7fc255c74000-7fc255c9c000 r-xp 00000000 fd:00 87205364                   /cao/Softs/mentor/ams/JRE/v1.6.0_22/aol/lib/amd64/libjava.so
7fc255c9c000-7fc255d9c000 ---p 00028000 fd:00 87205364                   /cao/Softs/mentor/ams/JRE/v1.6.0_22/aol/lib/amd64/libjava.so
7fc255d9c000-7fc255da3000 rwxp 00028000 fd:00 87205364                   /cao/Softs/mentor/ams/JRE/v1.6.0_22/aol/lib/amd64/libjava.so
7fc255da3000-7fc255db0000 r-xp 00000000 fd:00 87205416                   /cao/Softs/mentor/ams/JRE/v1.6.0_22/aol/lib/amd64/libverify.so
7fc255db0000-7fc255eaf000 ---p 0000d000 fd:00 87205416                   /cao/Softs/mentor/ams/JRE/v1.6.0_22/aol/lib/amd64/libverify.so
7fc255eaf000-7fc255eb2000 rwxp 0000c000 fd:00 87205416                   /cao/Softs/mentor/ams/JRE/v1.6.0_22/aol/lib/amd64/libverify.so
7fc255eb2000-7fc255eb9000 r-xp 00000000 fd:00 268516909                  /usr/lib64/librt-2.17.so
7fc255eb9000-7fc2560b8000 ---p 00007000 fd:00 268516909                  /usr/lib64/librt-2.17.so
7fc2560b8000-7fc2560b9000 r-xp 00006000 fd:00 268516909                  /usr/lib64/librt-2.17.so
7fc2560b9000-7fc2560ba000 rwxp 00007000 fd:00 268516909                  /usr/lib64/librt-2.17.so
7fc2560ba000-7fc2560be000 ---p 00000000 00:00 0 
7fc2560be000-7fc2561bb000 rwxp 00000000 00:00 0 
7fc2561bb000-7fc2562bc000 r-xp 00000000 fd:00 268516887                  /usr/lib64/libm-2.17.so
7fc2562bc000-7fc2564bb000 ---p 00101000 fd:00 268516887                  /usr/lib64/libm-2.17.so
7fc2564bb000-7fc2564bc000 r-xp 00100000 fd:00 268516887                  /usr/lib64/libm-2.17.so
7fc2564bc000-7fc2564bd000 rwxp 00101000 fd:00 268516887                  /usr/lib64/libm-2.17.so
7fc2564bd000-7fc256c97000 r-xp 00000000 fd:00 87205348                   /cao/Softs/mentor/ams/JRE/v1.6.0_22/aol/lib/amd64/server/libjvm.so
7fc256c97000-7fc256d99000 ---p 007da000 fd:00 87205348                   /cao/Softs/mentor/ams/JRE/v1.6.0_22/aol/lib/amd64/server/libjvm.so
7fc256d99000-7fc256f2a000 rwxp 007dc000 fd:00 87205348                   /cao/Softs/mentor/ams/JRE/v1.6.0_22/aol/lib/amd64/server/libjvm.so
7fc256f2a000-7fc256f65000 rwxp 00000000 00:00 0 
7fc256f65000-7fc257128000 r-xp 00000000 fd:00 268516879                  /usr/lib64/libc-2.17.so
7fc257128000-7fc257328000 ---p 001c3000 fd:00 268516879                  /usr/lib64/libc-2.17.so
7fc257328000-7fc25732c000 r-xp 001c3000 fd:00 268516879                  /usr/lib64/libc-2.17.so
7fc25732c000-7fc25732e000 rwxp 001c7000 fd:00 268516879                  /usr/lib64/libc-2.17.so
7fc25732e000-7fc257333000 rwxp 00000000 00:00 0 
7fc257333000-7fc257335000 r-xp 00000000 fd:00 268516885                  /usr/lib64/libdl-2.17.so
7fc257335000-7fc257535000 ---p 00002000 fd:00 268516885                  /usr/lib64/libdl-2.17.so
7fc257535000-7fc257536000 r-xp 00002000 fd:00 268516885                  /usr/lib64/libdl-2.17.so
7fc257536000-7fc257537000 rwxp 00003000 fd:00 268516885                  /usr/lib64/libdl-2.17.so
7fc257537000-7fc25754e000 r-xp 00000000 fd:00 268516905                  /usr/lib64/libpthread-2.17.so
7fc25754e000-7fc25774d000 ---p 00017000 fd:00 268516905                  /usr/lib64/libpthread-2.17.so
7fc25774d000-7fc25774e000 r-xp 00016000 fd:00 268516905                  /usr/lib64/libpthread-2.17.so
7fc25774e000-7fc25774f000 rwxp 00017000 fd:00 268516905                  /usr/lib64/libpthread-2.17.so
7fc25774f000-7fc257753000 rwxp 00000000 00:00 0 
7fc257753000-7fc257775000 r-xp 00000000 fd:00 268516872                  /usr/lib64/ld-2.17.so
7fc25779a000-7fc2577a4000 rwxp 00000000 00:00 0 
7fc2577a4000-7fc25785a000 rwxp 00000000 00:00 0 
7fc25785a000-7fc257862000 rwxs 00000000 fd:00 364971565                  /tmp/hsperfdata_filip/91291
7fc257862000-7fc257863000 rwxp 00000000 00:00 0 
7fc257863000-7fc257864000 r-xp 00000000 00:00 0 
7fc257864000-7fc257868000 rwxp 00000000 00:00 0 
7fc257868000-7fc25786f000 r-xp 00000000 fd:00 352390253                  /cao/Softs/mentor/ams/JRE/v1.6.0_22/aol/lib/amd64/jli/libjli.so
7fc25786f000-7fc257970000 ---p 00007000 fd:00 352390253                  /cao/Softs/mentor/ams/JRE/v1.6.0_22/aol/lib/amd64/jli/libjli.so
7fc257970000-7fc257972000 rwxp 00008000 fd:00 352390253                  /cao/Softs/mentor/ams/JRE/v1.6.0_22/aol/lib/amd64/jli/libjli.so
7fc257972000-7fc257974000 rwxp 00000000 00:00 0 
7fc257974000-7fc257975000 r-xp 00021000 fd:00 268516872                  /usr/lib64/ld-2.17.so
7fc257975000-7fc257976000 rwxp 00022000 fd:00 268516872                  /usr/lib64/ld-2.17.so
7fc257976000-7fc257977000 rwxp 00000000 00:00 0 
7fff6c672000-7fff6c698000 rwxp 00000000 00:00 0                          [stack]
7fff6c6ec000-7fff6c6ee000 r-xp 00000000 00:00 0                          [vdso]
ffffffffff600000-ffffffffff601000 r-xp 00000000 00:00 0                  [vsyscall]

VM Arguments:
jvm_args: -DMGC_TMPDIR=/tmp -DAMS_WDBSERVER_INFO=/home/filip/.ezwave/jwdbserver.info -DAMS_WDBSERVER_TIMEOUT=60 -DEZ_HOME=/home/filip -DMGC_AMS_HOME=/cao/Softs/mentor/ams -DAMS_VCO=aol -Djava.library.path=/cao/Softs/mentor/ams/aol/lib/lib -Xrs -Xms32000M -Xmx32000M -XX:MaxPermSize=512m -XX:+UseConcMarkSweepGC -XX:+UseParNewGC -XX:+CMSParallelRemarkEnabled -XX:CMSInitiatingOccupancyFraction=30 -XX:+UseCMSInitiatingOccupancyOnly -XX:-UseGCOverheadLimit -XX:+UseStringCache -XX:+OptimizeStringConcat -XX:+UseCompressedOops 
java_command: /cao/Softs/mentor/ams/aol/lib/wdbserver.jar
Launcher Type: SUN_STANDARD

Environment Variables:
LD_LIBRARY_PATH=/cao/Softs/mentor/ams/JRE/v1.6.0_22/aol/lib/amd64/server:/cao/Softs/mentor/ams/JRE/v1.6.0_22/aol/lib/amd64:/cao/Softs/mentor/ams/JRE/v1.6.0_22/aol/../lib/amd64:/cao/Softs/mentor/ams/devenv_tools/x86_64/2.6.18.128.el5/lib64:/cao/Softs/mentor/ams/devenv_tools/x86_64/2.6.18.128.el5/lib64:/cao/Softs/mentor/ams/devenv_tools/x86_64/2.6.18.128.el5/lib:/cao/Softs/mentor/ams/devenv_tools/x86_64/2.6.18.128.el5/lib:/lib64:/cao/Softs/mentor/ams/modeltech/linux_x86_64:/cao/Softs/mentor/ams/aol/lib:/cao/Softs/cadence/IC617/tools/lib
SHELL=/bin/bash
DISPLAY=:2
HOSTTYPE=x86_64-linux
OSTYPE=linux
MACHTYPE=x86_64

Signal Handlers:
SIGSEGV: [libjvm.so+0x731250], sa_mask[0]=0x7ffbfeff, sa_flags=0x10000004
SIGBUS: [libjvm.so+0x731250], sa_mask[0]=0x7ffbfeff, sa_flags=0x10000004
SIGFPE: [libjvm.so+0x5f5e30], sa_mask[0]=0x7ffbfeff, sa_flags=0x10000004
SIGPIPE: [libjvm.so+0x5f5e30], sa_mask[0]=0x7ffbfeff, sa_flags=0x10000004
SIGXFSZ: [libjvm.so+0x5f5e30], sa_mask[0]=0x7ffbfeff, sa_flags=0x10000004
SIGILL: [libjvm.so+0x5f5e30], sa_mask[0]=0x7ffbfeff, sa_flags=0x10000004
SIGUSR1: SIG_DFL, sa_mask[0]=0x00000000, sa_flags=0x00000000
SIGUSR2: [libjvm.so+0x5f8650], sa_mask[0]=0x00000000, sa_flags=0x10000004
SIGHUP: SIG_DFL, sa_mask[0]=0x00000000, sa_flags=0x00000000
SIGINT: SIG_IGN, sa_mask[0]=0x00000000, sa_flags=0x00000000
SIGTERM: SIG_DFL, sa_mask[0]=0x00000000, sa_flags=0x00000000
SIGQUIT: SIG_DFL, sa_mask[0]=0x00000000, sa_flags=0x00000000


---------------  S Y S T E M  ---------------

OS:CentOS Linux release 7.8.2003 (Core)

uname:Linux 3.10.0-1127.19.1.el7.x86_64 #1 SMP Tue Aug 25 17:23:54 UTC 2020 x86_64
libc:glibc 2.17 NPTL 2.17 
rlimit: STACK 10240k, CORE 0k, NPROC 4096, NOFILE 4096, AS infinity
load average:24.78 19.99 18.96

CPU:total 72 (32 cores per cpu, 2 threads per core) family 6 model 85 stepping 7, cmov, cx8, fxsr, mmx, sse, sse2, sse3, ssse3, sse4.1, sse4.2, popcnt, ht

Memory: 4k page, physical 97402164k(319252k free), swap 4194300k(539832k free)

vm_info: Java HotSpot(TM) 64-Bit Server VM (17.1-b03) for linux-amd64 JRE (1.6.0_22-b04), built on Sep 15 2010 01:07:59 by "java_re" with gcc 3.2.2 (SuSE Linux)

time: Thu Aug 14 17:01:30 2025
elapsed time: 0 seconds

